Machine state will be reset. To keep it, pass --keep-vm-state
start all VLans
start vlan
running vlan (pid 6; ctl /build/vde1.ctl)
(finished: start all VLans, in 0.00 seconds)
Test will time out and terminate in 3600 seconds
run the VM test script
additionally exposed symbols:
    machine,
    vlan1,
    start_all, test_script, machines, vlans, driver, log, os, create_machine, subtest, run_tests, join_all, retry, serial_stdout_off, serial_stdout_on, polling_condition, Machine
machine: waiting for unit multi-user.target
machine: waiting for the VM to finish booting
machine: starting vm
mke2fs 1.47.0 (5-Feb-2023)
machine: QEMU running (pid 8)
machine # Disk image do not exist, creating the virtualisation disk image...
machine # Formatting '/build/vm-state-machine/tmp.PJ5xABSAap', fmt=raw size=1073741824
machine # Discarding device blocks:      0/26214            done
machine # Creating filesystem with 262144 4k blocks and 65536 inodes
machine # Filesystem UUID: f8b49d76-dce4-4111-8946-dc5274eeee04
machine # Superblock backups stored on blocks:
machine # 	32768, 98304, 163840, 229376
machine # 
machine # Allocating group tables: 0/  done
machine # Writing inode tables: 0/  done
machine # Creating journal (8192 blocks): done
machine # Writing superblocks and filesystem accounting information: 0/  done
machine # 
machine # Virtualisation disk image created.
machine # cSeaBIOS (version rel-1.16.3-0-ga6ed6b701f0a-prebuilt.qemu.org)
machine # 
machine # 
machine # iPXE (http://ipxe.org) 00:03.0 CA00 PCI2.10 PnP PMM+BEFD0AF0+BEF30AF0 CA00
machine # Press Ctrl-B to configure iPXE (PCI 00:03.0)...
machine # 
machine # 
machine # 
machine # 
machine # iPXE (http://ipxe.org) 00:09.0 CB00 PCI2.10 PnP PMM BEFD0AF0 BEF30AF0 CB00
machine # Press Ctrl-B to configure iPXE (PCI 00:09.0)...
machine # 
machine # 
machine # Booting from ROM...
machine: Guest root shell did not produce any data yet...
machine:   To debug, enter the VM and run 'systemctl status backdoor.service'.
machine # Probing EDD (edd=off to disable)... ock[    0.000000] Linux version 6.14.0-rc6 (nixbld@localhost) (gcc (GCC) 13.2.0, GNU ld (GNU Binutils) 2.41) #1-NixOS SMP PREEMPT_DYNAMIC Tue Jan  1 00:00:00 UTC 1980
machine # [    0.000000] Command line: console=ttyS0 panic=1 boot.panic_on_fail clocksource=acpi_pm loglevel=7 net.ifnames=0 init=/nix/store/021h7zb7g25rggmdba9z7xq2lzdn3slg-nixos-system-machine-test/init regInfo=/nix/store/kkdyjs81svnrdm64pa401kawf9r27nbk-closure-info/registration console=ttyS0
machine # [    0.000000] BIOS-provided physical RAM map:
machine # [    0.000000] BIOS-e820: [mem 0x0000000000000000-0x000000000009fbff] usable
machine # [    0.000000] BIOS-e820: [mem 0x000000000009fc00-0x000000000009ffff] reserved
machine # [    0.000000] BIOS-e820: [mem 0x00000000000f0000-0x00000000000fffff] reserved
machine # [    0.000000] BIOS-e820: [mem 0x0000000000100000-0x00000000bffdafff] usable
machine # [    0.000000] BIOS-e820: [mem 0x00000000bffdb000-0x00000000bfffffff] reserved
machine # [    0.000000] BIOS-e820: [mem 0x00000000feffc000-0x00000000feffffff] reserved
machine # [    0.000000] BIOS-e820: [mem 0x00000000fffc0000-0x00000000ffffffff] reserved
machine # [    0.000000] BIOS-e820: [mem 0x0000000100000000-0x000000043fffffff] usable
machine # [    0.000000] BIOS-e820: [mem 0x000000fd00000000-0x000000ffffffffff] reserved
machine # [    0.000000] NX (Execute Disable) protection: active
machine # [    0.000000] APIC: Static calls initialized
machine # [    0.000000] SMBIOS 3.0.0 present.
machine # [    0.000000] DMI: QEMU Standard PC (i440FX + PIIX, 1996), BIOS rel-1.16.3-0-ga6ed6b701f0a-prebuilt.qemu.org 04/01/2014
machine # [    0.000000] DMI: Memory slots populated: 1/1
machine # [    0.000000] Hypervisor detected: KVM
machine # [    0.000000] kvm-clock: Using msrs 4b564d01 and 4b564d00
machine # [    0.000000] kvm-clock: using sched offset of 6052860889 cycles
machine # [    0.000005] clocksource: kvm-clock: mask: 0xffffffffffffffff max_cycles: 0x1cd42e4dffb, max_idle_ns: 881590591483 ns
machine # [    0.000032] tsc: Detected 3000.004 MHz processor
machine # [    0.001028] last_pfn = 0x440000 max_arch_pfn = 0x400000000
machine # [    0.001074] MTRR map: 4 entries (3 fixed + 1 variable; max 19), built from 8 variable MTRRs
machine # [    0.001083] x86/PAT: Configuration [0-7]: WB  WC  UC- UC  WB  WP  UC- WT
machine # [    0.001152] last_pfn = 0xbffdb max_arch_pfn = 0x400000000
machine # [    0.003657] found SMP MP-table at [mem 0x000f5430-0x000f543f]
machine # [    0.003693] Using GB pages for direct mapping
machine # [    0.003853] RAMDISK: [mem 0xbf469000-0xbffcffff]
machine # [    0.003869] ACPI: Early table checksum verification disabled
machine # [    0.003887] ACPI: RSDP 0x00000000000F5220 000014 (v00 BOCHS )
machine # [    0.003898] ACPI: RSDT 0x00000000BFFE2844 000034 (v01 BOCHS  BXPC     00000001 BXPC 00000001)
machine # [    0.003903] ACPI: FACP 0x00000000BFFE2600 000074 (v01 BOCHS  BXPC     00000001 BXPC 00000001)
machine # [    0.003913] ACPI: DSDT 0x00000000BFFE0040 0025C0 (v01 BOCHS  BXPC     00000001 BXPC 00000001)
machine # [    0.003916] ACPI: FACS 0x00000000BFFE0000 000040
machine # [    0.003918] ACPI: APIC 0x00000000BFFE2674 000170 (v03 BOCHS  BXPC     00000001 BXPC 00000001)
machine # [    0.003921] ACPI: HPET 0x00000000BFFE27E4 000038 (v01 BOCHS  BXPC     00000001 BXPC 00000001)
machine # [    0.003923] ACPI: WAET 0x00000000BFFE281C 000028 (v01 BOCHS  BXPC     00000001 BXPC 00000001)
machine # [    0.003925] ACPI: Reserving FACP table memory at [mem 0xbffe2600-0xbffe2673]
machine # [    0.003927] ACPI: Reserving DSDT table memory at [mem 0xbffe0040-0xbffe25ff]
machine # [    0.003927] ACPI: Reserving FACS table memory at [mem 0xbffe0000-0xbffe003f]
machine # [    0.003928] ACPI: Reserving APIC table memory at [mem 0xbffe2674-0xbffe27e3]
machine # [    0.003929] ACPI: Reserving HPET table memory at [mem 0xbffe27e4-0xbffe281b]
machine # [    0.003943] ACPI: Reserving WAET table memory at [mem 0xbffe281c-0xbffe2843]
machine # [    0.004316] No NUMA configuration found
machine # [    0.004317] Faking a node at [mem 0x0000000000000000-0x000000043fffffff]
machine # [    0.004322] NODE_DATA(0) allocated [mem 0x43fffaac0-0x43fffffff]
machine # [    0.204776] Zone ranges:
machine # [    0.204790]   DMA      [mem 0x0000000000001000-0x0000000000ffffff]
machine # [    0.204794]   DMA32    [mem 0x0000000001000000-0x00000000ffffffff]
machine # [    0.204797]   Normal   [mem 0x0000000100000000-0x000000043fffffff]
machine # [    0.204798]   Device   empty
machine # [    0.204800] Movable zone start for each node
machine # [    0.204801] Early memory node ranges
machine # [    0.204802]   node   0: [mem 0x0000000000001000-0x000000000009efff]
machine # [    0.204805]   node   0: [mem 0x0000000000100000-0x00000000bffdafff]
machine # [    0.204806]   node   0: [mem 0x0000000100000000-0x000000043fffffff]
machine # [    0.204808] Initmem setup node 0 [mem 0x0000000000001000-0x000000043fffffff]
machine # [    0.434825] On node 0, zone DMA: 1 pages in unavailable ranges
machine # [    0.435146] On node 0, zone DMA: 97 pages in unavailable ranges
machine # [   35.714728] On node 0, zone Normal: 37 pages in unavailable ranges
machine # [   35.715617] ACPI: PM-Timer IO Port: 0x608
machine # [   35.715660] ACPI: LAPIC_NMI (acpi_id[0xff] dfl dfl lint[0x1])
machine # [   35.715727] IOAPIC[0]: apic_id 0, version 17, address 0xfec00000, GSI 0-23
machine # [   35.715731] ACPI: INT_SRC_OVR (bus 0 bus_irq 0 global_irq 2 dfl dfl)
machine # [   35.715733] ACPI: INT_SRC_OVR (bus 0 bus_irq 5 global_irq 5 high level)
machine # [   35.715743] ACPI: INT_SRC_OVR (bus 0 bus_irq 9 global_irq 9 high level)
machine # [   35.715744] ACPI: INT_SRC_OVR (bus 0 bus_irq 10 global_irq 10 high level)
machine # [   35.715745] ACPI: INT_SRC_OVR (bus 0 bus_irq 11 global_irq 11 high level)
machine # [   35.715749] ACPI: Using ACPI (MADT) for SMP configuration information
machine # [   35.715751] ACPI: HPET id: 0x8086a201 base: 0xfed00000
machine # [   35.715777] TSC deadline timer available
machine # [   35.715783] CPU topo: Max. logical packages:   1
machine # [   35.715790] CPU topo: Max. logical dies:       1
machine # [   35.715791] CPU topo: Max. dies per package:   1
machine # [   35.715797] CPU topo: Max. threads per core:   1
machine # [   35.715798] CPU topo: Num. cores per package:    32
machine # [   35.715799] CPU topo: Num. threads per package:  32
machine # [   35.715799] CPU topo: Allowing 32 present CPUs plus 0 hotplug CPUs
machine # [   35.715852] kvm-guest: APIC: eoi() replaced with kvm_guest_apic_eoi_write()
machine # [   35.715960] kvm-guest: KVM setup pv remote TLB flush
machine # [   35.715966] kvm-guest: setup PV sched yield
machine # [   35.715990] PM: hibernation: Registered nosave memory: [mem 0x00000000-0x00000fff]
machine # [   35.715993] PM: hibernation: Registered nosave memory: [mem 0x0009f000-0x0009ffff]
machine # [   35.715994] PM: hibernation: Registered nosave memory: [mem 0x000a0000-0x000effff]
machine # [   35.715995] PM: hibernation: Registered nosave memory: [mem 0x000f0000-0x000fffff]
machine # [   35.715996] PM: hibernation: Registered nosave memory: [mem 0xbffdb000-0xbfffffff]
machine # [   35.715997] PM: hibernation: Registered nosave memory: [mem 0xc0000000-0xfeffbfff]
machine # [   35.715998] PM: hibernation: Registered nosave memory: [mem 0xfeffc000-0xfeffffff]
machine # [   35.716003] PM: hibernation: Registered nosave memory: [mem 0xff000000-0xfffbffff]
machine # [   35.716004] PM: hibernation: Registered nosave memory: [mem 0xfffc0000-0xffffffff]
machine # [   35.716006] [mem 0xc0000000-0xfeffbfff] available for PCI devices
machine # [   35.716013] Booting paravirtualized kernel on KVM
machine # [   35.716020] clocksource: refined-jiffies: mask: 0xffffffff max_cycles: 0xffffffff, max_idle_ns: 1910969940391419 ns
machine # [   35.722333] setup_percpu: NR_CPUS:384 nr_cpumask_bits:32 nr_cpu_ids:32 nr_node_ids:1
machine # [   37.493323] percpu: Embedded 87 pages/cpu s233472 r8192 d114688 u524288
machine # [   37.493440] kvm-guest: PV spinlocks enabled
machine # [   37.493443] PV qspinlock hash table entries: 256 (order: 0, 4096 bytes, linear)
machine # [   37.493447] Kernel command line: console=ttyS0 panic=1 boot.panic_on_fail clocksource=acpi_pm loglevel=7 net.ifnames=0 init=/nix/store/021h7zb7g25rggmdba9z7xq2lzdn3slg-nixos-system-machine-test/init regInfo=/nix/store/kkdyjs81svnrdm64pa401kawf9r27nbk-closure-info/registration console=ttyS0
machine # [   37.493936] Unknown kernel command line parameters "regInfo=/nix/store/kkdyjs81svnrdm64pa401kawf9r27nbk-closure-info/registration", will be passed to user space.
machine # [   37.493983] random: crng init done
machine # [   37.493984] printk: log buffer data + meta data: 262144 + 917504 = 1179648 bytes
machine # [   39.142089] Dentry cache hash table entries: 2097152 (order: 12, 16777216 bytes, linear)
machine # [   40.770157] Inode-cache hash table entries: 1048576 (order: 11, 8388608 bytes, linear)
machine # [   40.771264] software IO TLB: area num 32.
machine # [   48.626612] Fallback order for Node 0: 0
machine # [   48.626697] Built 1 zonelists, mobility grouping on.  Total pages: 4194169
machine # [   48.626705] Policy zone: Normal
machine # [   48.815034] mem auto-init: stack:all(zero), heap alloc:off, heap free:off
machine # [   49.098839] SLUB: HWalign=64, Order=0-3, MinObjects=0, CPUs=32, Nodes=1
machine # [   49.099351] ftrace: allocating 45416 entries in 178 pages
machine # [   49.124592] ftrace: allocated 178 pages with 4 groups
machine # [   49.126329] Dynamic Preempt: voluntary
machine # [   49.538367] rcu: Preemptible hierarchical RCU implementation.
machine # [   49.538371] rcu: 	RCU event tracing is enabled.
machine # [   49.538372] rcu: 	RCU restricting CPUs from NR_CPUS=384 to nr_cpu_ids=32.
machine # [   49.538375] 	Trampoline variant of Tasks RCU enabled.
machine # [   49.538376] 	Rude variant of Tasks RCU enabled.
machine # [   49.538376] 	Tracing variant of Tasks RCU enabled.
machine # [   49.538377] rcu: RCU calculated value of scheduler-enlistment delay is 100 jiffies.
machine # [   49.538378] rcu: Adjusting geometry for rcu_fanout_leaf=16, nr_cpu_ids=32
machine # [   49.538475] RCU Tasks: Setting shift to 5 and lim to 1 rcu_task_cb_adjust=1 rcu_task_cpu_ids=32.
machine # [   49.538481] RCU Tasks Rude: Setting shift to 5 and lim to 1 rcu_task_cb_adjust=1 rcu_task_cpu_ids=32.
machine # [   49.538486] RCU Tasks Trace: Setting shift to 5 and lim to 1 rcu_task_cb_adjust=1 rcu_task_cpu_ids=32.
machine # [   49.550100] NR_IRQS: 24832, nr_irqs: 680, preallocated irqs: 16
machine # [   49.550948] rcu: srcu_init: Setting srcu_struct sizes based on contention.
machine # [   49.551265] kfence: initialized - using 2097152 bytes for 255 objects at 0x(____ptrval____)-0x(____ptrval____)
machine # [   49.559906] Console: colour VGA+ 80x25
machine # [   49.559982] printk: legacy console [ttyS0] enabled
machine # [   49.753954] ACPI: Core revision 20240827
machine # [   49.755098] clocksource: hpet: mask: 0xffffffff max_cycles: 0xffffffff, max_idle_ns: 19112604467 ns
machine # [   49.757229] APIC: Switch to symmetric I/O mode setup
machine # [   49.758690] x2apic enabled
machine # [   49.759709] APIC: Switched APIC routing to: physical x2apic
machine # [   49.761056] kvm-guest: APIC: send_IPI_mask() replaced with kvm_send_ipi_mask()
machine # [   49.762805] kvm-guest: APIC: send_IPI_mask_allbutself() replaced with kvm_send_ipi_mask_allbutself()
machine # [   49.764701] kvm-guest: setup PV IPIs
machine # [   49.766835] ..TIMER: vector=0x30 apic1=0 pin1=2 apic2=-1 pin2=-1
machine # [   49.768300] clocksource: tsc-early: mask: 0xffffffffffffffff max_cycles: 0x2b3e4942f25, max_idle_ns: 440795326592 ns
machine # [   49.770730] Calibrating delay loop (skipped) preset value.. 6000.00 BogoMIPS (lpj=3000004)
machine # [   49.771842] x86/cpu: User Mode Instruction Prevention (UMIP) activated
machine # [   49.772847] Last level iTLB entries: 4KB 512, 2MB 255, 4MB 127
machine # [   49.773728] Last level dTLB entries: 4KB 512, 2MB 255, 4MB 127, 1GB 0
machine # [   49.774737] Spectre V1 : Mitigation: usercopy/swapgs barriers and __user pointer sanitization
machine # [   49.775730] Spectre V2 : Mitigation: Retpolines
machine # [   49.776728] Spectre V2 : Spectre v2 / SpectreRSB mitigation: Filling RSB on context switch
machine # [   49.777728] Spectre V2 : Spectre v2 / SpectreRSB : Filling RSB on VMEXIT
machine # [   49.778728] Spectre V2 : Enabling Speculation Barrier for firmware calls
machine # [   49.779729] RETBleed: Mitigation: untrained return thunk
machine # [   49.781731] Spectre V2 : mitigation: Enabling conditional Indirect Branch Prediction Barrier
machine # [   49.782729] Speculative Store Bypass: Mitigation: Speculative Store Bypass disabled via prctl
machine # [   49.783729] Speculative Return Stack Overflow: IBPB-extending microcode not applied!
machine # [   49.784728] Speculative Return Stack Overflow: WARNING: See https://kernel.org/doc/html/latest/admin-guide/hw-vuln/srso.html for mitigation options.
machine # [   49.784729] Speculative Return Stack Overflow: Vulnerable: Safe RET, no microcode
machine # [   49.787740] x86/fpu: Supporting XSAVE feature 0x001: 'x87 floating point registers'
machine # [   49.788728] x86/fpu: Supporting XSAVE feature 0x002: 'SSE registers'
machine # [   49.789728] x86/fpu: Supporting XSAVE feature 0x004: 'AVX registers'
machine # [   49.790729] x86/fpu: xstate_offset[2]:  576, xstate_sizes[2]:  256
machine # [   49.791728] x86/fpu: Enabled xstate features 0x7, context size is 832 bytes, using 'compacted' format.
machine # [   49.829338] Freeing SMP alternatives memory: 40K
machine # [   49.829727] pid_max: default: 32768 minimum: 301
machine # [   49.830837] LSM: initializing lsm=capability,landlock,yama,selinux,bpf
machine # [   49.831886] landlock: Up and running.
machine # [   49.832729] Yama: becoming mindful.
machine # [   49.833741] SELinux:  Initializing.
machine # [   49.835302] LSM support for eBPF active
machine # [   49.837946] Mount-cache hash table entries: 32768 (order: 6, 262144 bytes, linear)
machine # [   49.840096] Mountpoint-cache hash table entries: 32768 (order: 6, 262144 bytes, linear)
machine # [   49.845031] smpboot: CPU0: AMD EPYC 7302 16-Core Processor (family: 0x17, model: 0x31, stepping: 0x0)
machine # [   49.846835] Performance Events: Fam17h+ core perfctr, AMD PMU driver.
machine # [   49.847738] ... version:                0
machine # [   49.848608] ... bit width:              48
machine # [   49.848734] ... generic registers:      6
machine # [   49.849581] ... value mask:             0000ffffffffffff
machine # [   49.849733] ... max period:             00007fffffffffff
machine # [   49.850733] ... fixed-purpose events:   0
machine # [   49.851587] ... event mask:             000000000000003f
machine # [   49.852008] signal: max sigframe size: 1776
machine # [   49.852827] rcu: Hierarchical SRCU implementation.
machine # [   49.853733] rcu: 	Max phase no-delay instances is 400.
machine # [   49.854950] Timer migration: 2 hierarchy levels; 8 children per group; 2 crossnode level
machine # [   49.865916] smp: Bringing up secondary CPUs ...
machine # [   49.868233] smpboot: x86: Booting SMP configuration:
machine # [   49.868738] .... node  #0, CPUs:        #1  #2  #3  #4  #5  #6  #7  #8  #9 #10 #11 #12 #13 #14 #15 #16 #17 #18 #19 #20 #21 #22 #23 #24 #25 #26 #27 #28 #29 #30 #31
machine # [   49.930746] smp: Brought up 1 node, 32 CPUs
machine # [   49.932736] smpboot: Total of 32 processors activated (192000.25 BogoMIPS)
machine # [   49.935956] Memory: 16338940K/16776676K available (15096K kernel code, 2485K rwdata, 11888K rodata, 3344K init, 3868K bss, 422176K reserved, 0K cma-reserved)
machine # [   49.939190] devtmpfs: initialized
machine # [   49.940057] x86/mm: Memory block size: 128MB
machine # [   49.947142] clocksource: jiffies: mask: 0xffffffff max_cycles: 0xffffffff, max_idle_ns: 1911260446275000 ns
machine # [   49.947745] futex hash table entries: 8192 (order: 7, 524288 bytes, linear)
machine # [   49.949683] pinctrl core: initialized pinctrl subsystem
machine # [   49.950237] PM: RTC time: 12:45:58, date: 2026-02-26
machine # [   49.957046] NET: Registered PF_NETLINK/PF_ROUTE protocol family
machine # [   49.958109] DMA: preallocated 2048 KiB GFP_KERNEL pool for atomic allocations
machine # [   49.958746] DMA: preallocated 2048 KiB GFP_KERNEL|GFP_DMA pool for atomic allocations
machine # [   49.959741] DMA: preallocated 2048 KiB GFP_KERNEL|GFP_DMA32 pool for atomic allocations
machine # [   49.960756] audit: initializing netlink subsys (disabled)
machine # [   49.961915] audit: type=2000 audit(1772109955.853:1): state=initialized audit_enabled=0 res=1
machine # [   49.962170] thermal_sys: Registered thermal governor 'bang_bang'
machine # [   49.962737] thermal_sys: Registered thermal governor 'step_wise'
machine # [   49.963777] cpuidle: using governor menu
machine # [   49.971685] acpiphp: ACPI Hot Plug PCI Controller Driver version: 0.5
machine # [   49.972319] PCI: Using configuration type 1 for base access
machine # [   49.972732] PCI: Using configuration type 1 for extended access
machine # [   49.974331] kprobes: kprobe jump-optimization is enabled. All kprobes are optimized if possible.
machine # [   50.374056] HugeTLB: allocation took 0ms with hugepage_allocation_threads=8
machine # [   50.375987] HugeTLB: registered 1.00 GiB page size, pre-allocated 0 pages
machine # [   50.378734] HugeTLB: 16380 KiB vmemmap can be freed for a 1.00 GiB page
machine # [   50.380735] HugeTLB: registered 2.00 MiB page size, pre-allocated 0 pages
machine # [   50.382733] HugeTLB: 28 KiB vmemmap can be freed for a 2.00 MiB page
machine # [   50.388572] ACPI: Added _OSI(Module Device)
machine # [   50.390740] ACPI: Added _OSI(Processor Device)
machine # [   50.392740] ACPI: Added _OSI(3.0 _SCP Extensions)
machine # [   50.394740] ACPI: Added _OSI(Processor Aggregator Device)
machine # [   50.591867] ACPI: 1 ACPI AML tables successfully acquired and loaded
machine # [   50.597876] ACPI: Interpreter enabled
machine # [   50.599883] ACPI: PM: (supports S0 S3 S4 S5)
machine # [   50.602744] ACPI: Using IOAPIC for interrupt routing
machine # [   50.605004] PCI: Using host bridge windows from ACPI; if necessary, use "pci=nocrs" and report a bug
machine # [   50.608734] PCI: Using E820 reservations for host bridge windows
machine # [   50.610019] ACPI: Enabled 2 GPEs in block 00 to 0F
machine # [   50.806082] ACPI: PCI Root Bridge [PCI0] (domain 0000 [bus 00-ff])
machine # [   50.807743] acpi PNP0A03:00: _OSC: OS supports [ExtendedConfig ASPM ClockPM Segments MSI HPX-Type3]
machine # [   50.811444] acpiphp: Slot [3] registered
machine # [   50.812771] acpiphp: Slot [4] registered
machine # [   50.813777] acpiphp: Slot [5] registered
machine # [   50.814759] acpiphp: Slot [6] registered
machine # [   50.815646] acpiphp: Slot [7] registered
machine # [   50.816756] acpiphp: Slot [8] registered
machine: Guest root shell did not produce any data yet...
machine:   To debug, enter the VM and run 'systemctl status backdoor.service'.
machine # [   50.817647] acpiphp: Slot [9] registered
machine # [   50.825884] acpiphp: Slot [10] registered
machine # [   50.827811] acpiphp: Slot [11] registered
machine # [   50.829817] acpiphp: Slot [12] registered
machine # [   50.831886] acpiphp: Slot [13] registered
machine # [   50.833867] acpiphp: Slot [14] registered
machine # [   50.834764] acpiphp: Slot [15] registered
machine # [   50.835692] acpiphp: Slot [16] registered
machine # [   50.836778] acpiphp: Slot [17] registered
machine # [   50.837711] acpiphp: Slot [18] registered
machine # [   50.838765] acpiphp: Slot [19] registered
machine # [   50.839717] acpiphp: Slot [20] registered
machine # [   50.840769] acpiphp: Slot [21] registered
machine # [   50.841707] acpiphp: Slot [22] registered
machine # [   50.842765] acpiphp: Slot [23] registered
machine # [   50.843691] acpiphp: Slot [24] registered
machine # [   50.844765] acpiphp: Slot [25] registered
machine # [   50.845696] acpiphp: Slot [26] registered
machine # [   50.845764] acpiphp: Slot [27] registered
machine # [   50.846693] acpiphp: Slot [28] registered
machine # [   50.847765] acpiphp: Slot [29] registered
machine # [   50.848784] acpiphp: Slot [30] registered
machine # [   50.849704] acpiphp: Slot [31] registered
machine # [   50.850789] PCI host bridge to bus 0000:00
machine # [   50.851700] pci_bus 0000:00: root bus resource [io  0x0000-0x0cf7 window]
machine # [   50.853734] pci_bus 0000:00: root bus resource [io  0x0d00-0xffff window]
machine # [   50.854735] pci_bus 0000:00: root bus resource [mem 0x000a0000-0x000bffff window]
machine # [   50.856734] pci_bus 0000:00: root bus resource [mem 0xc0000000-0xfebfffff window]
machine # [   50.857734] pci_bus 0000:00: root bus resource [mem 0x380000000000-0x38007fffffff window]
machine # [   50.859736] pci_bus 0000:00: root bus resource [bus 00-ff]
machine # [   50.861023] pci 0000:00:00.0: [8086:1237] type 00 class 0x060000 conventional PCI endpoint
machine # [   50.863523] pci 0000:00:01.0: [8086:7000] type 00 class 0x060100 conventional PCI endpoint
machine # [   50.866398] pci 0000:00:01.1: [8086:7010] type 00 class 0x010180 conventional PCI endpoint
machine # [   50.869425] pci 0000:00:01.1: BAR 4 [io  0xc1e0-0xc1ef]
machine # [   50.870787] pci 0000:00:01.1: BAR 0 [io  0x01f0-0x01f7]: legacy IDE quirk
machine # [   50.872734] pci 0000:00:01.1: BAR 1 [io  0x03f6]: legacy IDE quirk
machine # [   50.873734] pci 0000:00:01.1: BAR 2 [io  0x0170-0x0177]: legacy IDE quirk
machine # [   50.874734] pci 0000:00:01.1: BAR 3 [io  0x0376]: legacy IDE quirk
machine # [   50.876971] pci 0000:00:01.2: [8086:7020] type 00 class 0x0c0300 conventional PCI endpoint
machine # [   50.879778] pci 0000:00:01.2: BAR 4 [io  0xc100-0xc11f]
machine # [   50.881718] pci 0000:00:01.3: [8086:7113] type 00 class 0x068000 conventional PCI endpoint
machine # [   50.884259] pci 0000:00:01.3: quirk: [io  0x0600-0x063f] claimed by PIIX4 ACPI
machine # [   50.885744] pci 0000:00:01.3: quirk: [io  0x0700-0x070f] claimed by PIIX4 SMB
machine # [   50.888067] pci 0000:00:02.0: [1234:1111] type 00 class 0x030000 conventional PCI endpoint
machine # [   50.892801] pci 0000:00:02.0: BAR 0 [mem 0xfd000000-0xfdffffff pref]
machine # [   50.894753] pci 0000:00:02.0: BAR 2 [mem 0xfebd0000-0xfebd0fff]
machine # [   50.895768] pci 0000:00:02.0: ROM [mem 0xfebc0000-0xfebcffff pref]
machine # [   50.896945] pci 0000:00:02.0: Video device with shadowed ROM at [mem 0x000c0000-0x000dffff]
machine # [   50.899542] pci 0000:00:03.0: [1af4:1000] type 00 class 0x020000 conventional PCI endpoint
machine # [   50.904745] pci 0000:00:03.0: BAR 0 [io  0xc120-0xc13f]
machine # [   50.905743] pci 0000:00:03.0: BAR 1 [mem 0xfebd1000-0xfebd1fff]
machine # [   50.906779] pci 0000:00:03.0: BAR 4 [mem 0x380000000000-0x380000003fff 64bit pref]
machine # [   50.908743] pci 0000:00:03.0: ROM [mem 0xfeb40000-0xfeb7ffff pref]
machine # [   50.912409] pci 0000:00:04.0: [1af4:1005] type 00 class 0x00ff00 conventional PCI endpoint
machine # [   50.915642] pci 0000:00:04.0: BAR 0 [io  0xc140-0xc15f]
machine # [   50.917747] pci 0000:00:04.0: BAR 1 [mem 0xfebd2000-0xfebd2fff]
machine # [   50.918768] pci 0000:00:04.0: BAR 4 [mem 0x380000004000-0x380000007fff 64bit pref]
machine # [   50.921252] pci 0000:00:05.0: [1af4:1009] type 00 class 0x000200 conventional PCI endpoint
machine # [   50.926745] pci 0000:00:05.0: BAR 0 [io  0xc080-0xc0bf]
machine # [   50.927744] pci 0000:00:05.0: BAR 1 [mem 0xfebd3000-0xfebd3fff]
machine # [   50.928766] pci 0000:00:05.0: BAR 4 [mem 0x380000008000-0x38000000bfff 64bit pref]
machine # [   50.933147] pci 0000:00:06.0: [1af4:1009] type 00 class 0x000200 conventional PCI endpoint
machine # [   50.936743] pci 0000:00:06.0: BAR 0 [io  0xc160-0xc17f]
machine # [   50.937741] pci 0000:00:06.0: BAR 1 [mem 0xfebd4000-0xfebd4fff]
machine # [   50.938769] pci 0000:00:06.0: BAR 4 [mem 0x38000000c000-0x38000000ffff 64bit pref]
machine # [   50.942174] pci 0000:00:07.0: [1af4:1009] type 00 class 0x000200 conventional PCI endpoint
machine # [   50.946438] pci 0000:00:07.0: BAR 0 [io  0xc180-0xc19f]
machine # [   50.947742] pci 0000:00:07.0: BAR 1 [mem 0xfebd5000-0xfebd5fff]
machine # [   50.948765] pci 0000:00:07.0: BAR 4 [mem 0x380000010000-0x380000013fff 64bit pref]
machine # [   50.952138] pci 0000:00:08.0: [1af4:1001] type 00 class 0x010000 conventional PCI endpoint
machine # [   50.958748] pci 0000:00:08.0: BAR 0 [io  0xc000-0xc07f]
machine # [   50.959744] pci 0000:00:08.0: BAR 1 [mem 0xfebd6000-0xfebd6fff]
machine # [   50.960769] pci 0000:00:08.0: BAR 4 [mem 0x380000014000-0x380000017fff 64bit pref]
machine # [   50.965670] pci 0000:00:09.0: [1af4:1000] type 00 class 0x020000 conventional PCI endpoint
machine # [   50.969752] pci 0000:00:09.0: BAR 0 [io  0xc1a0-0xc1bf]
machine # [   50.971751] pci 0000:00:09.0: BAR 1 [mem 0xfebd7000-0xfebd7fff]
machine # [   50.973784] pci 0000:00:09.0: BAR 4 [mem 0x380000018000-0x38000001bfff 64bit pref]
machine # [   50.975744] pci 0000:00:09.0: ROM [mem 0xfeb80000-0xfebbffff pref]
machine # [   50.979188] pci 0000:00:0a.0: [1af4:1052] type 00 class 0x090000 conventional PCI endpoint
machine # [   50.981754] pci 0000:00:0a.0: BAR 1 [mem 0xfebd8000-0xfebd8fff]
machine # [   50.982768] pci 0000:00:0a.0: BAR 4 [mem 0x38000001c000-0x38000001ffff 64bit pref]
machine # [   50.986187] pci 0000:00:0b.0: [1af4:1003] type 00 class 0x078000 conventional PCI endpoint
machine # [   50.989525] pci 0000:00:0b.0: BAR 0 [io  0xc0c0-0xc0ff]
machine # [   50.990744] pci 0000:00:0b.0: BAR 1 [mem 0xfebd9000-0xfebd9fff]
machine # [   50.992778] pci 0000:00:0b.0: BAR 4 [mem 0x380000020000-0x380000023fff 64bit pref]
machine # [   50.996314] pci 0000:00:0c.0: [1af4:1005] type 00 class 0x00ff00 conventional PCI endpoint
machine # [   50.999746] pci 0000:00:0c.0: BAR 0 [io  0xc1c0-0xc1df]
machine # [   51.000744] pci 0000:00:0c.0: BAR 1 [mem 0xfebda000-0xfebdafff]
machine # [   51.002779] pci 0000:00:0c.0: BAR 4 [mem 0x380000024000-0x380000027fff 64bit pref]
machine # [   51.005953] ACPI: PCI: Interrupt link LNKA configured for IRQ 10
machine # [   51.007933] ACPI: PCI: Interrupt link LNKB configured for IRQ 10
machine # [   51.008907] ACPI: PCI: Interrupt link LNKC configured for IRQ 11
machine # [   51.010929] ACPI: PCI: Interrupt link LNKD configured for IRQ 11
machine # [   51.011848] ACPI: PCI: Interrupt link LNKS configured for IRQ 9
machine # [   51.193259] iommu: Default domain type: Translated
machine # [   51.194734] iommu: DMA domain TLB invalidation policy: lazy mode
machine # [   51.196147] ACPI: bus type USB registered
machine # [   51.196826] usbcore: registered new interface driver usbfs
machine # [   51.197762] usbcore: registered new interface driver hub
machine # [   51.200154] usbcore: registered new device driver usb
machine # [   51.203279] NetLabel: Initializing
machine # [   51.203733] NetLabel:  domain hash size = 128
machine # [   51.204716] NetLabel:  protocols = UNLABELED CIPSOv4 CALIPSO
machine # [   51.206929] NetLabel:  unlabeled traffic allowed by default
machine # [   51.207754] PCI: Using ACPI for IRQ routing
machine # [   51.209764] pci 0000:00:02.0: vgaarb: setting as boot VGA device
machine # [   51.210727] pci 0000:00:02.0: vgaarb: bridge control possible
machine # [   51.210727] pci 0000:00:02.0: vgaarb: VGA device added: decodes=io+mem,owns=io+mem,locks=none
machine # [   51.223763] vgaarb: loaded
machine # [   51.226244] hpet0: at MMIO 0xfed00000, IRQs 2, 8, 0
machine # [   51.228740] hpet0: 3 comparators, 64-bit 100.000000 MHz counter
machine # [   51.240870] clocksource: Switched to clocksource kvm-clock
machine # [   52.215188] VFS: Disk quotas dquot_6.6.0
machine # [   52.217364] VFS: Dquot-cache hash table entries: 512 (order 0, 4096 bytes)
machine # [   52.416395] pnp: PnP ACPI init
machine # [   52.418250] pnp: PnP ACPI: found 6 devices
machine # [   52.431947] clocksource: acpi_pm: mask: 0xffffff max_cycles: 0xffffff, max_idle_ns: 2085701024 ns
machine # [   52.443223] clocksource: Switched to clocksource acpi_pm
machine # [   52.444835] NET: Registered PF_INET protocol family
machine # [   52.631579] IP idents hash table entries: 262144 (order: 9, 2097152 bytes, linear)
machine # [   53.290911] tcp_listen_portaddr_hash hash table entries: 8192 (order: 5, 131072 bytes, linear)
machine # [   53.295946] Table-perturb hash table entries: 65536 (order: 6, 262144 bytes, linear)
machine # [   53.298988] TCP established hash table entries: 131072 (order: 8, 1048576 bytes, linear)
machine # [   53.303561] TCP bind hash table entries: 65536 (order: 9, 2097152 bytes, linear)
machine # [   53.511396] TCP: Hash tables configured (established 131072 bind 65536)
machine # [   53.712250] MPTCP token hash table entries: 16384 (order: 6, 393216 bytes, linear)
machine # [   53.714203] UDP hash table entries: 8192 (order: 7, 524288 bytes, linear)
machine # [   53.719238] UDP-Lite hash table entries: 8192 (order: 7, 524288 bytes, linear)
machine # [   53.724911] NET: Registered PF_UNIX/PF_LOCAL protocol family
machine # [   53.726611] NET: Registered PF_XDP protocol family
machine # [   53.727729] pci_bus 0000:00: resource 4 [io  0x0000-0x0cf7 window]
machine # [   53.729063] pci_bus 0000:00: resource 5 [io  0x0d00-0xffff window]
machine # [   53.730370] pci_bus 0000:00: resource 6 [mem 0x000a0000-0x000bffff window]
machine # [   53.731825] pci_bus 0000:00: resource 7 [mem 0xc0000000-0xfebfffff window]
machine # [   53.733285] pci_bus 0000:00: resource 8 [mem 0x380000000000-0x38007fffffff window]
machine # [   53.734963] pci 0000:00:01.0: PIIX3: Enabling Passive Release
machine # [   53.736207] pci 0000:00:00.0: Limiting direct PCI/PCI transfers
machine # [   53.778698] ACPI: \_SB_.LNKD: Enabled at IRQ 11
machine # [   53.828084] pci 0000:00:01.2: quirk_usb_early_handoff+0x0/0x7e0 took 88431 usecs
machine # [   53.830051] PCI: CLS 0 bytes, default 64
machine # [   53.831082] PCI-DMA: Using software bounce buffering for IO (SWIOTLB)
machine # [   53.832114] Trying to unpack rootfs image as initramfs...
machine # [   53.832834] software IO TLB: mapped [mem 0x00000000bb469000-0x00000000bf469000] (64MB)
machine # [   53.832971] clocksource: tsc: mask: 0xffffffffffffffff max_cycles: 0x2b3e4942f25, max_idle_ns: 440795326592 ns
machine # [   56.238704] Initialise system trusted keyrings
machine # [   56.242648] workingset: timestamp_bits=40 max_order=22 bucket_order=0
machine # [   56.598523] Key type asymmetric registered
machine # [   56.599473] Asymmetric key parser 'x509' registered
machine # [   56.600888] Block layer SCSI generic (bsg) driver version 0.4 loaded (major 251)
machine # [   56.603438] io scheduler mq-deadline registered
machine # [   56.604695] io scheduler kyber registered
machine # [   58.580117] Freeing initrd memory: 11676K
machine # [   59.191328] Serial: 8250/16550 driver, 4 ports, IRQ sharing enabled
machine # [   59.195279] 00:04: ttyS0 at I/O 0x3f8 (irq = 4, base_baud = 115200) is a 16550A
machine # [   59.199528] Linux agpgart interface v0.103
machine # [   59.200485] ACPI: bus type drm_connector registered
machine # [   61.420920] usbcore: registered new interface driver usbserial_generic
machine # [   61.424094] usbserial: USB Serial support registered for generic
machine # [   61.427229] amd_pstate: the _CPC object is not present in SBIOS or ACPI disabled
machine # [   61.430425] drop_monitor: Initializing network drop monitor service
machine # [   61.432323] NET: Registered PF_INET6 protocol family
machine # [   61.638240] Segment Routing with IPv6
machine # [   61.639462] In-situ OAM (IOAM) with IPv6
machine # [   61.665755] IPI shorthand broadcast: enabled
machine # [   61.674304] sched_clock: Marking stable (61462021624, 211760187)->(64976813314, -3303031503)
machine # [   61.678249] registered taskstats version 1
machine # [   61.679994] Loading compiled-in X.509 certificates
machine # [   61.895246] Demotion targets for Node 0: null
machine # [   61.897445] Key type .fscrypt registered
machine # [   61.898382] Key type fscrypt-provisioning registered
machine # [   61.900422] PM:   Magic number: 14:437:785
machine # [   61.906806] RAS: Correctable Errors collector initialized.
machine # [   61.930438] clk: Disabling unused clocks
machine # [   61.932970] PM: genpd: Disabling unused power domains
machine # [   61.939830] Freeing unused decrypted memory: 2028K
machine # [   61.944071] Freeing unused kernel image (initmem) memory: 3344K
machine # [   61.945328] Write protecting the kernel read-only data: 28672k
machine # [   61.948744] Freeing unused kernel image (text/rodata gap) memory: 1284K
machine # [   61.951275] Freeing unused kernel image (rodata/data gap) memory: 400K
machine # [   62.024871] x86/mm: Checked W+X mappings: passed, no W+X pages found.
machine # [   62.026176] Run /init as init process
machine # 
machine # <<< NixOS Stage 1 >>>
machine # 
machine # loading module virtio_balloon...
machine # loading module virtio_console...
machine # loading module virtio_rng...
machine # loading module virtio_gpu...
machine # loading module dm_mod...
machine # [   63.962657] device-mapper: ioctl: 4.49.0-ioctl (2025-01-17) initialised: dm-devel@lists.linux.dev
machine # running udev...
machine # Starting systemd-udevd version 255.9
machine # [   71.618956] rtc_cmos 00:05: RTC can wake from S4
machine # [   71.624123] rtc_cmos 00:05: registered as rtc0
machine # [   71.626696] rtc_cmos 00:05: setting system clock to 2026-02-26T12:46:20 UTC (1772109980)
machine # [   71.629783] rtc_cmos 00:05: alarms up to one day, y3k, 242 bytes nvram, hpet irqs
machine # [   71.633790] i8042: PNP: PS/2 Controller [PNP0303:KBD,PNP0f13:MOU] at 0x60,0x64 irq 1,12
machine # [   71.639044] serio: i8042 KBD port at 0x60,0x64 irq 1
machine # [   71.640844] serio: i8042 AUX port at 0x60,0x64 irq 12
machine # [   72.106953] SCSI subsystem initialized
machine # [   72.118984] input: AT Translated Set 2 keyboard as /devices/platform/i8042/serio0/input/input0
machine # [   72.321594] uhci_hcd 0000:00:01.2: UHCI Host Controller
machine # [   72.323412] ACPI: \_SB_.LNKC: Enabled at IRQ 10
machine # [   72.324975] uhci_hcd 0000:00:01.2: new USB bus registered, assigned bus number 1
machine # [   72.329056] uhci_hcd 0000:00:01.2: detected 2 ports
machine # [   72.331566] uhci_hcd 0000:00:01.2: irq 11, io port 0x0000c100
machine # [   72.841249] usb usb1: New USB device found, idVendor=1d6b, idProduct=0001, bcdDevice= 6.14
machine # [   72.843938] usb usb1: New USB device strings: Mfr=3, Product=2, SerialNumber=1
machine # [   72.846289] usb usb1: Product: UHCI Host Controller
machine # [   72.847888] usb usb1: Manufacturer: Linux 6.14.0-rc6 uhci_hcd
machine # [   72.850741] usb usb1: SerialNumber: 0000:00:01.2
machine # [   72.852916] hub 1-0:1.0: USB hub found
machine # [   72.853876] hub 1-0:1.0: 2 ports detected
machine # [   72.899347] ACPI: \_SB_.LNKA: Enabled at IRQ 10
machine # [   72.944559] ACPI: \_SB_.LNKB: Enabled at IRQ 11
machine # [   72.949037] scsi host0: ata_piix
machine # [   72.952266] scsi host1: ata_piix
machine # [   72.953213] ata1: PATA max MWDMA2 cmd 0x1f0 ctl 0x3f6 bmdma 0xc1e0 irq 14 lpm-pol 0
machine # [   72.955169] ata2: PATA max MWDMA2 cmd 0x170 ctl 0x376 bmdma 0xc1e8 irq 15 lpm-pol 0
machine # [   73.074680] usb 1-1: new full-speed USB device number 2 using uhci_hcd
machine # [   73.114972] ata2: found unknown device (class 0)
machine # [   73.118466] ata2.00: ATAPI: QEMU DVD-ROM, 2.5+, max UDMA/100
machine # [   73.124818] scsi 1:0:0:0: CD-ROM            QEMU     QEMU DVD-ROM     2.5+ PQ: 0 ANSI: 5
machine # [   73.208001] sr 1:0:0:0: [sr0] scsi3-mmc drive: 4x/4x cd/rw xa/form2 tray
machine # [   73.211116] cdrom: Uniform CD-ROM driver Revision: 3.20
machine # [   73.413859] usb 1-1: New USB device found, idVendor=0627, idProduct=0001, bcdDevice= 0.00
machine # [   73.419215] usb 1-1: New USB device strings: Mfr=1, Product=3, SerialNumber=10
machine # [   73.421832] usb 1-1: Product: QEMU USB Tablet
machine # [   73.423383] usb 1-1: Manufacturer: QEMU
machine # [   73.424704] usb 1-1: SerialNumber: 28754-0000:00:01.2-1
machine # [   74.715420] virtio_blk virtio5: 32/0/0 default/read/poll queues
machine # [   74.726072] hid: raw HID events driver (C) Jiri Kosina
machine # [   75.122995] virtio_blk virtio5: [vda] 2097152 512-byte logical blocks (1.07 GB/1.00 GiB)
machine # [   75.647630] netfs: FS-Cache loaded
machine # [   75.656877] usbcore: registered new interface driver usbhid
machine # [   75.658947] usbhid: USB HID core driver
machine # [   75.691133] input: QEMU QEMU USB Tablet as /devices/pci0000:00/0000:00:01.2/usb1/1-1/1-1:1.0/0003:0627:0001.0001/input/input2
machine # [   75.694044] hid-generic 0003:0627:0001.0001: input,hidraw0: USB HID v0.01 Mouse [QEMU QEMU USB Tablet] on usb-0000:00:01.2-1/input0
machine # [   75.697005] 9pnet: Installing 9P2000 support
machine # %Gkbd_mode: KDSKBMODE: Inappropriate ioctl for device
machine # starting device mapper and LVM...
machine # checking /dev/disk/by-label/nixos...
machine # fsck (busybox 1.36.1)
machine # [fsck.ext4 (1) -- /mnt-root/] fsck.ext4 -a /dev/disk/by-label/nixos
machine # nixos: clean, 11/65536 files, 12955/262144 blocks
machine # mounting /dev/disk/by-label/nixos on /...
machine: Guest root shell did not produce any data yet...
machine:   To debug, enter the VM and run 'systemctl status backdoor.service'.
machine # [   81.455878] EXT4-fs (vda): mounted filesystem f8b49d76-dce4-4111-8946-dc5274eeee04 r/w with ordered data mode. Quota mode: none.
machine # [   81.483407] EXT4-fs (vda): re-mounted f8b49d76-dce4-4111-8946-dc5274eeee04 r/w. Quota mode: none.
machine # mounting nix-store on /nix/.ro-store...
machine # [   82.029803] 9p: Installing v9fs 9p2000 file system support
machine # mounting tmpfs on /nix/.rw-store...
machine # mounting shared on /tmp/shared...
machine # mounting xchg on /tmp/xchg...
machine # mounting overlay filesystem on /nix/store...
machine # 
machine # <<< NixOS Stage 2 >>>
machine # 
machine # [   84.794878] EXT4-fs (vda): re-mounted f8b49d76-dce4-4111-8946-dc5274eeee04 r/w. Quota mode: none.
machine # [   84.803008] booting system configuration /nix/store/021h7zb7g25rggmdba9z7xq2lzdn3slg-nixos-system-machine-test
machine # running activation script...
machine # setting up /etc...
machine # starting systemd...
machine # [   90.719205] systemd[1]: Inserted module 'autofs4'
machine # [   90.831429] systemd[1]: systemd 255.9 running in system mode (+PAM +AUDIT -SELINUX +APPARMOR +IMA +SMACK +SECCOMP +GCRYPT -GNUTLS +OPENSSL +ACL +BLKID +CURL +ELFUTILS +FIDO2 +IDN2 -IDN +IPTC +KMOD +LIBCRYPTSETUP +LIBFDISK +PCRE2 +PWQUALITY +P11KIT +QRENCODE +TPM2 +BZIP2 +LZ4 +XZ +ZLIB +ZSTD +BPF_FRAMEWORK -XKBCOMMON +UTMP -SYSVINIT default-hierarchy=unified)
machine # [   90.838887] systemd[1]: Detected virtualization kvm.
machine # [   90.840139] systemd[1]: Detected architecture x86-64.
machine # [  !!  ] This OS version (NixOS 24.05 (Uakari)) is past its end-of-support date (2024-12-31)
machine # [   90.855420] systemd[1]: Hostname set to <machine>.
machine # [   90.858562] systemd[1]: Initializing machine ID from random generator.
machine # [   91.305579] systemd[1]: bpf-lsm: LSM BPF program attached
machine # [   93.085285] systemd[1]: Queued start job for default target Multi-User System.
machine # [   93.166196] systemd[1]: Created slice Slice /system/getty.
machine # [   93.169159] systemd[1]: Created slice Slice /system/modprobe.
machine # [   93.171757] systemd[1]: Created slice User and Session Slice.
machine # [   93.173380] systemd[1]: Started Dispatch Password Requests to Console Directory Watch.
machine # [   93.175183] systemd[1]: Started Forward Password Requests to Wall Directory Watch.
machine # [   93.177253] systemd[1]: Expecting device /dev/hvc0...
machine # [   93.178500] systemd[1]: Expecting device /dev/ttyS0...
machine # [   93.179610] systemd[1]: Expecting device /sys/subsystem/net/devices/eth1...
machine # [   93.181112] systemd[1]: Reached target Local Encrypted Volumes.
machine # [   93.182599] systemd[1]: Reached target Containers.
machine # [   93.183650] systemd[1]: Reached target Path Units.
machine # [   93.184727] systemd[1]: Reached target Remote File Systems.
machine # [   93.185924] systemd[1]: Reached target Slice Units.
machine # [   93.187131] systemd[1]: Reached target Swaps.
machine # [   93.196659] systemd[1]: Listening on Process Core Dump Socket.
machine # [   93.199860] systemd[1]: Listening on Journal Socket (/dev/log).
machine # [   93.203118] systemd[1]: Listening on Journal Socket.
machine # [   93.206944] systemd[1]: Listening on Userspace Out-Of-Memory (OOM) Killer Socket.
machine # [   93.211649] systemd[1]: Listening on udev Control Socket.
machine # [   93.213198] systemd[1]: Listening on udev Kernel Socket.
machine # [   93.239292] systemd[1]: Mounting Huge Pages File System...
machine # [   93.248439] systemd[1]: Mounting POSIX Message Queue File System...
machine # [   93.255703] systemd[1]: Mounting Kernel Debug File System...
machine # [   93.265908] systemd[1]: Starting Create List of Static Device Nodes...
machine # [   93.274988] systemd[1]: Starting Load Kernel Module configfs...
machine # [   93.283767] systemd[1]: Starting Load Kernel Module drm...
machine # [   93.292768] systemd[1]: Starting Load Kernel Module efi_pstore...
machine # [   93.303490] systemd[1]: Starting Load Kernel Module fuse...
machine # [   93.314479] systemd[1]: Starting mount-pstore.service...
machine # [   93.322622] systemd[1]: Starting Create SUID/SGID Wrappers...
machine # [   93.324698] systemd[1]: File System Check on Root Device was skipped because of an unmet condition check (ConditionPathIsReadWrite=!/).
machine # [   94.121411] systemd[1]: Starting Journal Service...
machine # [   94.131706] systemd[1]: Starting Load Kernel Modules...
machine # [   94.141627] systemd[1]: Starting Remount Root and Kernel File Systems...
machine # [   94.154799] systemd[1]: Starting Coldplug All udev Devices...
machine # [   94.168706] systemd[1]: Mounted Huge Pages File System.
machine # [   94.171547] systemd[1]: Mounted POSIX Message Queue File System.
machine # [   94.175782] systemd[1]: Mounted Kernel Debug File System.
machine # [   94.187743] systemd[1]: Finished Create List of Static Device Nodes.
machine # [   94.193234] systemd[1]: modprobe@drm.service: Deactivated successfully.
machine # [   94.197134] systemd[1]: Finished Load Kernel Module drm.
machine # [   94.206731] systemd[1]: Starting Create Static Device Nodes in /dev gracefully...
machine # [   94.220154] systemd[1]: modprobe@configfs.service: Deactivated successfully.
machine # [   94.224283] systemd[1]: Finished Load Kernel Module configfs.
machine # [   94.229713] systemd[1]: modprobe@efi_pstore.service: Deactivated successfully.
machine # [   94.236263] systemd[1]: Finished Load Kernel Module efi_pstore.
machine # [   94.886727] systemd[1]: Mounting Kernel Configuration File System...
machine # [   94.930941] systemd[1]: Mounted Kernel Configuration File System.
machine # [   94.947912] fuse: init (API version 7.42)
machine # [   94.961220] systemd[1]: modprobe@fuse.service: Deactivated successfully.
machine # [   94.968374] systemd[1]: Finished Load Kernel Module fuse.
machine # [   94.997148] systemd-journald[906]: Collecting audit messages is disabled.
machine # [   95.001721] systemd[1]: Mounting FUSE Control File System...
machine # [   95.014374] EXT4-fs (vda): re-mounted f8b49d76-dce4-4111-8946-dc5274eeee04 r/w. Quota mode: none.
machine # [   95.035377] systemd[1]: Finished Remount Root and Kernel File Systems.
machine # [   95.046485] systemd[1]: Starting Load/Save OS Random Seed...
machine # [   95.061752] systemd[1]: Finished Coldplug All udev Devices.
machine # [   95.459864] systemd[1]: Finished Create Static Device Nodes in /dev gracefully.
machine # [   97.362870] clocksource: Long readout interval, skipping watchdog check: cs_nsec: 1584723901 wd_nsec: 1584723977
machine # [   97.363174] systemd[1]: Starting Create Static Device Nodes in /dev...
machine # [   97.388324] systemd[1]: Mounted FUSE Control File System.
machine # [   97.436882] systemd[1]: Finished Load/Save OS Random Seed.
machine # [   97.463718] bridge: filtering via arp/ip/ip6tables is no longer available by default. Update your scripts to load br_netfilter if you need this.
machine # [   97.493289] systemd[1]: Finished Create Static Device Nodes in /dev.
machine # [   97.496487] systemd[1]: Reached target Preparation for Local File Systems.
machine # [   97.498774] systemd[1]: Reached target Local File Systems.
machine # [   97.501047] systemd[1]: Update Boot Loader Random Seed was skipped because no trigger condition checks were met.
machine # [   97.521217] tun: Universal TUN/TAP device driver, 1.6
machine # [   97.534622] systemd[1]: Starting Rule-based Manager for Device Events and Files...
machine # [   97.538566] systemd[1]: Started Journal Service.
machine # [   97.329928] systemd-modules-load[907]: Inserted module 'bridge'
machine # [   97.336989] systemd-modules-load[907]: Inserted module 'macvlan'
machine # [   97.341914] systemd-modules-load[907]: Inserted module 'tap'
machine # [   97.345997] systemd-modules-load[907]: Inserted module 'tun'
machine # [   97.350435] systemd[1]: Starting Flush Journal to Persistent Storage...
machine # [   97.568342] loop: module loaded
machine # [   97.361080] systemd-modules-load[907]: Inserted module 'loop'
machine # [   97.385511] systemd[1]: Finished Load Kernel Modules.
machine # [   97.393215] systemd[1]: Starting Firewall...
machine # [   97.399932] systemd[1]: Starting Apply Kernel Variables...
machine # [   98.561586] systemd-journald[906]: Received client request to flush runtime journal.
machine # [   98.473427] systemd-udevd[959]: Using default interface naming scheme 'v255'.
machine # [   98.485753] systemd[1]: Finished Flush Journal to Persistent Storage.
machine # [   98.514560] systemd[1]: Starting Create System Files and Directories...
machine # [   98.522166] systemd[1]: Finished Apply Kernel Variables.
machine # [   98.557740] systemd[1]: Started Rule-based Manager for Device Events and Files.
machine # [   99.357913] systemd[1]: Found device /dev/hvc0.
machine # [   99.381900] systemd[1]: Found device /dev/ttyS0.
machine # [   99.389554] (udev-worker)[1026]: Network interface NamePolicy= disabled on kernel command line.
machine # [   99.806044] systemd[1]: Finished Create System Files and Directories.
machine # [  100.726491] (udev-worker)[1039]: eth1: Config file /etc/systemd/network/40-eth1.link is applied to device based on potentially unpredictable interface name.
machine # [  100.945526] hrtimer: interrupt took 5452928 ns
machine # [  100.737760] (udev-worker)[1039]: Network interface NamePolicy= disabled on kernel command line.
machine # [  101.417898] systemd[1]: Starting Rebuild Journal Catalog...
machine # [  101.426846] systemd[1]: Starting Userspace Out-Of-Memory (OOM) Killer...
machine # [  101.436342] systemd[1]: Starting Record System Boot/Shutdown in UTMP...
machine # [  101.440800] systemd[1]: suid-sgid-wrappers.service: Deactivated successfully.
machine # [  101.446726] systemd[1]: Finished Create SUID/SGID Wrappers.
machine # [  101.451273] systemd[1]: suid-sgid-wrappers.service: Consumed 5.478s CPU time, no IP traffic.
machine # [  101.461434] systemd[1]: Found device Virtio network device.
machine # [  101.571381] systemd[1]: Finished Rebuild Journal Catalog.
machine # [  101.807772] mousedev: PS/2 mouse device common for all mice
machine # [  101.600476] systemd[1]: Starting Update is Completed...
machine # [  101.828627] input: Power Button as /devices/LNXSYSTM:00/LNXPWRBN:00/input/input3
machine # [  101.623337] systemd[1]: Finished Record System Boot/Shutdown in UTMP.
machine # [  101.641591] systemd-oomd[1096]: No swap; memory pressure usage will be degraded
machine # [  101.648643] systemd[1]: Started Userspace Out-Of-Memory (OOM) Killer.
machine # [  102.157634] ACPI: button: Power Button [PWRF]
machine # [  102.172258] Floppy drive(s): fd0 is 2.88M AMI BIOS
machine # [  102.181016] parport_pc 00:03: reported by Plug and Play ACPI
machine # [  102.185170] parport0: PC-style at 0x378, irq 7 [PCSPP(,...)]
machine # [  102.359236] FDC 0 is a S82078B
machine # [  102.401365] bochs-drm 0000:00:02.0: vgaarb: deactivate vga console
machine # [  102.410364] piix4_smbus 0000:00:01.3: SMBus Host Controller at 0x700, revision 0
machine # [  102.410616] i2c i2c-0: Memory type 0x07 not supported yet, not instantiating SPD
machine # [  102.613474] Console: switching to colour dummy device 80x25
machine # [  102.620480] [drm] Found bochs VGA, ID 0xb0c5.
machine # [  102.621792] [drm] Framebuffer size 16384 kB @ 0xfd000000, mmio @ 0xfebd0000.
machine # [  103.838431] [drm] Initialized bochs-drm 1.0.0 for 0000:00:02.0 on minor 0
machine # [  104.371123] cryptd: max_cpu_qlen set to 1000
machine # [  106.074359] fbcon: bochs-drmdrmfb (fb0) is primary device
machine # [  106.074836] input: QEMU Virtio Keyboard as /devices/pci0000:00/0000:00:0a.0/virtio7/input/input4
machine # [  106.293148] Console: switching to colour frame buffer device 160x50
machine # [  106.303371] bochs-drm 0000:00:02.0: [drm] fb0: bochs-drmdrmfb frame buffer device
machine # [  106.318383] input: VirtualPS/2 VMware VMMouse as /devices/platform/i8042/serio1/input/input6
machine # [  106.127721] cz91g3ll948jisxvbsxnqsl917083qwr-mount-pstore.sh[914]: Persistent Storage backend was not registered in time.
machine # [  106.132936] systemd[1]: Finished Update is Completed.
machine # [  106.137759] systemd[1]: Finished mount-pstore.service.
machine # [  108.526719] systemd[1]: Platform Persistent Storage Archival was skipped because of an unmet condition check (ConditionDirectoryNotEmpty=/sys/fs/pstore).
machine # [  108.531557] systemd[1]: Reached target System Initialization.
machine # [  108.533833] systemd[1]: Started Daily Cleanup of Temporary Directories.
machine # [  108.536297] systemd[1]: Reached target Timer Units.
machine # [  108.537936] systemd[1]: Listening on D-Bus System Message Bus Socket.
machine # [  108.540402] systemd[1]: Listening on Nix Daemon Socket.
machine # [  108.542313] systemd[1]: Reached target Socket Units.
machine # [  108.543943] systemd[1]: Reached target Basic System.
machine # [  108.546325] systemd[1]: System is tainted: support-ended
machine # [  108.549424] systemd[1]: Starting Kernel Auditing...
machine # [  109.801936] systemd[1]: Started backdoor.service.
machine # [  110.586457] input: VirtualPS/2 VMware VMMouse as /devices/platform/i8042/serio1/input/input5
machine # [  110.398736] systemd[1]: Starting DHCP Client...
machine # [  110.619338] AES CTR mode by8 optimization enabled
machine # [  110.465643] systemd[1]: Starting Name Service Cache Daemon (nsncd)...
machine # [  110.487268] systemd[1]: Started Reset console on configuration changes.
machine # [  110.504541] systemd[1]: Starting resolvconf update...
machine # [  110.513418] 2zm09qv8pdisxdrn00vj7cfk48lagjhw-audit-disable[1211]: No rules
machine # connecting to host...
machine # [  110.577395] systemd[1]: Starting D-Bus System Message Bus...
machine # [  110.589755] systemd[1]: Finished Kernel Auditing.
machine: Guest root shell did not produce any data yet...
machine:   To debug, enter the VM and run 'systemctl status backdoor.service'.
machine # [  121.344584] clocksource: Long readout interval, skipping watchdog check: cs_nsec: 5703104821 wd_nsec: 5703104764
machine # [  115.145692] dhcpcd[1209]: dhcpcd-10.0.6 starting
machine: Guest shell says: b'Spawning backdoor root shell...\n'
machine: connected to guest root shell
machine: (connecting took 135.54 seconds)
(finished: waiting for the VM to finish booting, in 135.84 seconds)
machine # [  147.124123] nsncd[1210]: Feb 26 12:47:30.845 INFO started, config: Config { ignored_request_types: {}, worker_count: 8, handoff_timeout: 3s }, path: "/var/run/nscd/socket"
machine # [  147.135832] systemd[1]: Started Name Service Cache Daemon (nsncd).
machine # [  147.139773] dhcpcd[1234]: dev: loaded udev
machine # [  147.146568] systemd[1]: Reached target Host and Network Name Lookups.
machine # [  147.147669] systemd[1]: Reached target User and Group Name Lookups.
machine # [  152.118378] systemd[1]: Starting User Login Management...
machine # [  152.248550] dbus-daemon[1222]: dbus[1222]: Unknown username "systemd-timesync" in message bus configuration file
machine # [  152.259496] systemd[1]: Stopped target Host and Network Name Lookups.
machine # [  152.263084] systemd[1]: Stopping Host and Network Name Lookups...
machine # [  152.267693] systemd[1]: Stopped target User and Group Name Lookups.
machine # [  152.272778] systemd[1]: Stopping User and Group Name Lookups...
machine # [  152.276262] systemd[1]: Stopping Name Service Cache Daemon (nsncd)...
machine # [  153.298992] systemd[1]: Starting Virtual Console Setup...
machine # [  153.303215] systemd[1]: nscd.service: Deactivated successfully.
machine # [  153.308619] systemd[1]: Stopped Name Service Cache Daemon (nsncd).
machine # [  153.317640] systemd[1]: nscd.service: Consumed 7.569s CPU time, no IP traffic.
machine # [  153.325396] systemd[1]: Finished resolvconf update.
machine # [  153.378406] systemd[1]: Starting Name Service Cache Daemon (nsncd)...
machine # [  153.396410] systemd[1]: systemd-vconsole-setup.service: Deactivated successfully.
machine # [  153.402258] systemd[1]: Stopped Virtual Console Setup.
machine # [  153.587757] systemd-logind[1296]: New seat seat0.
machine # [  153.591972] systemd[1]: Starting Virtual Console Setup...
machine # [  153.595453] systemd[1]: Started D-Bus System Message Bus.
machine # [  153.599649] systemd-logind[1296]: Watching system buttons on /dev/input/event2 (Power Button)
machine # [  153.605681] systemd-logind[1296]: Watching system buttons on /dev/input/event3 (QEMU Virtio Keyboard)
machine # [  153.611371] systemd-logind[1296]: Watching system buttons on /dev/input/event0 (AT Translated Set 2 keyboard)
machine # [  153.617337] systemd[1]: Started User Login Management.
machine # [  153.644963] nsncd[1333]: Feb 26 12:47:41.989 INFO started, config: Config { ignored_request_types: {}, worker_count: 8, handoff_timeout: 3s }, path: "/var/run/nscd/socket"
machine # [  153.652524] systemd[1]: Started Name Service Cache Daemon (nsncd).
machine # [  153.655903] systemd[1]: Reached target Host and Network Name Lookups.
machine # [  153.658921] systemd[1]: Reached target User and Group Name Lookups.
machine # [  154.019635] 8021q: 802.1Q VLAN Support v1.8
machine # [  154.021366] ppdev: user-space parallel port driver
machine # [  153.892989] systemd[1]: Listening on Load/Save RF Kill Switch Status /dev/rfkill Watch.
machine # [  154.373292] kvm_amd: Nested Virtualization enabled
machine # [  154.374799] kvm_amd: Nested Paging enabled
machine # [  155.388037] cfg80211: Loading compiled-in X.509 certificates for regulatory database
machine # [  155.452816] Loaded X.509 cert 'sforshee: 00b28ddf47aef9cea7'
machine # [  155.455608] Loaded X.509 cert 'wens: 61c038651aabdcf94bd0ac7ff06c7248db18c600'
machine # [  155.464347] platform regulatory.0: Direct firmware load for regulatory.db failed with error -2
machine # [  155.467765] cfg80211: failed to load regulatory.db
machine # [  155.752108] systemd[1]: Finished Virtual Console Setup.
machine # [  156.240644] 8021q: adding VLAN 0 to HW filter on device eth0
machine # [  156.035434] dhcpcd[1234]: eth0: waiting for carrier
machine # [  156.038412] dhcpcd[1234]: eth0: carrier acquired
machine # [  156.068519] dhcpcd[1234]: DUID 00:01:00:01:31:32:fd:70:52:54:00:12:34:56
machine # [  156.071506] dhcpcd[1234]: eth0: IAID 00:12:34:56
machine # [  156.073572] dhcpcd[1234]: eth0: adding address fe80::5054:ff:fe12:3456
machine # [  156.220136] dhcpcd[1234]: eth0: soliciting an IPv6 router
machine # [  156.847622] EDAC MC: Ver: 3.0.0
machine # [  157.146185] systemd[1]: Finished Firewall.
machine # [  157.149092] systemd[1]: Reached target Preparation for Network.
machine # [  157.177999] systemd[1]: Starting Address configuration of eth1...
machine # [  157.526511] 8021q: adding VLAN 0 to HW filter on device eth1
machine # [  157.329556] dhcpcd[1234]: eth0: soliciting a DHCP lease
machine # [  157.348825] network-addresses-eth1-start[1432]: adding address 192.168.1.1/24... done
machine # [  157.589198] NET: Registered PF_PACKET protocol family
machine # [  157.387098] systemd[1]: Finished Address configuration of eth1.
machine # [  157.403536] dhcpcd[1234]: eth0: offered 10.0.2.15 from 10.0.2.2
machine # [  157.407702] dhcpcd[1234]: eth0: leased 10.0.2.15 for 86400 seconds
machine # [  157.410506] dhcpcd[1234]: eth0: adding route to 10.0.2.0/24
machine # [  157.413186] dhcpcd[1234]: eth0: adding default route via 10.0.2.2
machine # [  157.422819] systemd[1]: Starting Networking Setup...
machine # [  157.640171] systemd[1]: Stopped target Host and Network Name Lookups.
machine # [  157.644677] systemd[1]: Stopping Host and Network Name Lookups...
machine # [  157.648499] systemd[1]: Stopped target User and Group Name Lookups.
machine # [  157.649776] systemd[1]: Stopping User and Group Name Lookups...
machine # [  157.653937] systemd[1]: Stopping Name Service Cache Daemon (nsncd)...
machine # [  157.661256] systemd[1]: nscd.service: Deactivated successfully.
machine # [  157.664557] systemd[1]: Stopped Name Service Cache Daemon (nsncd).
machine # [  157.691226] systemd[1]: Starting Name Service Cache Daemon (nsncd)...
machine # [  157.725797] systemd[1]: Started DHCP Client.
machine # [  157.772157] systemd[1]: Started Name Service Cache Daemon (nsncd).
machine # [  157.776908] nsncd[1493]: Feb 26 12:47:46.116 INFO started, config: Config { ignored_request_types: {}, worker_count: 8, handoff_timeout: 3s }, path: "/var/run/nscd/socket"
machine # [  157.784143] systemd[1]: Reached target Host and Network Name Lookups.
machine # [  157.786582] systemd[1]: Reached target User and Group Name Lookups.
machine # [  157.874290] dhcpcd[1234]: eth0: Router Advertisement from fe80::2
machine # [  157.879510] dhcpcd[1234]: eth0: adding address fec0::5054:ff:fe12:3456/64
machine # [  157.883267] dhcpcd[1234]: eth0: adding route to fec0::/64
machine # [  157.886275] dhcpcd[1234]: eth0: adding default route via fe80::2
machine # [  158.780469] systemd[1]: Finished Networking Setup.
machine # [  158.811871] systemd[1]: Starting Extra networking commands....
machine # [  158.878417] systemd[1]: Finished Extra networking commands..
machine # [  158.882106] systemd[1]: Reached target Network.
machine # [  158.884310] systemd[1]: Reached target Network is Online.
machine # [  158.912945] systemd[1]: Starting Permit User Sessions...
machine # [  159.004374] systemd[1]: Finished Permit User Sessions.
machine # [  159.027158] systemd[1]: Started Getty on tty1.
machine # [  159.030425] systemd[1]: Reached target Login Prompts.
machine # [  159.032924] systemd[1]: Reached target Multi-User System.
machine # [  159.035975] systemd[1]: Startup finished in 1min 30.426s (kernel) + 1min 8.609s (userspace) = 2min 39.035s.
(finished: waiting for unit multi-user.target, in 168.94 seconds)
machine: must succeed: grep -q '\[advise\]' /sys/kernel/mm/transparent_hugepage/shmem_enabled
(finished: must succeed: grep -q '\[advise\]' /sys/kernel/mm/transparent_hugepage/shmem_enabled, in 0.07 seconds)
machine: must succeed: systemd-run --service-type=exec --wait -u thp-madv-remove-test thp-madv-remove-test
machine # [  159.299904] systemd[1]: Starting /run/current-system/sw/bin/thp-madv-remove-test...
machine # [  159.324545] systemd[1]: Started /run/current-system/sw/bin/thp-madv-remove-test.
machine # Running as unit: thp-madv-remove-test.service; invocation ID: 3d6f9156d53c47aead00d8a2d076e025
machine # [  159.346081] thp-madv-remove-test[1582]: THP + MADV_REMOVE cross-process kernel regression test
machine # [  159.347039] thp-madv-remove-test[1582]: =======================================================
machine # [  159.352655] thp-madv-remove-test[1582]: File size:       20 MiB
machine # [  159.355841] thp-madv-remove-test[1582]: Total pages:     5120
machine # [  159.359406] thp-madv-remove-test[1582]: Child readers:   16
machine # [  159.361071] thp-madv-remove-test[1582]: Punching every 7th page (731 pages)
machine # [  159.362952] thp-madv-remove-test[1582]: Iterations:      1000
machine # [  159.364639] thp-madv-remove-test[1582]: --- Iteration 1/1000 ---
machine # [  159.876252] thp-madv-remove-test[1583]: post-sleep failures: 0
machine # [  159.879720] thp-madv-remove-test[1582]:   Child: 872211 pages verified, 0 failures
machine # [  159.884677] thp-madv-remove-test[1582]:   All 4388 non-punched pages verified OK
machine # [  159.884864] thp-madv-remove-test[1582]:   Parent verification failures: 0
machine # [  159.892680] thp-madv-remove-test[1582]: Iteration 1 PASSED
machine # [  159.894492] thp-madv-remove-test[1582]: --- Iteration 2/1000 ---
machine # [  160.406355] thp-madv-remove-test[1600]: post-sleep failures: 0
machine # [  160.410917] thp-madv-remove-test[1582]:   Child: 648581 pages verified, 0 failures
machine # [  160.415833] thp-madv-remove-test[1582]:   All 4388 non-punched pages verified OK
machine # [  160.418250] thp-madv-remove-test[1582]:   Parent verification failures: 0
machine # [  160.425715] thp-madv-remove-test[1582]: Iteration 2 PASSED
machine # [  160.426228] thp-madv-remove-test[1582]: --- Iteration 3/1000 ---
machine # [  160.781299] thp-madv-remove-test[1617]: post-sleep failures: 0
machine # [  160.785750] thp-madv-remove-test[1582]:   Child: 232317 pages verified, 0 failures
machine # [  160.790443] thp-madv-remove-test[1582]:   All 4388 non-punched pages verified OK
machine # [  160.792501] thp-madv-remove-test[1582]:   Parent verification failures: 0
machine # [  160.797380] thp-madv-remove-test[1582]: Iteration 3 PASSED
machine # [  160.799196] thp-madv-remove-test[1582]: --- Iteration 4/1000 ---
machine # [  160.978787] thp-madv-remove-test[1634]: post-sleep failures: 0
machine # [  160.982964] thp-madv-remove-test[1582]:   Child: 433892 pages verified, 0 failures
machine # [  160.987307] thp-madv-remove-test[1582]:   All 4388 non-punched pages verified OK
machine # [  160.989479] thp-madv-remove-test[1582]:   Parent verification failures: 0
machine # [  160.992954] thp-madv-remove-test[1582]: Iteration 4 PASSED
machine # [  160.994594] thp-madv-remove-test[1582]: --- Iteration 5/1000 ---
machine # [  161.043765] thp-madv-remove-test[1651]: post-sleep failures: 0
machine # [  161.046890] thp-madv-remove-test[1582]:   Child: 1143831 pages verified, 0 failures
machine # [  161.049973] thp-madv-remove-test[1582]:   All 4388 non-punched pages verified OK
machine # [  161.051645] thp-madv-remove-test[1582]:   Parent verification failures: 0
machine # [  161.055268] thp-madv-remove-test[1582]: Iteration 5 PASSED
machine # [  161.056932] thp-madv-remove-test[1582]: --- Iteration 6/1000 ---
machine # [  161.086998] thp-madv-remove-test[1668]: post-sleep failures: 0
machine # [  161.090560] thp-madv-remove-test[1582]:   Child: 411980 pages verified, 0 failures
machine # [  161.094237] thp-madv-remove-test[1582]:   All 4388 non-punched pages verified OK
machine # [  161.094991] thp-madv-remove-test[1582]:   Parent verification failures: 0
machine # [  161.103527] thp-madv-remove-test[1582]: Iteration 6 PASSED
machine # [  161.105724] thp-madv-remove-test[1582]: --- Iteration 7/1000 ---
machine # [  161.764869] thp-madv-remove-test[1685]: post-sleep failures: 0
machine # [  161.768865] thp-madv-remove-test[1582]:   Child: 723167 pages verified, 0 failures
machine # [  161.773535] thp-madv-remove-test[1582]:   All 4388 non-punched pages verified OK
machine # [  161.777098] thp-madv-remove-test[1582]:   Parent verification failures: 0
machine # [  161.780380] thp-madv-remove-test[1582]: Iteration 7 PASSED
machine # [  161.782766] thp-madv-remove-test[1582]: --- Iteration 8/1000 ---
machine # [  161.817266] thp-madv-remove-test[1702]: post-sleep failures: 0
machine # [  161.820783] thp-madv-remove-test[1582]:   Child: 797637 pages verified, 0 failures
machine # [  161.824807] thp-madv-remove-test[1582]:   All 4388 non-punched pages verified OK
machine # [  161.826729] thp-madv-remove-test[1582]:   Parent verification failures: 0
machine # [  161.833657] thp-madv-remove-test[1582]: Iteration 8 PASSED
machine # [  161.836694] thp-madv-remove-test[1582]: --- Iteration 9/1000 ---
machine # [  166.633439] thp-madv-remove-test[1719]: post-sleep failures: 0
machine # [  166.635812] thp-madv-remove-test[1582]:   Child: 1012284 pages verified, 0 failures
machine # [  166.638223] thp-madv-remove-test[1582]:   All 4388 non-punched pages verified OK
machine # [  166.638698] thp-madv-remove-test[1582]:   Parent verification failures: 0
machine # [  166.642250] thp-madv-remove-test[1582]: Iteration 9 PASSED
machine # [  166.644260] thp-madv-remove-test[1582]: --- Iteration 10/1000 ---
machine # [  166.674810] thp-madv-remove-test[1738]: post-sleep failures: 0
machine # [  166.677904] thp-madv-remove-test[1582]:   Child: 490843 pages verified, 0 failures
machine # [  166.680882] thp-madv-remove-test[1582]:   All 4388 non-punched pages verified OK
machine # [  166.682832] thp-madv-remove-test[1582]:   Parent verification failures: 0
machine # [  166.687909] thp-madv-remove-test[1582]: Iteration 10 PASSED
machine # [  166.688991] thp-madv-remove-test[1582]: --- Iteration 11/1000 ---
machine # [  167.622145] thp-madv-remove-test[1755]: post-sleep failures: 0
machine # [  167.624557] thp-madv-remove-test[1582]:   Child: 705602 pages verified, 0 failures
machine # [  167.627001] thp-madv-remove-test[1582]:   All 4388 non-punched pages verified OK
machine # [  167.629566] thp-madv-remove-test[1582]:   Parent verification failures: 0
machine # [  167.633693] thp-madv-remove-test[1582]: Iteration 11 PASSED
machine # [  167.636450] thp-madv-remove-test[1582]: --- Iteration 12/1000 ---
machine # [  167.675536] thp-madv-remove-test[1772]: post-sleep failures: 0
machine # [  167.677610] thp-madv-remove-test[1582]:   Child: 880872 pages verified, 0 failures
machine # [  167.680318] thp-madv-remove-test[1582]:   All 4388 non-punched pages verified OK
machine # [  167.682904] thp-madv-remove-test[1582]:   Parent verification failures: 0
machine # [  167.687239] thp-madv-remove-test[1582]: Iteration 12 PASSED
machine # [  167.687574] thp-madv-remove-test[1582]: --- Iteration 13/1000 ---
machine # [  168.181560] thp-madv-remove-test[1789]: post-sleep failures: 0
machine # [  168.184271] thp-madv-remove-test[1582]:   Child: 1051662 pages verified, 0 failures
machine # [  168.185670] thp-madv-remove-test[1582]:   All 4388 non-punched pages verified OK
machine # [  168.187744] thp-madv-remove-test[1582]:   Parent verification failures: 0
machine # [  168.192235] thp-madv-remove-test[1582]: Iteration 13 PASSED
machine # [  168.192987] thp-madv-remove-test[1582]: --- Iteration 14/1000 ---
machine # [  168.826982] thp-madv-remove-test[1806]: post-sleep failures: 0
machine # [  168.830249] thp-madv-remove-test[1582]:   Child: 837054 pages verified, 0 failures
machine # [  168.833239] thp-madv-remove-test[1582]:   All 4388 non-punched pages verified OK
machine # [  168.834249] thp-madv-remove-test[1582]:   Parent verification failures: 0
machine # [  168.841281] thp-madv-remove-test[1582]: Iteration 14 PASSED
machine # [  168.841809] thp-madv-remove-test[1582]: --- Iteration 15/1000 ---
machine # [  169.205702] thp-madv-remove-test[1823]: post-sleep failures: 0
machine # [  169.208364] thp-madv-remove-test[1582]:   Child: 683656 pages verified, 0 failures
machine # [  169.211574] thp-madv-remove-test[1582]:   All 4388 non-punched pages verified OK
machine # [  169.214272] thp-madv-remove-test[1582]:   Parent verification failures: 0
machine # [  169.220796] thp-madv-remove-test[1582]: Iteration 15 PASSED
machine # [  169.222579] thp-madv-remove-test[1582]: --- Iteration 16/1000 ---
machine # [  169.433269] thp-madv-remove-test[1840]: post-sleep failures: 0
machine # [  169.436946] thp-madv-remove-test[1582]:   Child: 657404 pages verified, 0 failures
machine # [  169.442662] thp-madv-remove-test[1582]:   All 4388 non-punched pages verified OK
machine # [  169.446670] thp-madv-remove-test[1582]:   Parent verification failures: 0
machine # [  169.453582] thp-madv-remove-test[1582]: Iteration 16 PASSED
machine # [  169.455435] thp-madv-remove-test[1582]: --- Iteration 17/1000 ---
machine # [  169.672820] thp-madv-remove-test[1857]: post-sleep failures: 0
machine # [  169.675696] thp-madv-remove-test[1582]:   Child: 1056152 pages verified, 0 failures
machine # [  169.678497] thp-madv-remove-test[1582]:   All 4388 non-punched pages verified OK
machine # [  169.682214] thp-madv-remove-test[1582]:   Parent verification failures: 0
machine # [  169.684892] thp-madv-remove-test[1582]: Iteration 17 PASSED
machine # [  169.686914] thp-madv-remove-test[1582]: --- Iteration 18/1000 ---
machine # [  173.780928] thp-madv-remove-test[1875]: post-sleep failures: 0
machine # [  173.784350] thp-madv-remove-test[1582]:   Child: 140224 pages verified, 0 failures
machine # [  173.789438] thp-madv-remove-test[1582]:   All 4388 non-punched pages verified OK
machine # [  173.792372] thp-madv-remove-test[1582]:   Parent verification failures: 0
machine # [  173.799492] thp-madv-remove-test[1582]: Iteration 18 PASSED
machine # [  173.801417] thp-madv-remove-test[1582]: --- Iteration 19/1000 ---
machine # [  173.845792] thp-madv-remove-test[1892]: post-sleep failures: 0
machine # [  173.849652] thp-madv-remove-test[1582]:   Child: 815236 pages verified, 0 failures
machine # [  173.852724] thp-madv-remove-test[1582]:   All 4388 non-punched pages verified OK
machine # [  173.855646] thp-madv-remove-test[1582]:   Parent verification failures: 0
machine # [  173.859341] thp-madv-remove-test[1582]: Iteration 19 PASSED
machine # [  173.861831] thp-madv-remove-test[1582]: --- Iteration 20/1000 ---
machine # [  174.672885] thp-madv-remove-test[1909]: post-sleep failures: 0
machine # [  174.676261] thp-madv-remove-test[1582]:   Child: 227955 pages verified, 0 failures
machine # [  174.679636] thp-madv-remove-test[1582]:   All 4388 non-punched pages verified OK
machine # [  174.682778] thp-madv-remove-test[1582]:   Parent verification failures: 0
machine # [  174.693149] thp-madv-remove-test[1582]: Iteration 20 PASSED
machine # [  174.695760] thp-madv-remove-test[1582]: --- Iteration 21/1000 ---
machine # [  174.727754] thp-madv-remove-test[1927]: post-sleep failures: 0
machine # [  174.730759] thp-madv-remove-test[1582]:   Child: 508401 pages verified, 0 failures
machine # [  174.734316] thp-madv-remove-test[1582]:   All 4388 non-punched pages verified OK
machine # [  174.736526] thp-madv-remove-test[1582]:   Parent verification failures: 0
machine # [  174.739449] thp-madv-remove-test[1582]: Iteration 21 PASSED
machine # [  174.741068] thp-madv-remove-test[1582]: --- Iteration 22/1000 ---
machine # [  175.387834] thp-madv-remove-test[1944]: post-sleep failures: 0
machine # [  175.392743] thp-madv-remove-test[1582]:   Child: 758193 pages verified, 0 failures
machine # [  175.398665] thp-madv-remove-test[1582]:   All 4388 non-punched pages verified OK
machine # [  175.401530] thp-madv-remove-test[1582]:   Parent verification failures: 0
machine # [  175.406799] thp-madv-remove-test[1582]: Iteration 22 PASSED
machine # [  175.408928] thp-madv-remove-test[1582]: --- Iteration 23/1000 ---
machine # [  175.459340] thp-madv-remove-test[1961]: post-sleep failures: 0
machine # [  175.463201] thp-madv-remove-test[1582]:   Child: 1235786 pages verified, 0 failures
machine # [  175.467411] thp-madv-remove-test[1582]:   All 4388 non-punched pages verified OK
machine # [  175.467785] thp-madv-remove-test[1582]:   Parent verification failures: 0
machine # [  175.472127] thp-madv-remove-test[1582]: Iteration 23 PASSED
machine # [  175.473736] thp-madv-remove-test[1582]: --- Iteration 24/1000 ---
machine # [  175.654483] thp-madv-remove-test[1978]: post-sleep failures: 0
machine # [  175.658782] thp-madv-remove-test[1582]:   Child: 376944 pages verified, 0 failures
machine # [  175.663207] thp-madv-remove-test[1582]:   All 4388 non-punched pages verified OK
machine # [  175.663477] thp-madv-remove-test[1582]:   Parent verification failures: 0
machine # [  175.671999] thp-madv-remove-test[1582]: Iteration 24 PASSED
machine # [  175.673961] thp-madv-remove-test[1582]: --- Iteration 25/1000 ---
machine # [  175.714198] thp-madv-remove-test[1995]: post-sleep failures: 0
machine # [  175.717334] thp-madv-remove-test[1582]:   Child: 788716 pages verified, 0 failures
machine # [  175.719462] thp-madv-remove-test[1582]:   All 4388 non-punched pages verified OK
machine # [  175.719719] thp-madv-remove-test[1582]:   Parent verification failures: 0
machine # [  175.725403] thp-madv-remove-test[1582]: Iteration 25 PASSED
machine # [  175.726983] thp-madv-remove-test[1582]: --- Iteration 26/1000 ---
machine # [  175.772816] thp-madv-remove-test[2012]: post-sleep failures: 0
machine # [  175.775704] thp-madv-remove-test[1582]:   Child: 898431 pages verified, 0 failures
machine # [  175.778733] thp-madv-remove-test[1582]:   All 4388 non-punched pages verified OK
machine # [  175.779716] thp-madv-remove-test[1582]:   Parent verification failures: 0
machine # [  175.784969] thp-madv-remove-test[1582]: Iteration 26 PASSED
machine # [  175.786749] thp-madv-remove-test[1582]: --- Iteration 27/1000 ---
machine # [  175.822327] thp-madv-remove-test[2029]: post-sleep failures: 0
machine # [  175.824995] thp-madv-remove-test[1582]:   Child: 797605 pages verified, 0 failures
machine # [  175.827644] thp-madv-remove-test[1582]:   All 4388 non-punched pages verified OK
machine # [  175.829955] thp-madv-remove-test[1582]:   Parent verification failures: 0
machine # [  175.832739] thp-madv-remove-test[1582]: Iteration 27 PASSED
machine # [  175.834793] thp-madv-remove-test[1582]: --- Iteration 28/1000 ---
machine # [  175.868988] thp-madv-remove-test[2046]: post-sleep failures: 0
machine # [  175.871159] thp-madv-remove-test[1582]:   Child: 775645 pages verified, 0 failures
machine # [  175.873271] thp-madv-remove-test[1582]:   All 4388 non-punched pages verified OK
machine # [  175.875452] thp-madv-remove-test[1582]:   Parent verification failures: 0
machine # [  175.878860] thp-madv-remove-test[1582]: Iteration 28 PASSED
machine # [  175.880514] thp-madv-remove-test[1582]: --- Iteration 29/1000 ---
machine # [  175.920686] thp-madv-remove-test[2063]: post-sleep failures: 0
machine # [  175.923903] thp-madv-remove-test[1582]:   Child: 841399 pages verified, 0 failures
machine # [  175.928228] thp-madv-remove-test[1582]:   All 4388 non-punched pages verified OK
machine # [  175.928500] thp-madv-remove-test[1582]:   Parent verification failures: 0
machine # [  175.932500] thp-madv-remove-test[1582]: Iteration 29 PASSED
machine # [  175.934071] thp-madv-remove-test[1582]: --- Iteration 30/1000 ---
machine # [  175.961523] thp-madv-remove-test[2080]: post-sleep failures: 0
machine # [  175.963908] thp-madv-remove-test[1582]:   Child: 556559 pages verified, 0 failures
machine # [  175.966457] thp-madv-remove-test[1582]:   All 4388 non-punched pages verified OK
machine # [  175.966913] thp-madv-remove-test[1582]:   Parent verification failures: 0
machine # [  175.977678] thp-madv-remove-test[1582]: Iteration 30 PASSED
machine # [  175.979846] thp-madv-remove-test[1582]: --- Iteration 31/1000 ---
machine # [  176.158458] thp-madv-remove-test[2097]: post-sleep failures: 0
machine # [  176.162610] thp-madv-remove-test[1582]:   Child: 464529 pages verified, 0 failures
machine # [  176.168421] thp-madv-remove-test[1582]:   All 4388 non-punched pages verified OK
machine # [  176.170410] thp-madv-remove-test[1582]:   Parent verification failures: 0
machine # [  176.179171] thp-madv-remove-test[1582]: Iteration 31 PASSED
machine # [  176.181351] thp-madv-remove-test[1582]: --- Iteration 32/1000 ---
machine # [  176.357477] thp-madv-remove-test[2114]: post-sleep failures: 0
machine # [  176.360256] thp-madv-remove-test[1582]:   Child: 631040 pages verified, 0 failures
machine # [  176.363156] thp-madv-remove-test[1582]:   All 4388 non-punched pages verified OK
machine # [  176.365285] thp-madv-remove-test[1582]:   Parent verification failures: 0
machine # [  176.369840] thp-madv-remove-test[1582]: Iteration 32 PASSED
machine # [  176.371865] thp-madv-remove-test[1582]: --- Iteration 33/1000 ---
machine # [  176.407167] thp-madv-remove-test[2131]: post-sleep failures: 0
machine # [  176.410860] thp-madv-remove-test[1582]:   Child: 674913 pages verified, 0 failures
machine # [  176.415395] thp-madv-remove-test[1582]:   All 4388 non-punched pages verified OK
machine # [  176.415659] thp-madv-remove-test[1582]:   Parent verification failures: 0
machine # [  176.423462] thp-madv-remove-test[1582]: Iteration 33 PASSED
machine # [  176.425673] thp-madv-remove-test[1582]: --- Iteration 34/1000 ---
machine # [  176.619315] thp-madv-remove-test[2148]: post-sleep failures: 0
machine # [  176.622948] thp-madv-remove-test[1582]:   Child: 1126231 pages verified, 0 failures
machine # [  176.627354] thp-madv-remove-test[1582]:   All 4388 non-punched pages verified OK
machine # [  176.631585] thp-madv-remove-test[1582]:   Parent verification failures: 0
machine # [  176.634804] thp-madv-remove-test[1582]: Iteration 34 PASSED
machine # [  176.636725] thp-madv-remove-test[1582]: --- Iteration 35/1000 ---
machine # [  176.821475] thp-madv-remove-test[2165]: post-sleep failures: 0
machine # [  176.824900] thp-madv-remove-test[1582]:   Child: 679301 pages verified, 0 failures
machine # [  176.829681] thp-madv-remove-test[1582]:   All 4388 non-punched pages verified OK
machine # [  176.831745] thp-madv-remove-test[1582]:   Parent verification failures: 0
machine # [  176.835865] thp-madv-remove-test[1582]: Iteration 35 PASSED
machine # [  176.837525] thp-madv-remove-test[1582]: --- Iteration 36/1000 ---
machine # [  177.332595] thp-madv-remove-test[2182]: post-sleep failures: 0
machine # [  177.335599] thp-madv-remove-test[1582]:   Child: 490855 pages verified, 0 failures
machine # [  177.340994] thp-madv-remove-test[1582]:   All 4388 non-punched pages verified OK
machine # [  177.341831] thp-madv-remove-test[1582]:   Parent verification failures: 0
machine # [  177.350677] thp-madv-remove-test[1582]: Iteration 36 PASSED
machine # [  177.352168] thp-madv-remove-test[1582]: --- Iteration 37/1000 ---
machine # [  177.401862] thp-madv-remove-test[2200]: post-sleep failures: 0
machine # [  177.404654] thp-madv-remove-test[1582]:   Child: 1152435 pages verified, 0 failures
machine # [  177.405704] thp-madv-remove-test[1582]:   All 4388 non-punched pages verified OK
machine # [  177.407951] thp-madv-remove-test[1582]:   Parent verification failures: 0
machine # [  177.410574] thp-madv-remove-test[1582]: Iteration 37 PASSED
machine # [  177.418180] thp-madv-remove-test[1582]: --- Iteration 38/1000 ---
machine # [  177.446541] thp-madv-remove-test[2217]: post-sleep failures: 0
machine # [  177.449678] thp-madv-remove-test[1582]:   Child: 302410 pages verified, 0 failures
machine # [  177.453604] thp-madv-remove-test[1582]:   All 4388 non-punched pages verified OK
machine # [  177.453789] thp-madv-remove-test[1582]:   Parent verification failures: 0
machine # [  177.462271] thp-madv-remove-test[1582]: Iteration 38 PASSED
machine # [  177.464490] thp-madv-remove-test[1582]: --- Iteration 39/1000 ---
machine # [  183.083238] thp-madv-remove-test[2234]: post-sleep failures: 0
machine # [  183.086473] thp-madv-remove-test[1582]:   Child: 950933 pages verified, 0 failures
machine # [  183.089495] thp-madv-remove-test[1582]:   All 4388 non-punched pages verified OK
machine # [  183.089691] thp-madv-remove-test[1582]:   Parent verification failures: 0
machine # [  183.096431] thp-madv-remove-test[1582]: Iteration 39 PASSED
machine # [  183.098402] thp-madv-remove-test[1582]: --- Iteration 40/1000 ---
machine # [  183.277950] thp-madv-remove-test[2252]: post-sleep failures: 0
machine # [  183.280988] thp-madv-remove-test[1582]:   Child: 530305 pages verified, 0 failures
machine # [  183.284334] thp-madv-remove-test[1582]:   All 4388 non-punched pages verified OK
machine # [  183.287371] thp-madv-remove-test[1582]:   Parent verification failures: 0
machine # [  183.292803] thp-madv-remove-test[1582]: Iteration 40 PASSED
machine # [  183.294755] thp-madv-remove-test[1582]: --- Iteration 41/1000 ---
machine # [  183.472236] thp-madv-remove-test[2269]: post-sleep failures: 0
machine # [  183.474979] thp-madv-remove-test[1582]:   Child: 657350 pages verified, 0 failures
machine # [  183.478337] thp-madv-remove-test[1582]:   All 4388 non-punched pages verified OK
machine # [  183.479994] thp-madv-remove-test[1582]:   Parent verification failures: 0
machine # [  183.484250] thp-madv-remove-test[1582]: Iteration 41 PASSED
machine # [  183.485935] thp-madv-remove-test[1582]: --- Iteration 42/1000 ---
machine # [  183.520811] thp-madv-remove-test[2286]: post-sleep failures: 0
machine # [  183.523699] thp-madv-remove-test[1582]:   Child: 696752 pages verified, 0 failures
machine # [  183.527194] thp-madv-remove-test[1582]:   All 4388 non-punched pages verified OK
machine # [  183.530146] thp-madv-remove-test[1582]:   Parent verification failures: 0
machine # [  183.534290] thp-madv-remove-test[1582]: Iteration 42 PASSED
machine # [  183.535732] thp-madv-remove-test[1582]: --- Iteration 43/1000 ---
machine # [  183.569241] thp-madv-remove-test[2303]: post-sleep failures: 0
machine # [  183.572697] thp-madv-remove-test[1582]:   Child: 609170 pages verified, 0 failures
machine # [  183.576279] thp-madv-remove-test[1582]:   All 4388 non-punched pages verified OK
machine # [  183.579375] thp-madv-remove-test[1582]:   Parent verification failures: 0
machine # [  183.581922] thp-madv-remove-test[1582]: Iteration 43 PASSED
machine # [  183.583774] thp-madv-remove-test[1582]: --- Iteration 44/1000 ---
machine # [  183.617318] thp-madv-remove-test[2320]: post-sleep failures: 0
machine # [  183.619289] thp-madv-remove-test[1582]:   Child: 609147 pages verified, 0 failures
machine # [  183.621871] thp-madv-remove-test[1582]:   All 4388 non-punched pages verified OK
machine # [  183.625923] thp-madv-remove-test[1582]:   Parent verification failures: 0
machine # [  183.628878] thp-madv-remove-test[1582]: Iteration 44 PASSED
machine # [  183.630619] thp-madv-remove-test[1582]: --- Iteration 45/1000 ---
machine # [  183.967521] thp-madv-remove-test[2337]: post-sleep failures: 0
machine # [  183.971798] thp-madv-remove-test[1582]:   Child: 512900 pages verified, 0 failures
machine # [  183.979429] thp-madv-remove-test[1582]:   All 4388 non-punched pages verified OK
machine # [  183.981538] thp-madv-remove-test[1582]:   Parent verification failures: 0
machine # [  183.988111] thp-madv-remove-test[1582]: Iteration 45 PASSED
machine # [  183.989858] thp-madv-remove-test[1582]: --- Iteration 46/1000 ---
machine # [  184.025959] thp-madv-remove-test[2354]: post-sleep failures: 0
machine # [  184.028883] thp-madv-remove-test[1582]:   Child: 758137 pages verified, 0 failures
machine # [  184.032669] thp-madv-remove-test[1582]:   All 4388 non-punched pages verified OK
machine # [  184.035817] thp-madv-remove-test[1582]:   Parent verification failures: 0
machine # [  184.040002] thp-madv-remove-test[1582]: Iteration 46 PASSED
machine # [  184.042758] thp-madv-remove-test[1582]: --- Iteration 47/1000 ---
machine # [  184.079505] thp-madv-remove-test[2371]: post-sleep failures: 0
machine # [  184.082270] thp-madv-remove-test[1582]:   Child: 661678 pages verified, 0 failures
machine # [  184.085717] thp-madv-remove-test[1582]:   All 4388 non-punched pages verified OK
machine # [  184.089499] thp-madv-remove-test[1582]:   Parent verification failures: 0
machine # [  184.094475] thp-madv-remove-test[1582]: Iteration 47 PASSED
machine # [  184.096208] thp-madv-remove-test[1582]: --- Iteration 48/1000 ---
machine # [  184.603432] thp-madv-remove-test[2388]: post-sleep failures: 0
machine # [  184.605532] thp-madv-remove-test[1582]:   Child: 924719 pages verified, 0 failures
machine # [  184.606727] thp-madv-remove-test[1582]:   All 4388 non-punched pages verified OK
machine # [  184.608891] thp-madv-remove-test[1582]:   Parent verification failures: 0
machine # [  184.613473] thp-madv-remove-test[1582]: Iteration 48 PASSED
machine # [  184.613864] thp-madv-remove-test[1582]: --- Iteration 49/1000 ---
machine # [  185.124768] thp-madv-remove-test[2405]: post-sleep failures: 0
machine # [  185.128283] thp-madv-remove-test[1582]:   Child: 867661 pages verified, 0 failures
machine # [  185.131377] thp-madv-remove-test[1582]:   All 4388 non-punched pages verified OK
machine # [  185.132692] thp-madv-remove-test[1582]:   Parent verification failures: 0
machine # [  185.138341] thp-madv-remove-test[1582]: Iteration 49 PASSED
machine # [  185.139510] thp-madv-remove-test[1582]: --- Iteration 50/1000 ---
machine # [  185.329275] thp-madv-remove-test[2422]: post-sleep failures: 0
machine # [  185.331841] thp-madv-remove-test[1582]:   Child: 455789 pages verified, 0 failures
machine # [  185.335478] thp-madv-remove-test[1582]:   All 4388 non-punched pages verified OK
machine # [  185.335824] thp-madv-remove-test[1582]:   Parent verification failures: 0
machine # [  185.344730] thp-madv-remove-test[1582]: Iteration 50 PASSED
machine # [  185.347004] thp-madv-remove-test[1582]: --- Iteration 51/1000 ---
machine # [  185.978781] thp-madv-remove-test[2439]: post-sleep failures: 0
machine # [  185.986225] thp-madv-remove-test[1582]:   Child: 429507 pages verified, 0 failures
machine # [  185.991213] thp-madv-remove-test[1582]:   All 4388 non-punched pages verified OK
machine # [  185.991501] thp-madv-remove-test[1582]:   Parent verification failures: 0
machine # [  186.002589] thp-madv-remove-test[1582]: Iteration 51 PASSED
machine # [  186.002981] thp-madv-remove-test[1582]: --- Iteration 52/1000 ---
machine # [  186.220925] thp-madv-remove-test[2456]: post-sleep failures: 0
machine # [  186.223872] thp-madv-remove-test[1582]:   Child: 1411113 pages verified, 0 failures
machine # [  186.226518] thp-madv-remove-test[1582]:   All 4388 non-punched pages verified OK
machine # [  186.227359] thp-madv-remove-test[1582]:   Parent verification failures: 0
machine # [  186.231889] thp-madv-remove-test[1582]: Iteration 52 PASSED
machine # [  186.232983] thp-madv-remove-test[1582]: --- Iteration 53/1000 ---
machine # [  186.277258] thp-madv-remove-test[2473]: post-sleep failures: 0
machine # [  186.281721] thp-madv-remove-test[1582]:   Child: 999130 pages verified, 0 failures
machine # [  186.287304] thp-madv-remove-test[1582]:   All 4388 non-punched pages verified OK
machine # [  186.289527] thp-madv-remove-test[1582]:   Parent verification failures: 0
machine # [  186.293899] thp-madv-remove-test[1582]: Iteration 53 PASSED
machine # [  186.298275] thp-madv-remove-test[1582]: --- Iteration 54/1000 ---
machine # [  186.331827] thp-madv-remove-test[2490]: post-sleep failures: 0
machine # [  186.335334] thp-madv-remove-test[1582]:   Child: 517104 pages verified, 0 failures
machine # [  186.338543] thp-madv-remove-test[1582]:   All 4388 non-punched pages verified OK
machine # [  186.338886] thp-madv-remove-test[1582]:   Parent verification failures: 0
machine # [  186.344507] thp-madv-remove-test[1582]: Iteration 54 PASSED
machine # [  186.346428] thp-madv-remove-test[1582]: --- Iteration 55/1000 ---
machine # [  186.990130] thp-madv-remove-test[2508]: post-sleep failures: 0
machine # [  186.992232] thp-madv-remove-test[1582]:   Child: 819505 pages verified, 0 failures
machine # [  186.994501] thp-madv-remove-test[1582]:   All 4388 non-punched pages verified OK
machine # [  186.995477] thp-madv-remove-test[1582]:   Parent verification failures: 0
machine # [  187.000471] thp-madv-remove-test[1582]: Iteration 55 PASSED
machine # [  187.001986] thp-madv-remove-test[1582]: --- Iteration 56/1000 ---
machine # [  191.353692] thp-madv-remove-test[2525]: post-sleep failures: 0
machine # [  191.356520] thp-madv-remove-test[1582]:   Child: 70112 pages verified, 0 failures
machine # [  191.359760] thp-madv-remove-test[1582]:   All 4388 non-punched pages verified OK
machine # [  191.361893] thp-madv-remove-test[1582]:   Parent verification failures: 0
machine # [  191.369309] thp-madv-remove-test[1582]: Iteration 56 PASSED
machine # [  191.371351] thp-madv-remove-test[1582]: --- Iteration 57/1000 ---
machine # [  191.700368] thp-madv-remove-test[2543]: post-sleep failures: 0
machine # [  191.704297] thp-madv-remove-test[1582]:   Child: 539002 pages verified, 0 failures
machine # [  191.708916] thp-madv-remove-test[1582]:   All 4388 non-punched pages verified OK
machine # [  191.711628] thp-madv-remove-test[1582]:   Parent verification failures: 0
machine # [  191.715714] thp-madv-remove-test[1582]: Iteration 57 PASSED
machine # [  191.717713] thp-madv-remove-test[1582]: --- Iteration 58/1000 ---
machine # [  192.538576] thp-madv-remove-test[2560]: post-sleep failures: 0
machine # [  192.543815] thp-madv-remove-test[1582]:   Child: 569771 pages verified, 0 failures
machine # [  192.548351] thp-madv-remove-test[1582]:   All 4388 non-punched pages verified OK
machine # [  192.549062] thp-madv-remove-test[1582]:   Parent verification failures: 0
machine # [  192.554351] thp-madv-remove-test[1582]: Iteration 58 PASSED
machine # [  192.555972] thp-madv-remove-test[1582]: --- Iteration 59/1000 ---
machine # [  192.740992] thp-madv-remove-test[2577]: post-sleep failures: 0
machine # [  192.744561] thp-madv-remove-test[1582]:   Child: 749473 pages verified, 0 failures
machine # [  192.748255] thp-madv-remove-test[1582]:   All 4388 non-punched pages verified OK
machine # [  192.752568] thp-madv-remove-test[1582]:   Parent verification failures: 0
machine # [  192.754753] thp-madv-remove-test[1582]: Iteration 59 PASSED
machine # [  192.756521] thp-madv-remove-test[1582]: --- Iteration 60/1000 ---
machine # [  192.797833] thp-madv-remove-test[2594]: post-sleep failures: 0
machine # [  192.801708] thp-madv-remove-test[1582]:   Child: 1025489 pages verified, 0 failures
machine # [  192.804748] thp-madv-remove-test[1582]:   All 4388 non-punched pages verified OK
machine # [  192.807726] thp-madv-remove-test[1582]:   Parent verification failures: 0
machine # [  192.810273] thp-madv-remove-test[1582]: Iteration 60 PASSED
machine # [  192.811800] thp-madv-remove-test[1582]: --- Iteration 61/1000 ---
machine # [  192.849692] thp-madv-remove-test[2611]: post-sleep failures: 0
machine # [  192.851912] thp-madv-remove-test[1582]:   Child: 692377 pages verified, 0 failures
machine # [  192.854492] thp-madv-remove-test[1582]:   All 4388 non-punched pages verified OK
machine # [  192.856708] thp-madv-remove-test[1582]:   Parent verification failures: 0
machine # [  192.860551] thp-madv-remove-test[1582]: Iteration 61 PASSED
machine # [  192.862299] thp-madv-remove-test[1582]: --- Iteration 62/1000 ---
machine # [  192.898471] thp-madv-remove-test[2628]: post-sleep failures: 0
machine # [  192.900819] thp-madv-remove-test[1582]:   Child: 744953 pages verified, 0 failures
machine # [  192.904857] thp-madv-remove-test[1582]:   All 4388 non-punched pages verified OK
machine # [  192.907222] thp-madv-remove-test[1582]:   Parent verification failures: 0
machine # [  192.913106] thp-madv-remove-test[1582]: Iteration 62 PASSED
machine # [  192.913875] thp-madv-remove-test[1582]: --- Iteration 63/1000 ---
machine # [  192.964721] thp-madv-remove-test[2645]: post-sleep failures: 0
machine # [  192.969755] thp-madv-remove-test[1582]:   Child: 1042939 pages verified, 0 failures
machine # [  192.974308] thp-madv-remove-test[1582]:   All 4388 non-punched pages verified OK
machine # [  192.977213] thp-madv-remove-test[1582]:   Parent verification failures: 0
machine # [  192.980549] thp-madv-remove-test[1582]: Iteration 63 PASSED
machine # [  192.982817] thp-madv-remove-test[1582]: --- Iteration 64/1000 ---
machine # [  193.036265] thp-madv-remove-test[2662]: post-sleep failures: 0
machine # [  193.038298] thp-madv-remove-test[1582]:   Child: 1218268 pages verified, 0 failures
machine # [  193.041327] thp-madv-remove-test[1582]:   All 4388 non-punched pages verified OK
machine # [  193.042729] thp-madv-remove-test[1582]:   Parent verification failures: 0
machine # [  193.051503] thp-madv-remove-test[1582]: Iteration 64 PASSED
machine # [  193.052458] thp-madv-remove-test[1582]: --- Iteration 65/1000 ---
machine # [  193.236898] thp-madv-remove-test[2679]: post-sleep failures: 0
machine # [  193.240896] thp-madv-remove-test[1582]:   Child: 477644 pages verified, 0 failures
machine # [  193.244816] thp-madv-remove-test[1582]:   All 4388 non-punched pages verified OK
machine # [  193.245841] thp-madv-remove-test[1582]:   Parent verification failures: 0
machine # [  193.252716] thp-madv-remove-test[1582]: Iteration 65 PASSED
machine # [  193.254623] thp-madv-remove-test[1582]: --- Iteration 66/1000 ---
machine # [  193.587719] thp-madv-remove-test[2696]: post-sleep failures: 0
machine # [  193.593931] thp-madv-remove-test[1582]:   Child: 486462 pages verified, 0 failures
machine # [  193.598298] thp-madv-remove-test[1582]:   All 4388 non-punched pages verified OK
machine # [  193.601352] thp-madv-remove-test[1582]:   Parent verification failures: 0
machine # [  193.606195] thp-madv-remove-test[1582]: Iteration 66 PASSED
machine # [  193.608812] thp-madv-remove-test[1582]: --- Iteration 67/1000 ---
machine # [  193.637926] thp-madv-remove-test[2713]: post-sleep failures: 0
machine # [  193.643386] thp-madv-remove-test[1582]:   Child: 372516 pages verified, 0 failures
machine # [  193.648261] thp-madv-remove-test[1582]:   All 4388 non-punched pages verified OK
machine # [  193.648961] thp-madv-remove-test[1582]:   Parent verification failures: 0
machine # [  193.657605] thp-madv-remove-test[1582]: Iteration 67 PASSED
machine # [  193.659768] thp-madv-remove-test[1582]: --- Iteration 68/1000 ---
machine # [  193.848766] thp-madv-remove-test[2730]: post-sleep failures: 0
machine # [  193.853737] thp-madv-remove-test[1582]:   Child: 451372 pages verified, 0 failures
machine # [  193.859987] thp-madv-remove-test[1582]:   All 4388 non-punched pages verified OK
machine # [  193.860525] thp-madv-remove-test[1582]:   Parent verification failures: 0
machine # [  193.869711] thp-madv-remove-test[1582]: Iteration 68 PASSED
machine # [  193.872156] thp-madv-remove-test[1582]: --- Iteration 69/1000 ---
machine # [  193.919161] thp-madv-remove-test[2747]: post-sleep failures: 0
machine # [  193.923831] thp-madv-remove-test[1582]:   Child: 1156999 pages verified, 0 failures
machine # [  193.927124] thp-madv-remove-test[1582]:   All 4388 non-punched pages verified OK
machine # [  193.929486] thp-madv-remove-test[1582]:   Parent verification failures: 0
machine # [  193.931577] thp-madv-remove-test[1582]: Iteration 69 PASSED
machine # [  193.933476] thp-madv-remove-test[1582]: --- Iteration 70/1000 ---
machine # [  194.569797] thp-madv-remove-test[2764]: post-sleep failures: 0
machine # [  194.574746] thp-madv-remove-test[1582]:   Child: 328705 pages verified, 0 failures
machine # [  194.580536] thp-madv-remove-test[1582]:   All 4388 non-punched pages verified OK
machine # [  194.580769] thp-madv-remove-test[1582]:   Parent verification failures: 0
machine # [  194.590696] thp-madv-remove-test[1582]: Iteration 70 PASSED
machine # [  194.591823] thp-madv-remove-test[1582]: --- Iteration 71/1000 ---
machine # [  194.621950] thp-madv-remove-test[2782]: post-sleep failures: 0
machine # [  194.625839] thp-madv-remove-test[1582]:   Child: 267371 pages verified, 0 failures
machine # [  194.629715] thp-madv-remove-test[1582]:   All 4388 non-punched pages verified OK
machine # [  194.631225] thp-madv-remove-test[1582]:   Parent verification failures: 0
machine # [  194.639826] thp-madv-remove-test[1582]: Iteration 71 PASSED
machine # [  194.641689] thp-madv-remove-test[1582]: --- Iteration 72/1000 ---
machine # [  199.832301] thp-madv-remove-test[2799]: post-sleep failures: 0
machine # [  199.836221] thp-madv-remove-test[1582]:   Child: 543450 pages verified, 0 failures
machine # [  199.839271] thp-madv-remove-test[1582]:   All 4388 non-punched pages verified OK
machine # [  199.839512] thp-madv-remove-test[1582]:   Parent verification failures: 0
machine # [  199.849576] thp-madv-remove-test[1582]: Iteration 72 PASSED
machine # [  199.849906] thp-madv-remove-test[1582]: --- Iteration 73/1000 ---
machine # [  200.036918] thp-madv-remove-test[2816]: post-sleep failures: 0
machine # [  200.039797] thp-madv-remove-test[1582]:   Child: 736275 pages verified, 0 failures
machine # [  200.042870] thp-madv-remove-test[1582]:   All 4388 non-punched pages verified OK
machine # [  200.043903] thp-madv-remove-test[1582]:   Parent verification failures: 0
machine # [  200.049764] thp-madv-remove-test[1582]: Iteration 73 PASSED
machine # [  200.050594] thp-madv-remove-test[1582]: --- Iteration 74/1000 ---
machine # [  200.099662] thp-madv-remove-test[2833]: post-sleep failures: 0
machine # [  200.102285] thp-madv-remove-test[1582]:   Child: 1240150 pages verified, 0 failures
machine # [  200.104894] thp-madv-remove-test[1582]:   All 4388 non-punched pages verified OK
