Machine state will be reset. To keep it, pass --keep-vm-state
start all VLans
start vlan
running vlan (pid 6; ctl /build/vde1.ctl)
(finished: start all VLans, in 0.00 seconds)
Test will time out and terminate in 3600 seconds
run the VM test script
additionally exposed symbols:
    machine,
    vlan1,
    start_all, test_script, machines, vlans, driver, log, os, create_machine, subtest, run_tests, join_all, retry, serial_stdout_off, serial_stdout_on, polling_condition, Machine
machine: waiting for unit multi-user.target
machine: waiting for the VM to finish booting
machine: starting vm
mke2fs 1.47.0 (5-Feb-2023)
machine: QEMU running (pid 8)
machine # Disk image do not exist, creating the virtualisation disk image...
machine # Formatting '/build/vm-state-machine/tmp.cokSVv1v9T', fmt=raw size=1073741824
machine # Discarding device blocks:      0/26214            done
machine # Creating filesystem with 262144 4k blocks and 65536 inodes
machine # Filesystem UUID: cb176433-8cc0-40d6-8347-5e6b76f2aed0
machine # Superblock backups stored on blocks:
machine # 	32768, 98304, 163840, 229376
machine # 
machine # Allocating group tables: 0/  done
machine # Writing inode tables: 0/  done
machine # Creating journal (8192 blocks): done
machine # Writing superblocks and filesystem accounting information: 0/  done
machine # 
machine # Virtualisation disk image created.
machine # cSeaBIOS (version rel-1.16.3-0-ga6ed6b701f0a-prebuilt.qemu.org)
machine # 
machine # 
machine # iPXE (http://ipxe.org) 00:03.0 CA00 PCI2.10 PnP PMM+BEFD0AF0+BEF30AF0 CA00
machine # Press Ctrl-B to configure iPXE (PCI 00:03.0)...
machine # 
machine # 
machine # 
machine # 
machine # iPXE (http://ipxe.org) 00:09.0 CB00 PCI2.10 PnP PMM BEFD0AF0 BEF30AF0 CB00
machine # Press Ctrl-B to configure iPXE (PCI 00:09.0)...
machine # 
machine # 
machine # Booting from ROM...
machine: Guest root shell did not produce any data yet...
machine:   To debug, enter the VM and run 'systemctl status backdoor.service'.
machine # Probing EDD (edd=off to disable)... ock[    0.000000] Linux version 6.14.0-rc6 (nixbld@localhost) (gcc (GCC) 13.2.0, GNU ld (GNU Binutils) 2.41) #1-NixOS SMP PREEMPT_DYNAMIC Tue Jan  1 00:00:00 UTC 1980
machine # [    0.000000] Command line: console=ttyS0 panic=1 boot.panic_on_fail clocksource=acpi_pm loglevel=7 net.ifnames=0 init=/nix/store/a34xwis930rv6jyp0szi2278kjanwml5-nixos-system-machine-test/init regInfo=/nix/store/c42if3mhmrsq5d8aj61qsa4g57nr1q15-closure-info/registration console=ttyS0
machine # [    0.000000] BIOS-provided physical RAM map:
machine # [    0.000000] BIOS-e820: [mem 0x0000000000000000-0x000000000009fbff] usable
machine # [    0.000000] BIOS-e820: [mem 0x000000000009fc00-0x000000000009ffff] reserved
machine # [    0.000000] BIOS-e820: [mem 0x00000000000f0000-0x00000000000fffff] reserved
machine # [    0.000000] BIOS-e820: [mem 0x0000000000100000-0x00000000bffdafff] usable
machine # [    0.000000] BIOS-e820: [mem 0x00000000bffdb000-0x00000000bfffffff] reserved
machine # [    0.000000] BIOS-e820: [mem 0x00000000feffc000-0x00000000feffffff] reserved
machine # [    0.000000] BIOS-e820: [mem 0x00000000fffc0000-0x00000000ffffffff] reserved
machine # [    0.000000] BIOS-e820: [mem 0x0000000100000000-0x000000043fffffff] usable
machine # [    0.000000] BIOS-e820: [mem 0x000000fd00000000-0x000000ffffffffff] reserved
machine # [    0.000000] NX (Execute Disable) protection: active
machine # [    0.000000] APIC: Static calls initialized
machine # [    0.000000] SMBIOS 3.0.0 present.
machine # [    0.000000] DMI: QEMU Standard PC (i440FX + PIIX, 1996), BIOS rel-1.16.3-0-ga6ed6b701f0a-prebuilt.qemu.org 04/01/2014
machine # [    0.000000] DMI: Memory slots populated: 1/1
machine # [    0.000000] Hypervisor detected: KVM
machine # [    0.000000] kvm-clock: Using msrs 4b564d01 and 4b564d00
machine # [    0.000000] kvm-clock: using sched offset of 482855828 cycles
machine # [    0.000003] clocksource: kvm-clock: mask: 0xffffffffffffffff max_cycles: 0x1cd42e4dffb, max_idle_ns: 881590591483 ns
machine # [    0.000006] tsc: Detected 3000.004 MHz processor
machine # [    0.000988] last_pfn = 0x440000 max_arch_pfn = 0x400000000
machine # [    0.001030] MTRR map: 4 entries (3 fixed + 1 variable; max 19), built from 8 variable MTRRs
machine # [    0.001033] x86/PAT: Configuration [0-7]: WB  WC  UC- UC  WB  WP  UC- WT
machine # [    0.001094] last_pfn = 0xbffdb max_arch_pfn = 0x400000000
machine # [    0.003560] found SMP MP-table at [mem 0x000f5430-0x000f543f]
machine # [    0.003573] Using GB pages for direct mapping
machine # [    0.003812] RAMDISK: [mem 0xbf469000-0xbffcffff]
machine # [    0.003821] ACPI: Early table checksum verification disabled
machine # [    0.003824] ACPI: RSDP 0x00000000000F5220 000014 (v00 BOCHS )
machine # [    0.003831] ACPI: RSDT 0x00000000BFFE2844 000034 (v01 BOCHS  BXPC     00000001 BXPC 00000001)
machine # [    0.003837] ACPI: FACP 0x00000000BFFE2600 000074 (v01 BOCHS  BXPC     00000001 BXPC 00000001)
machine # [    0.003841] ACPI: DSDT 0x00000000BFFE0040 0025C0 (v01 BOCHS  BXPC     00000001 BXPC 00000001)
machine # [    0.003844] ACPI: FACS 0x00000000BFFE0000 000040
machine # [    0.003847] ACPI: APIC 0x00000000BFFE2674 000170 (v03 BOCHS  BXPC     00000001 BXPC 00000001)
machine # [    0.003849] ACPI: HPET 0x00000000BFFE27E4 000038 (v01 BOCHS  BXPC     00000001 BXPC 00000001)
machine # [    0.003851] ACPI: WAET 0x00000000BFFE281C 000028 (v01 BOCHS  BXPC     00000001 BXPC 00000001)
machine # [    0.003853] ACPI: Reserving FACP table memory at [mem 0xbffe2600-0xbffe2673]
machine # [    0.003855] ACPI: Reserving DSDT table memory at [mem 0xbffe0040-0xbffe25ff]
machine # [    0.003855] ACPI: Reserving FACS table memory at [mem 0xbffe0000-0xbffe003f]
machine # [    0.003856] ACPI: Reserving APIC table memory at [mem 0xbffe2674-0xbffe27e3]
machine # [    0.003857] ACPI: Reserving HPET table memory at [mem 0xbffe27e4-0xbffe281b]
machine # [    0.003857] ACPI: Reserving WAET table memory at [mem 0xbffe281c-0xbffe2843]
machine # [    0.004183] No NUMA configuration found
machine # [    0.004184] Faking a node at [mem 0x0000000000000000-0x000000043fffffff]
machine # [    0.004187] NODE_DATA(0) allocated [mem 0x43fffaac0-0x43fffffff]
machine # [    0.004531] Zone ranges:
machine # [    0.004532]   DMA      [mem 0x0000000000001000-0x0000000000ffffff]
machine # [    0.004534]   DMA32    [mem 0x0000000001000000-0x00000000ffffffff]
machine # [    0.004535]   Normal   [mem 0x0000000100000000-0x000000043fffffff]
machine # [    0.004536]   Device   empty
machine # [    0.004537] Movable zone start for each node
machine # [    0.004538] Early memory node ranges
machine # [    0.004538]   node   0: [mem 0x0000000000001000-0x000000000009efff]
machine # [    0.004540]   node   0: [mem 0x0000000000100000-0x00000000bffdafff]
machine # [    0.004542]   node   0: [mem 0x0000000100000000-0x000000043fffffff]
machine # [    0.004543] Initmem setup node 0 [mem 0x0000000000001000-0x000000043fffffff]
machine # [    0.004845] On node 0, zone DMA: 1 pages in unavailable ranges
machine # [    0.004860] On node 0, zone DMA: 97 pages in unavailable ranges
machine # [   29.186897] On node 0, zone Normal: 37 pages in unavailable ranges
machine # [   29.187603] ACPI: PM-Timer IO Port: 0x608
machine # [   29.187628] ACPI: LAPIC_NMI (acpi_id[0xff] dfl dfl lint[0x1])
machine # [   29.187677] IOAPIC[0]: apic_id 0, version 17, address 0xfec00000, GSI 0-23
machine # [   29.187679] ACPI: INT_SRC_OVR (bus 0 bus_irq 0 global_irq 2 dfl dfl)
machine # [   29.187682] ACPI: INT_SRC_OVR (bus 0 bus_irq 5 global_irq 5 high level)
machine # [   29.187683] ACPI: INT_SRC_OVR (bus 0 bus_irq 9 global_irq 9 high level)
machine # [   29.187684] ACPI: INT_SRC_OVR (bus 0 bus_irq 10 global_irq 10 high level)
machine # [   29.187685] ACPI: INT_SRC_OVR (bus 0 bus_irq 11 global_irq 11 high level)
machine # [   29.187688] ACPI: Using ACPI (MADT) for SMP configuration information
machine # [   29.187690] ACPI: HPET id: 0x8086a201 base: 0xfed00000
machine # [   29.187697] TSC deadline timer available
machine # [   29.187704] CPU topo: Max. logical packages:   1
machine # [   29.187705] CPU topo: Max. logical dies:       1
machine # [   29.187705] CPU topo: Max. dies per package:   1
machine # [   29.187710] CPU topo: Max. threads per core:   1
machine # [   29.187711] CPU topo: Num. cores per package:    32
machine # [   29.187712] CPU topo: Num. threads per package:  32
machine # [   29.187713] CPU topo: Allowing 32 present CPUs plus 0 hotplug CPUs
machine # [   29.187742] kvm-guest: APIC: eoi() replaced with kvm_guest_apic_eoi_write()
machine # [   29.187771] kvm-guest: KVM setup pv remote TLB flush
machine # [   29.187775] kvm-guest: setup PV sched yield
machine # [   29.187787] PM: hibernation: Registered nosave memory: [mem 0x00000000-0x00000fff]
machine # [   29.187788] PM: hibernation: Registered nosave memory: [mem 0x0009f000-0x0009ffff]
machine # [   29.187790] PM: hibernation: Registered nosave memory: [mem 0x000a0000-0x000effff]
machine # [   29.187790] PM: hibernation: Registered nosave memory: [mem 0x000f0000-0x000fffff]
machine # [   29.187791] PM: hibernation: Registered nosave memory: [mem 0xbffdb000-0xbfffffff]
machine # [   29.187792] PM: hibernation: Registered nosave memory: [mem 0xc0000000-0xfeffbfff]
machine # [   29.187793] PM: hibernation: Registered nosave memory: [mem 0xfeffc000-0xfeffffff]
machine # [   29.187793] PM: hibernation: Registered nosave memory: [mem 0xff000000-0xfffbffff]
machine # [   29.187794] PM: hibernation: Registered nosave memory: [mem 0xfffc0000-0xffffffff]
machine # [   29.187796] [mem 0xc0000000-0xfeffbfff] available for PCI devices
machine # [   29.187797] Booting paravirtualized kernel on KVM
machine # [   29.187801] clocksource: refined-jiffies: mask: 0xffffffff max_cycles: 0xffffffff, max_idle_ns: 1910969940391419 ns
machine # [   29.193019] setup_percpu: NR_CPUS:384 nr_cpumask_bits:32 nr_cpu_ids:32 nr_node_ids:1
machine # [   34.830925] percpu: Embedded 87 pages/cpu s233472 r8192 d114688 u524288
machine # [   34.831079] kvm-guest: PV spinlocks enabled
machine # [   34.831084] PV qspinlock hash table entries: 256 (order: 0, 4096 bytes, linear)
machine # [   34.831091] Kernel command line: console=ttyS0 panic=1 boot.panic_on_fail clocksource=acpi_pm loglevel=7 net.ifnames=0 init=/nix/store/a34xwis930rv6jyp0szi2278kjanwml5-nixos-system-machine-test/init regInfo=/nix/store/c42if3mhmrsq5d8aj61qsa4g57nr1q15-closure-info/registration console=ttyS0
machine # [   34.831319] Unknown kernel command line parameters "regInfo=/nix/store/c42if3mhmrsq5d8aj61qsa4g57nr1q15-closure-info/registration", will be passed to user space.
machine # [   34.831351] random: crng init done
machine # [   34.831352] printk: log buffer data + meta data: 262144 + 917504 = 1179648 bytes
machine # [   35.708313] Dentry cache hash table entries: 2097152 (order: 12, 16777216 bytes, linear)
machine # [   36.143608] Inode-cache hash table entries: 1048576 (order: 11, 8388608 bytes, linear)
machine # [   36.143883] software IO TLB: area num 32.
machine # [   43.319451] Fallback order for Node 0: 0
machine # [   43.319602] Built 1 zonelists, mobility grouping on.  Total pages: 4194169
machine # [   43.319606] Policy zone: Normal
machine # [   43.438704] mem auto-init: stack:all(zero), heap alloc:off, heap free:off
machine # [   43.650847] SLUB: HWalign=64, Order=0-3, MinObjects=0, CPUs=32, Nodes=1
machine # [   43.651271] ftrace: allocating 45419 entries in 178 pages
machine # [   43.676492] ftrace: allocated 178 pages with 4 groups
machine # [   43.678089] Dynamic Preempt: voluntary
machine # [   43.880142] rcu: Preemptible hierarchical RCU implementation.
machine # [   43.880148] rcu: 	RCU event tracing is enabled.
machine # [   43.880149] rcu: 	RCU restricting CPUs from NR_CPUS=384 to nr_cpu_ids=32.
machine # [   43.880154] 	Trampoline variant of Tasks RCU enabled.
machine # [   43.880155] 	Rude variant of Tasks RCU enabled.
machine # [   43.880156] 	Tracing variant of Tasks RCU enabled.
machine # [   43.880157] rcu: RCU calculated value of scheduler-enlistment delay is 100 jiffies.
machine # [   43.880159] rcu: Adjusting geometry for rcu_fanout_leaf=16, nr_cpu_ids=32
machine # [   43.880327] RCU Tasks: Setting shift to 5 and lim to 1 rcu_task_cb_adjust=1 rcu_task_cpu_ids=32.
machine # [   43.880335] RCU Tasks Rude: Setting shift to 5 and lim to 1 rcu_task_cb_adjust=1 rcu_task_cpu_ids=32.
machine # [   43.880342] RCU Tasks Trace: Setting shift to 5 and lim to 1 rcu_task_cb_adjust=1 rcu_task_cpu_ids=32.
machine # [   43.884230] NR_IRQS: 24832, nr_irqs: 680, preallocated irqs: 16
machine # [   43.884763] rcu: srcu_init: Setting srcu_struct sizes based on contention.
machine # [   43.884948] kfence: initialized - using 2097152 bytes for 255 objects at 0x(____ptrval____)-0x(____ptrval____)
machine # [   43.892234] Console: colour VGA+ 80x25
machine # [   43.892315] printk: legacy console [ttyS0] enabled
machine # [   44.081088] ACPI: Core revision 20240827
machine # [   44.082238] clocksource: hpet: mask: 0xffffffff max_cycles: 0xffffffff, max_idle_ns: 19112604467 ns
machine # [   44.084382] APIC: Switch to symmetric I/O mode setup
machine # [   44.085951] x2apic enabled
machine # [   44.086984] APIC: Switched APIC routing to: physical x2apic
machine # [   44.088239] kvm-guest: APIC: send_IPI_mask() replaced with kvm_send_ipi_mask()
machine # [   44.089985] kvm-guest: APIC: send_IPI_mask_allbutself() replaced with kvm_send_ipi_mask_allbutself()
machine # [   44.092003] kvm-guest: setup PV IPIs
machine # [   44.094229] ..TIMER: vector=0x30 apic1=0 pin1=2 apic2=-1 pin2=-1
machine # [   44.095685] clocksource: tsc-early: mask: 0xffffffffffffffff max_cycles: 0x2b3e4942f25, max_idle_ns: 440795326592 ns
machine # [   44.098077] Calibrating delay loop (skipped) preset value.. 6000.00 BogoMIPS (lpj=3000004)
machine # [   44.099181] x86/cpu: User Mode Instruction Prevention (UMIP) activated
machine # [   44.100200] Last level iTLB entries: 4KB 512, 2MB 255, 4MB 127
machine # [   44.101075] Last level dTLB entries: 4KB 512, 2MB 255, 4MB 127, 1GB 0
machine # [   44.102085] Spectre V1 : Mitigation: usercopy/swapgs barriers and __user pointer sanitization
machine # [   44.103079] Spectre V2 : Mitigation: Retpolines
machine # [   44.104075] Spectre V2 : Spectre v2 / SpectreRSB mitigation: Filling RSB on context switch
machine # [   44.105076] Spectre V2 : Spectre v2 / SpectreRSB : Filling RSB on VMEXIT
machine # [   44.106076] Spectre V2 : Enabling Speculation Barrier for firmware calls
machine # [   44.107076] RETBleed: Mitigation: untrained return thunk
machine # [   44.108078] Spectre V2 : mitigation: Enabling conditional Indirect Branch Prediction Barrier
machine # [   44.109077] Speculative Store Bypass: Mitigation: Speculative Store Bypass disabled via prctl
machine # [   44.110076] Speculative Return Stack Overflow: IBPB-extending microcode not applied!
machine # [   44.111076] Speculative Return Stack Overflow: WARNING: See https://kernel.org/doc/html/latest/admin-guide/hw-vuln/srso.html for mitigation options.
machine # [   44.111078] Speculative Return Stack Overflow: Vulnerable: Safe RET, no microcode
machine # [   44.113103] x86/fpu: Supporting XSAVE feature 0x001: 'x87 floating point registers'
machine # [   44.114076] x86/fpu: Supporting XSAVE feature 0x002: 'SSE registers'
machine # [   44.115076] x86/fpu: Supporting XSAVE feature 0x004: 'AVX registers'
machine # [   44.116076] x86/fpu: xstate_offset[2]:  576, xstate_sizes[2]:  256
machine # [   44.117076] x86/fpu: Enabled xstate features 0x7, context size is 832 bytes, using 'compacted' format.
machine # [   44.156254] Freeing SMP alternatives memory: 40K
machine # [   44.157078] pid_max: default: 32768 minimum: 301
machine # [   44.158196] LSM: initializing lsm=capability,landlock,yama,selinux,bpf
machine # [   44.160118] landlock: Up and running.
machine # [   44.160892] Yama: becoming mindful.
machine # [   44.161090] SELinux:  Initializing.
machine # [   44.163188] LSM support for eBPF active
machine # [   44.164419] Mount-cache hash table entries: 32768 (order: 6, 262144 bytes, linear)
machine # [   44.167088] Mountpoint-cache hash table entries: 32768 (order: 6, 262144 bytes, linear)
machine # [   44.171074] smpboot: CPU0: AMD EPYC 7302 16-Core Processor (family: 0x17, model: 0x31, stepping: 0x0)
machine # [   44.172784] Performance Events: Fam17h+ core perfctr, AMD PMU driver.
machine # [   44.173083] ... version:                0
machine # [   44.173920] ... bit width:              48
machine # [   44.174078] ... generic registers:      6
machine # [   44.174922] ... value mask:             0000ffffffffffff
machine # [   44.175079] ... max period:             00007fffffffffff
machine # [   44.176078] ... fixed-purpose events:   0
machine # [   44.176921] ... event mask:             000000000000003f
machine # [   44.177316] signal: max sigframe size: 1776
machine # [   44.178163] rcu: Hierarchical SRCU implementation.
machine # [   44.179079] rcu: 	Max phase no-delay instances is 400.
machine # [   44.181145] Timer migration: 2 hierarchy levels; 8 children per group; 2 crossnode level
machine # [   44.191115] smp: Bringing up secondary CPUs ...
machine # [   44.193800] smpboot: x86: Booting SMP configuration:
machine # [   44.194091] .... node  #0, CPUs:        #1  #2  #3  #4  #5  #6  #7  #8  #9 #10 #11 #12 #13 #14 #15 #16 #17 #18 #19 #20 #21 #22 #23 #24 #25 #26 #27 #28 #29 #30 #31
machine # [   44.258378] smp: Brought up 1 node, 32 CPUs
machine # [   44.259987] smpboot: Total of 32 processors activated (192000.25 BogoMIPS)
machine # [   44.262232] Memory: 16338792K/16776676K available (15096K kernel code, 2485K rwdata, 11888K rodata, 3344K init, 3868K bss, 422180K reserved, 0K cma-reserved)
machine # [   44.265081] devtmpfs: initialized
machine # [   44.266292] x86/mm: Memory block size: 128MB
machine # [   44.273345] clocksource: jiffies: mask: 0xffffffff max_cycles: 0xffffffff, max_idle_ns: 1911260446275000 ns
machine # [   44.274108] futex hash table entries: 8192 (order: 7, 524288 bytes, linear)
machine # [   44.276196] pinctrl core: initialized pinctrl subsystem
machine # [   44.277747] PM: RTC time: 13:02:48, date: 2026-02-26
machine # [   44.286330] NET: Registered PF_NETLINK/PF_ROUTE protocol family
machine # [   44.287505] DMA: preallocated 2048 KiB GFP_KERNEL pool for atomic allocations
machine # [   44.288090] DMA: preallocated 2048 KiB GFP_KERNEL|GFP_DMA pool for atomic allocations
machine # [   44.289098] DMA: preallocated 2048 KiB GFP_KERNEL|GFP_DMA32 pool for atomic allocations
machine # [   44.290139] audit: initializing netlink subsys (disabled)
machine # [   44.291202] audit: type=2000 audit(1772110968.193:1): state=initialized audit_enabled=0 res=1
machine # [   44.291471] thermal_sys: Registered thermal governor 'bang_bang'
machine # [   44.292081] thermal_sys: Registered thermal governor 'step_wise'
machine # [   44.293115] cpuidle: using governor menu
machine # [   44.300095] acpiphp: ACPI Hot Plug PCI Controller Driver version: 0.5
machine # [   44.304038] PCI: Using configuration type 1 for base access
machine # [   44.305080] PCI: Using configuration type 1 for extended access
machine # [   44.307176] kprobes: kprobe jump-optimization is enabled. All kprobes are optimized if possible.
machine # [   44.467174] HugeTLB: allocation took 0ms with hugepage_allocation_threads=8
machine # [   44.483558] HugeTLB: registered 1.00 GiB page size, pre-allocated 0 pages
machine # [   44.485081] HugeTLB: 16380 KiB vmemmap can be freed for a 1.00 GiB page
machine # [   44.486079] HugeTLB: registered 2.00 MiB page size, pre-allocated 0 pages
machine # [   44.488079] HugeTLB: 28 KiB vmemmap can be freed for a 2.00 MiB page
machine # [   44.586386] ACPI: Added _OSI(Module Device)
machine # [   44.588082] ACPI: Added _OSI(Processor Device)
machine # [   44.589080] ACPI: Added _OSI(3.0 _SCP Extensions)
machine # [   44.590079] ACPI: Added _OSI(Processor Aggregator Device)
machine # [   44.593055] ACPI: 1 ACPI AML tables successfully acquired and loaded
machine # [   44.598509] ACPI: Interpreter enabled
machine # [   44.599074] ACPI: PM: (supports S0 S3 S4 S5)
machine # [   44.600081] ACPI: Using IOAPIC for interrupt routing
machine # [   44.601137] PCI: Using host bridge windows from ACPI; if necessary, use "pci=nocrs" and report a bug
machine # [   44.603080] PCI: Using E820 reservations for host bridge windows
machine # [   44.604329] ACPI: Enabled 2 GPEs in block 00 to 0F
machine # [   44.615853] ACPI: PCI Root Bridge [PCI0] (domain 0000 [bus 00-ff])
machine # [   44.619102] acpi PNP0A03:00: _OSC: OS supports [ExtendedConfig ASPM ClockPM Segments MSI HPX-Type3]
machine # [   44.623050] acpiphp: Slot [3] registered
machine # [   44.625134] acpiphp: Slot [4] registered
machine # [   44.626131] acpiphp: Slot [5] registered
machine # [   44.628150] acpiphp: Slot [6] registered
machine # [   44.629130] acpiphp: Slot [7] registered
machine # [   44.631130] acpiphp: Slot [8] registered
machine # [   44.632114] acpiphp: Slot [9] registered
machine # [   44.633124] acpiphp: Slot [10] registered
machine # [   44.634115] acpiphp: Slot [11] registered
machine # [   44.635115] acpiphp: Slot [12] registered
machine # [   44.636124] acpiphp: Slot [13] registered
machine # [   44.637111] acpiphp: Slot [14] registered
machine # [   44.638111] acpiphp: Slot [15] registered
machine # [   44.639112] acpiphp: Slot [16] registered
machine # [   44.640111] acpiphp: Slot [17] registered
machine # [   44.641111] acpiphp: Slot [18] registered
machine # [   44.642100] acpiphp: Slot [19] registered
machine # [   44.643112] acpiphp: Slot [20] registered
machine # [   44.644112] acpiphp: Slot [21] registered
machine # [   44.645113] acpiphp: Slot [22] registered
machine # [   44.646114] acpiphp: Slot [23] registered
machine # [   44.647113] acpiphp: Slot [24] registered
machine # [   44.648111] acpiphp: Slot [25] registered
machine # [   44.649111] acpiphp: Slot [26] registered
machine # [   44.650111] acpiphp: Slot [27] registered
machine # [   44.651123] acpiphp: Slot [28] registered
machine # [   44.652113] acpiphp: Slot [29] registered
machine # [   44.653111] acpiphp: Slot [30] registered
machine # [   44.654111] acpiphp: Slot [31] registered
machine # [   44.655127] PCI host bridge to bus 0000:00
machine # [   44.656100] pci_bus 0000:00: root bus resource [io  0x0000-0x0cf7 window]
machine # [   44.658083] pci_bus 0000:00: root bus resource [io  0x0d00-0xffff window]
machine # [   44.659082] pci_bus 0000:00: root bus resource [mem 0x000a0000-0x000bffff window]
machine # [   44.661081] pci_bus 0000:00: root bus resource [mem 0xc0000000-0xfebfffff window]
machine # [   44.663084] pci_bus 0000:00: root bus resource [mem 0x380000000000-0x38007fffffff window]
machine # [   44.665083] pci_bus 0000:00: root bus resource [bus 00-ff]
machine # [   44.666359] pci 0000:00:00.0: [8086:1237] type 00 class 0x060000 conventional PCI endpoint
machine # [   44.668803] pci 0000:00:01.0: [8086:7000] type 00 class 0x060100 conventional PCI endpoint
machine # [   44.671726] pci 0000:00:01.1: [8086:7010] type 00 class 0x010180 conventional PCI endpoint
machine # [   44.675124] pci 0000:00:01.1: BAR 4 [io  0xc1e0-0xc1ef]
machine # [   44.676129] pci 0000:00:01.1: BAR 0 [io  0x01f0-0x01f7]: legacy IDE quirk
machine # [   44.678083] pci 0000:00:01.1: BAR 1 [io  0x03f6]: legacy IDE quirk
machine # [   44.680083] pci 0000:00:01.1: BAR 2 [io  0x0170-0x0177]: legacy IDE quirk
machine # [   44.681081] pci 0000:00:01.1: BAR 3 [io  0x0376]: legacy IDE quirk
machine # [   44.683307] pci 0000:00:01.2: [8086:7020] type 00 class 0x0c0300 conventional PCI endpoint
machine # [   44.686124] pci 0000:00:01.2: BAR 4 [io  0xc100-0xc11f]
machine # [   44.688016] pci 0000:00:01.3: [8086:7113] type 00 class 0x068000 conventional PCI endpoint
machine # [   44.690561] pci 0000:00:01.3: quirk: [io  0x0600-0x063f] claimed by PIIX4 ACPI
machine # [   44.693093] pci 0000:00:01.3: quirk: [io  0x0700-0x070f] claimed by PIIX4 SMB
machine # [   44.694842] pci 0000:00:02.0: [1234:1111] type 00 class 0x030000 conventional PCI endpoint
machine # [   44.700111] pci 0000:00:02.0: BAR 0 [mem 0xfd000000-0xfdffffff pref]
machine # [   44.701101] pci 0000:00:02.0: BAR 2 [mem 0xfebd0000-0xfebd0fff]
machine # [   44.703115] pci 0000:00:02.0: ROM [mem 0xfebc0000-0xfebcffff pref]
machine # [   44.704224] pci 0000:00:02.0: Video device with shadowed ROM at [mem 0x000c0000-0x000dffff]
machine # [   44.706697] pci 0000:00:03.0: [1af4:1000] type 00 class 0x020000 conventional PCI endpoint
machine # [   44.711089] pci 0000:00:03.0: BAR 0 [io  0xc120-0xc13f]
machine # [   44.713088] pci 0000:00:03.0: BAR 1 [mem 0xfebd1000-0xfebd1fff]
machine # [   44.714116] pci 0000:00:03.0: BAR 4 [mem 0x380000000000-0x380000003fff 64bit pref]
machine # [   44.715088] pci 0000:00:03.0: ROM [mem 0xfeb40000-0xfeb7ffff pref]
machine # [   44.718582] pci 0000:00:04.0: [1af4:1005] type 00 class 0x00ff00 conventional PCI endpoint
machine # [   44.723090] pci 0000:00:04.0: BAR 0 [io  0xc140-0xc15f]
machine # [   44.724088] pci 0000:00:04.0: BAR 1 [mem 0xfebd2000-0xfebd2fff]
machine # [   44.725119] pci 0000:00:04.0: BAR 4 [mem 0x380000004000-0x380000007fff 64bit pref]
machine # [   44.729483] pci 0000:00:05.0: [1af4:1009] type 00 class 0x000200 conventional PCI endpoint
machine # [   44.733091] pci 0000:00:05.0: BAR 0 [io  0xc080-0xc0bf]
machine # [   44.734088] pci 0000:00:05.0: BAR 1 [mem 0xfebd3000-0xfebd3fff]
machine # [   44.735116] pci 0000:00:05.0: BAR 4 [mem 0x380000008000-0x38000000bfff 64bit pref]
machine # [   44.739353] pci 0000:00:06.0: [1af4:1009] type 00 class 0x000200 conventional PCI endpoint
machine # [   44.743092] pci 0000:00:06.0: BAR 0 [io  0xc160-0xc17f]
machine # [   44.744088] pci 0000:00:06.0: BAR 1 [mem 0xfebd4000-0xfebd4fff]
machine # [   44.745124] pci 0000:00:06.0: BAR 4 [mem 0x38000000c000-0x38000000ffff 64bit pref]
machine # [   44.748545] pci 0000:00:07.0: [1af4:1009] type 00 class 0x000200 conventional PCI endpoint
machine # [   44.752093] pci 0000:00:07.0: BAR 0 [io  0xc180-0xc19f]
machine # [   44.753090] pci 0000:00:07.0: BAR 1 [mem 0xfebd5000-0xfebd5fff]
machine # [   44.754124] pci 0000:00:07.0: BAR 4 [mem 0x380000010000-0x380000013fff 64bit pref]
machine # [   44.757511] pci 0000:00:08.0: [1af4:1001] type 00 class 0x010000 conventional PCI endpoint
machine # [   44.764093] pci 0000:00:08.0: BAR 0 [io  0xc000-0xc07f]
machine # [   44.765088] pci 0000:00:08.0: BAR 1 [mem 0xfebd6000-0xfebd6fff]
machine # [   44.767119] pci 0000:00:08.0: BAR 4 [mem 0x380000014000-0x380000017fff 64bit pref]
machine # [   44.770939] pci 0000:00:09.0: [1af4:1000] type 00 class 0x020000 conventional PCI endpoint
machine # [   44.775959] pci 0000:00:09.0: BAR 0 [io  0xc1a0-0xc1bf]
machine # [   44.777088] pci 0000:00:09.0: BAR 1 [mem 0xfebd7000-0xfebd7fff]
machine # [   44.778113] pci 0000:00:09.0: BAR 4 [mem 0x380000018000-0x38000001bfff 64bit pref]
machine # [   44.780089] pci 0000:00:09.0: ROM [mem 0xfeb80000-0xfebbffff pref]
machine # [   44.782451] pci 0000:00:0a.0: [1af4:1052] type 00 class 0x090000 conventional PCI endpoint
machine # [   44.785097] pci 0000:00:0a.0: BAR 1 [mem 0xfebd8000-0xfebd8fff]
machine # [   44.786115] pci 0000:00:0a.0: BAR 4 [mem 0x38000001c000-0x38000001ffff 64bit pref]
machine # [   44.789465] pci 0000:00:0b.0: [1af4:1003] type 00 class 0x078000 conventional PCI endpoint
machine # [   44.793650] pci 0000:00:0b.0: BAR 0 [io  0xc0c0-0xc0ff]
machine # [   44.795091] pci 0000:00:0b.0: BAR 1 [mem 0xfebd9000-0xfebd9fff]
machine # [   44.796124] pci 0000:00:0b.0: BAR 4 [mem 0x380000020000-0x380000023fff 64bit pref]
machine # [   44.799566] pci 0000:00:0c.0: [1af4:1005] type 00 class 0x00ff00 conventional PCI endpoint
machine # [   44.803092] pci 0000:00:0c.0: BAR 0 [io  0xc1c0-0xc1df]
machine # [   44.804095] pci 0000:00:0c.0: BAR 1 [mem 0xfebda000-0xfebdafff]
machine # [   44.805125] pci 0000:00:0c.0: BAR 4 [mem 0x380000024000-0x380000027fff 64bit pref]
machine # [   44.809274] ACPI: PCI: Interrupt link LNKA configured for IRQ 10
machine # [   44.810308] ACPI: PCI: Interrupt link LNKB configured for IRQ 10
machine # [   44.813277] ACPI: PCI: Interrupt link LNKC configured for IRQ 11
machine # [   44.815269] ACPI: PCI: Interrupt link LNKD configured for IRQ 11
machine # [   44.816211] ACPI: PCI: Interrupt link LNKS configured for IRQ 9
machine # [   45.012592] iommu: Default domain type: Translated
machine # [   45.014081] iommu: DMA domain TLB invalidation policy: lazy mode
machine # [   45.015552] ACPI: bus type USB registered
machine # [   45.017133] usbcore: registered new interface driver usbfs
machine # [   45.018091] usbcore: registered new interface driver hub
machine # [   45.019135] usbcore: registered new device driver usb
machine # [   45.023062] NetLabel: Initializing
machine # [   45.025089] NetLabel:  domain hash size = 128
machine # [   45.027083] NetLabel:  protocols = UNLABELED CIPSOv4 CALIPSO
machine # [   45.029148] NetLabel:  unlabeled traffic allowed by default
machine # [   45.031095] PCI: Using ACPI for IRQ routing
machine # [   45.033376] pci 0000:00:02.0: vgaarb: setting as boot VGA device
machine # [   45.034074] pci 0000:00:02.0: vgaarb: bridge control possible
machine # [   45.034074] pci 0000:00:02.0: vgaarb: VGA device added: decodes=io+mem,owns=io+mem,locks=none
machine # [   45.038085] vgaarb: loaded
machine # [   45.038925] hpet0: at MMIO 0xfed00000, IRQs 2, 8, 0
machine # [   45.039080] hpet0: 3 comparators, 64-bit 100.000000 MHz counter
machine # [   45.048753] clocksource: Switched to clocksource kvm-clock
machine # [   45.240210] VFS: Disk quotas dquot_6.6.0
machine # [   45.242335] VFS: Dquot-cache hash table entries: 512 (order 0, 4096 bytes)
machine # [   45.246077] pnp: PnP ACPI init
machine # [   45.247672] pnp: PnP ACPI: found 6 devices
machine # [   45.263073] clocksource: acpi_pm: mask: 0xffffff max_cycles: 0xffffff, max_idle_ns: 2085701024 ns
machine # [   45.268069] clocksource: Switched to clocksource acpi_pm
machine # [   45.271645] NET: Registered PF_INET protocol family
machine # [   45.378263] IP idents hash table entries: 262144 (order: 9, 2097152 bytes, linear)
machine # [   49.792290] tcp_listen_portaddr_hash hash table entries: 8192 (order: 5, 131072 bytes, linear)
machine # [   49.794584] Table-perturb hash table entries: 65536 (order: 6, 262144 bytes, linear)
machine # [   49.796722] TCP established hash table entries: 131072 (order: 8, 1048576 bytes, linear)
machine # [   49.895254] TCP bind hash table entries: 65536 (order: 9, 2097152 bytes, linear)
machine # [   50.006971] TCP: Hash tables configured (established 131072 bind 65536)
machine # [   50.009644] MPTCP token hash table entries: 16384 (order: 6, 393216 bytes, linear)
machine # [   50.011361] UDP hash table entries: 8192 (order: 7, 524288 bytes, linear)
machine # [   50.133271] UDP-Lite hash table entries: 8192 (order: 7, 524288 bytes, linear)
machine # [   50.138893] NET: Registered PF_UNIX/PF_LOCAL protocol family
machine # [   50.140964] NET: Registered PF_XDP protocol family
machine # [   50.142019] pci_bus 0000:00: resource 4 [io  0x0000-0x0cf7 window]
machine # [   50.143341] pci_bus 0000:00: resource 5 [io  0x0d00-0xffff window]
machine # [   50.144672] pci_bus 0000:00: resource 6 [mem 0x000a0000-0x000bffff window]
machine # [   50.146156] pci_bus 0000:00: resource 7 [mem 0xc0000000-0xfebfffff window]
machine # [   50.147642] pci_bus 0000:00: resource 8 [mem 0x380000000000-0x38007fffffff window]
machine # [   50.149412] pci 0000:00:01.0: PIIX3: Enabling Passive Release
machine # [   50.150666] pci 0000:00:00.0: Limiting direct PCI/PCI transfers
machine # [   50.192560] ACPI: \_SB_.LNKD: Enabled at IRQ 11
machine # [   50.234465] pci 0000:00:01.2: quirk_usb_early_handoff+0x0/0x7e0 took 80531 usecs
machine # [   50.236196] PCI: CLS 0 bytes, default 64
machine # [   50.237124] PCI-DMA: Using software bounce buffering for IO (SWIOTLB)
machine # [   50.238034] Trying to unpack rootfs image as initramfs...
machine # [   50.238556] software IO TLB: mapped [mem 0x00000000bb469000-0x00000000bf469000] (64MB)
machine # [   50.238671] clocksource: tsc: mask: 0xffffffffffffffff max_cycles: 0x2b3e4942f25, max_idle_ns: 440795326592 ns
machine # [   50.617559] Initialise system trusted keyrings
machine # [   50.619352] workingset: timestamp_bits=40 max_order=22 bucket_order=0
machine # [   50.643035] Key type asymmetric registered
machine # [   50.643971] Asymmetric key parser 'x509' registered
machine # [   50.645139] Block layer SCSI generic (bsg) driver version 0.4 loaded (major 251)
machine # [   50.647560] io scheduler mq-deadline registered
machine # [   50.648964] io scheduler kyber registered
machine # [   54.061588] Serial: 8250/16550 driver, 4 ports, IRQ sharing enabled
machine # [   54.064641] 00:04: ttyS0 at I/O 0x3f8 (irq = 4, base_baud = 115200) is a 16550A
machine # [   54.217265] Linux agpgart interface v0.103
machine # [   54.218471] ACPI: bus type drm_connector registered
machine # [   54.782804] usbcore: registered new interface driver usbserial_generic
machine # [   54.785958] usbserial: USB Serial support registered for generic
machine # [   54.788770] amd_pstate: the _CPC object is not present in SBIOS or ACPI disabled
machine # [   54.792522] drop_monitor: Initializing network drop monitor service
machine # [   54.794156] NET: Registered PF_INET6 protocol family
machine # [   55.443034] Freeing initrd memory: 11676K
machine # [   55.450008] Segment Routing with IPv6
machine # [   55.451419] In-situ OAM (IOAM) with IPv6
machine # [   55.473012] IPI shorthand broadcast: enabled
machine # [   55.482176] sched_clock: Marking stable (55276021795, 205298716)->(56317471251, -836150740)
machine # [   55.485846] registered taskstats version 1
machine # [   55.593260] Loading compiled-in X.509 certificates
machine # [   55.606409] Demotion targets for Node 0: null
machine # [   55.608544] Key type .fscrypt registered
machine # [   55.609480] Key type fscrypt-provisioning registered
machine # [   55.611155] PM:   Magic number: 14:269:29
machine # [   55.612333] memory memory69: hash matches
machine # [   55.618027] RAS: Correctable Errors collector initialized.
machine # [   55.636084] clk: Disabling unused clocks
machine # [   55.637258] PM: genpd: Disabling unused power domains
machine # [   55.642655] Freeing unused decrypted memory: 2028K
machine # [   55.645440] Freeing unused kernel image (initmem) memory: 3344K
machine # [   55.646528] Write protecting the kernel read-only data: 28672k
machine # [   55.650071] Freeing unused kernel image (text/rodata gap) memory: 1284K
machine # [   55.652594] Freeing unused kernel image (rodata/data gap) memory: 400K
machine # [   55.728476] x86/mm: Checked W+X mappings: passed, no W+X pages found.
machine # [   55.729764] Run /init as init process
machine # 
machine # <<< NixOS Stage 1 >>>
machine # 
machine: Guest root shell did not produce any data yet...
machine:   To debug, enter the VM and run 'systemctl status backdoor.service'.
machine # loading module virtio_balloon...
machine # loading module virtio_console...
machine # loading module virtio_rng...
machine # loading module virtio_gpu...
machine # loading module dm_mod...
machine # [   60.484641] device-mapper: ioctl: 4.49.0-ioctl (2025-01-17) initialised: dm-devel@lists.linux.dev
machine # running udev...
machine # Starting systemd-udevd version 255.9
machine # [   64.962813] rtc_cmos 00:05: RTC can wake from S4
machine # [   64.966431] rtc_cmos 00:05: registered as rtc0
machine # [   64.969425] rtc_cmos 00:05: setting system clock to 2026-02-26T13:03:09 UTC (1772110989)
machine # [   64.971534] rtc_cmos 00:05: alarms up to one day, y3k, 242 bytes nvram, hpet irqs
machine # [   64.973618] hrtimer: interrupt took 3412445 ns
machine # [   65.564277] i8042: PNP: PS/2 Controller [PNP0303:KBD,PNP0f13:MOU] at 0x60,0x64 irq 1,12
machine # [   65.567943] serio: i8042 KBD port at 0x60,0x64 irq 1
machine # [   65.569092] serio: i8042 AUX port at 0x60,0x64 irq 12
machine # [   66.101575] uhci_hcd 0000:00:01.2: UHCI Host Controller
machine # [   66.103202] uhci_hcd 0000:00:01.2: new USB bus registered, assigned bus number 1
machine # [   66.106237] uhci_hcd 0000:00:01.2: detected 2 ports
machine # [   66.108520] uhci_hcd 0000:00:01.2: irq 11, io port 0x0000c100
machine # [   66.112345] SCSI subsystem initialized
machine # [   66.158856] ACPI: \_SB_.LNKC: Enabled at IRQ 10
machine # [   66.224963] usb usb1: New USB device found, idVendor=1d6b, idProduct=0001, bcdDevice= 6.14
machine # [   66.226141] input: AT Translated Set 2 keyboard as /devices/platform/i8042/serio0/input/input0
machine # [   66.228125] usb usb1: New USB device strings: Mfr=3, Product=2, SerialNumber=1
machine # [   66.234495] usb usb1: Product: UHCI Host Controller
machine # [   66.236683] usb usb1: Manufacturer: Linux 6.14.0-rc6 uhci_hcd
machine # [   66.238139] usb usb1: SerialNumber: 0000:00:01.2
machine # [   66.239907] hub 1-0:1.0: USB hub found
machine # [   66.241116] hub 1-0:1.0: 2 ports detected
machine # [   66.433281] ACPI: \_SB_.LNKA: Enabled at IRQ 10
machine # [   66.439218] scsi host0: ata_piix
machine # [   66.442487] scsi host1: ata_piix
machine # [   66.443708] ata1: PATA max MWDMA2 cmd 0x1f0 ctl 0x3f6 bmdma 0xc1e0 irq 14 lpm-pol 0
machine # [   66.446195] ata2: PATA max MWDMA2 cmd 0x170 ctl 0x376 bmdma 0xc1e8 irq 15 lpm-pol 0
machine # [   66.466214] usb 1-1: new full-speed USB device number 2 using uhci_hcd
machine # [   66.487929] ACPI: \_SB_.LNKB: Enabled at IRQ 11
machine # [   66.601988] ata2: found unknown device (class 0)
machine # [   66.605633] ata2.00: ATAPI: QEMU DVD-ROM, 2.5+, max UDMA/100
machine # [   66.611839] scsi 1:0:0:0: CD-ROM            QEMU     QEMU DVD-ROM     2.5+ PQ: 0 ANSI: 5
machine # [   66.638961] usb 1-1: New USB device found, idVendor=0627, idProduct=0001, bcdDevice= 0.00
machine # [   66.642552] usb 1-1: New USB device strings: Mfr=1, Product=3, SerialNumber=10
machine # [   66.645644] usb 1-1: Product: QEMU USB Tablet
machine # [   66.647546] usb 1-1: Manufacturer: QEMU
machine # [   66.648762] usb 1-1: SerialNumber: 28754-0000:00:01.2-1
machine # [   70.395354] clocksource: Long readout interval, skipping watchdog check: cs_nsec: 3226202069 wd_nsec: 3226201957
machine # [   70.414938] hid: raw HID events driver (C) Jiri Kosina
machine # [   70.426541] usbcore: registered new interface driver usbhid
machine # [   70.428040] usbhid: USB HID core driver
machine # [   70.431888] input: QEMU QEMU USB Tablet as /devices/pci0000:00/0000:00:01.2/usb1/1-1/1-1:1.0/0003:0627:0001.0001/input/input2
machine # [   70.435394] hid-generic 0003:0627:0001.0001: input,hidraw0: USB HID v0.01 Mouse [QEMU QEMU USB Tablet] on usb-0000:00:01.2-1/input0
machine # [   70.446060] sr 1:0:0:0: [sr0] scsi3-mmc drive: 4x/4x cd/rw xa/form2 tray
machine # [   70.449332] cdrom: Uniform CD-ROM driver Revision: 3.20
machine # [   70.484337] virtio_blk virtio5: 32/0/0 default/read/poll queues
machine # [   71.190174] virtio_blk virtio5: [vda] 2097152 512-byte logical blocks (1.07 GB/1.00 GiB)
machine # [   71.360274] netfs: FS-Cache loaded
machine # [   71.994576] 9pnet: Installing 9P2000 support
machine # kbd_mode: KDSKBMODE: Inappropriate ioctl for device
machine # %Gstarting device mapper and LVM...
machine # checking /dev/disk/by-label/nixos...
machine # fsck (busybox 1.36.1)
machine # [fsck.ext4 (1) -- /mnt-root/] fsck.ext4 -a /dev/disk/by-label/nixos
machine # nixos: clean, 11/65536 files, 12955/262144 blocks
machine # mounting /dev/disk/by-label/nixos on /...
machine # [   76.570566] EXT4-fs (vda): mounted filesystem cb176433-8cc0-40d6-8347-5e6b76f2aed0 r/w with ordered data mode. Quota mode: none.
machine # [   76.593887] EXT4-fs (vda): re-mounted cb176433-8cc0-40d6-8347-5e6b76f2aed0 r/w. Quota mode: none.
machine # mounting nix-store on /nix/.ro-store...
machine # [   76.639674] 9p: Installing v9fs 9p2000 file system support
machine # mounting tmpfs on /nix/.rw-store...
machine # mounting shared on /tmp/shared...
machine # mounting xchg on /tmp/xchg...
machine # mounting overlay filesystem on /nix/store...
machine # 
machine # <<< NixOS Stage 2 >>>
machine # 
machine # [   78.598850] EXT4-fs (vda): re-mounted cb176433-8cc0-40d6-8347-5e6b76f2aed0 r/w. Quota mode: none.
machine # [   78.607185] booting system configuration /nix/store/a34xwis930rv6jyp0szi2278kjanwml5-nixos-system-machine-test
machine # running activation script...
machine # setting up /etc...
machine # starting systemd...
machine # [   81.582867] systemd[1]: Inserted module 'autofs4'
machine # [   81.700906] systemd[1]: systemd 255.9 running in system mode (+PAM +AUDIT -SELINUX +APPARMOR +IMA +SMACK +SECCOMP +GCRYPT -GNUTLS +OPENSSL +ACL +BLKID +CURL +ELFUTILS +FIDO2 +IDN2 -IDN +IPTC +KMOD +LIBCRYPTSETUP +LIBFDISK +PCRE2 +PWQUALITY +P11KIT +QRENCODE +TPM2 +BZIP2 +LZ4 +XZ +ZLIB +ZSTD +BPF_FRAMEWORK -XKBCOMMON +UTMP -SYSVINIT default-hierarchy=unified)
machine # [   81.708347] systemd[1]: Detected virtualization kvm.
machine # [   81.709515] systemd[1]: Detected architecture x86-64.
machine # [  !!  ] This OS version (NixOS 24.05 (Uakari)) is past its end-of-support date (2024-12-31)
machine # [   81.723394] systemd[1]: Hostname set to <machine>.
machine # [   81.725613] systemd[1]: Initializing machine ID from random generator.
machine # [   82.171245] systemd[1]: bpf-lsm: LSM BPF program attached
machine # [   86.367342] systemd[1]: Queued start job for default target Multi-User System.
machine # [   86.445533] systemd[1]: Created slice Slice /system/getty.
machine # [   86.448545] systemd[1]: Created slice Slice /system/modprobe.
machine # [   86.451375] systemd[1]: Created slice User and Session Slice.
machine # [   86.453327] systemd[1]: Started Dispatch Password Requests to Console Directory Watch.
machine # [   86.455403] systemd[1]: Started Forward Password Requests to Wall Directory Watch.
machine # [   86.457590] systemd[1]: Expecting device /dev/hvc0...
machine # [   86.458678] systemd[1]: Expecting device /dev/ttyS0...
machine # [   86.460004] systemd[1]: Expecting device /sys/subsystem/net/devices/eth1...
machine # [   86.461585] systemd[1]: Reached target Local Encrypted Volumes.
machine # [   86.462857] systemd[1]: Reached target Containers.
machine # [   86.464046] systemd[1]: Reached target Path Units.
machine # [   86.465294] systemd[1]: Reached target Remote File Systems.
machine # [   86.466687] systemd[1]: Reached target Slice Units.
machine # [   86.467799] systemd[1]: Reached target Swaps.
machine # [   86.476393] systemd[1]: Listening on Process Core Dump Socket.
machine # [   86.478846] systemd[1]: Listening on Journal Socket (/dev/log).
machine # [   86.480876] systemd[1]: Listening on Journal Socket.
machine # [   86.483688] systemd[1]: Listening on Userspace Out-Of-Memory (OOM) Killer Socket.
machine # [   86.488875] systemd[1]: Listening on udev Control Socket.
machine # [   86.490465] systemd[1]: Listening on udev Kernel Socket.
machine # [   86.515043] systemd[1]: Mounting Huge Pages File System...
machine # [   86.525665] systemd[1]: Mounting POSIX Message Queue File System...
machine # [   86.532535] systemd[1]: Mounting Kernel Debug File System...
machine # [   86.543984] systemd[1]: Starting Create List of Static Device Nodes...
machine # [   86.550878] systemd[1]: Starting Load Kernel Module configfs...
machine # [   86.561270] systemd[1]: Starting Load Kernel Module drm...
machine # [   86.570982] systemd[1]: Starting Load Kernel Module efi_pstore...
machine # [   86.580362] systemd[1]: Starting Load Kernel Module fuse...
machine # [   86.591375] systemd[1]: Starting mount-pstore.service...
machine # [   86.601331] systemd[1]: Starting Create SUID/SGID Wrappers...
machine # [   86.604076] systemd[1]: File System Check on Root Device was skipped because of an unmet condition check (ConditionPathIsReadWrite=!/).
machine # [   86.620385] systemd[1]: Starting Journal Service...
machine # [   86.630523] systemd[1]: Starting Load Kernel Modules...
machine # [   86.642511] systemd[1]: Starting Remount Root and Kernel File Systems...
machine # [   86.651369] systemd[1]: Starting Coldplug All udev Devices...
machine # [   86.660472] systemd[1]: Mounted Huge Pages File System.
machine # [   86.664169] systemd[1]: Mounted POSIX Message Queue File System.
machine # [   86.667258] systemd[1]: Mounted Kernel Debug File System.
machine # [   86.677232] systemd[1]: Finished Create List of Static Device Nodes.
machine # [   86.843169] systemd[1]: Starting Create Static Device Nodes in /dev gracefully...
machine # [   86.847153] systemd[1]: modprobe@drm.service: Deactivated successfully.
machine # [   86.849923] systemd[1]: Finished Load Kernel Module drm.
machine # [   87.159860] systemd-journald[906]: Collecting audit messages is disabled.
machine # [   87.223980] systemd[1]: Started Journal Service.
machine # [   87.210224] systemd[1]: Finished Coldplug All udev Devices.
machine # [   87.399500] systemd[1]: modprobe@configfs.service: Deactivated successfully.
machine # [   87.405775] systemd[1]: Finished Load Kernel Module configfs.
machine # [   87.411882] systemd[1]: modprobe@efi_pstore.service: Deactivated successfully.
machine # [   87.418854] systemd[1]: Finished Load Kernel Module efi_pstore.
machine # [   87.648751] fuse: init (API version 7.42)
machine # [   87.458857] systemd[1]: Mount[   87.664234] EXT4-fs (vda): re-mounted cb176433-8cc0-40d6-8347-5e6b76f2aed0 r/w. Quota mode: none.
machine # ing Kernel Configuration File System...
machine # [   87.472294] systemd[1]: modprobe@fuse.service: Deactivated successfully.
machine # [   87.477997] systemd[1]: Finished Load Kernel Module fuse.
machine: Guest root shell did not produce any data yet...
machine:   To debug, enter the VM and run 'systemctl status backdoor.service'.
machine # [   90.059196] bridge: filtering via arp/ip/ip6tables is no longer available by default. Update your scripts to load br_netfilter if you need this.
machine # [   89.859975] systemd-modules-load[907]: Inserted module 'bridge'
machine # [   89.864711] systemd[1]: Mounting FUSE Control File System...
machine # [   89.869704] systemd[1]: suid-sgid-wrappers.service: Deactivated successfully.
machine # [   89.874708] systemd[1]: Finished Create SUID/SGID Wrappers.
machine # [   89.878347] systemd[1]: suid-sgid-wrappers.service: Consumed 2.373s CPU time, no IP traffic.
machine # [   89.883790] systemd[1]: Finished Remount Root and Kernel File Systems.
machine # [   89.888178] systemd[1]: Finished Create Static Device Nodes in /dev gracefully.
machine # [   89.893357] systemd-modules-load[907]: Inserted module 'macvlan'
machine # [   89.902572] systemd[1]: Starting Flush Journal to Persistent Storage...
machine # [   89.907818] systemd-modules-load[907]: Inserted module 'tap'
machine # [   89.912830] systemd[1]: Starting Load/Save OS Random Seed...
machine # [   89.919863] systemd[1]: Starting Create Static Device Nodes in /dev...
machine # [   89.924520] systemd[1]: Mounted Kernel Configuration File System.
machine # [   89.935340] systemd[1]: Mounted FUSE Control File System.
machine # [   90.147204] tun: Universal TUN/TAP device driver, 1.6
machine # [   89.946578] systemd-modules-load[907]: Inserted module 'tun'
machine # [   90.180830] loop: module loaded
machine # [   89.977853] systemd-modules-load[907]: Inserted module 'loop'
machine # [   90.003557] systemd[1]: Finished Load Kernel Modules.
machine # [   90.011415] systemd[1]: Starting Firewall...
machine # [   90.017928] systemd[1]: Starting Apply Kernel Variables...
machine # [   90.257625] systemd-journald[906]: Received client request to flush runtime journal.
machine # [   90.124487] systemd[1]: Finished Load/Save OS Random Seed.
machine # [   90.129358] cz91g3ll948jisxvbsxnqsl917083qwr-mount-pstore.sh[911]: Persistent Storage backend was not registered in time.
machine # [   90.139153] systemd[1]: Finished Create Static Device Nodes in /dev.
machine # [   90.143806] systemd[1]: Reached target Preparation for Local File Systems.
machine # [   90.147896] systemd[1]: Reached target Local File Systems.
machine # [   90.151702] systemd[1]: Update Boot Loader Random Seed was skipped because no trigger condition checks were met.
machine # [   90.156689] systemd[1]: Starting Rule-based Manager for Device Events and Files...
machine # [   90.161314] systemd[1]: Finished mount-pstore.service.
machine # [   90.164632] systemd[1]: Platform Persistent Storage Archival was skipped because of an unmet condition check (ConditionDirectoryNotEmpty=/sys/fs/pstore).
machine # [   90.172512] systemd[1]: Finished Flush Journal to Persistent Storage.
machine # [   90.192647] systemd[1]: Starting Create System Files and Directories...
machine # [   90.227924] systemd[1]: Finished Apply Kernel Variables.
machine # [   90.282981] systemd-udevd[1043]: Using default interface naming scheme 'v255'.
machine # [   90.331940] systemd[1]: Finished Create System Files and Directories.
machine # [   90.355866] systemd[1]: Starting Rebuild Journal Catalog...
machine # [   90.366097] systemd[1]: Starting Userspace Out-Of-Memory (OOM) Killer...
machine # [   90.373516] systemd[1]: Starting Record System Boot/Shutdown in UTMP...
machine # [   90.460260] systemd[1]: Started Rule-based Manager for Device Events and Files.
machine # [   90.796504] systemd[1]: Finished Rebuild Journal Catalog.
machine # [   90.800432] systemd[1]: Finished Record System Boot/Shutdown in UTMP.
machine # [   90.812648] systemd[1]: Starting Update is Completed...
machine # [   90.840585] systemd[1]: Found device /dev/hvc0.
machine # [   91.153447] systemd[1]: Found device /dev/ttyS0.
machine # [   91.161255] (udev-worker)[1084]: Network interface NamePolicy= disabled on kernel command line.
machine # [   91.168539] (udev-worker)[1072]: eth1: Config file /etc/systemd/network/40-eth1.link is applied to device based on potentially unpredictable interface name.
machine # [   91.178373] (udev-worker)[1072]: Network interface NamePolicy= disabled on kernel command line.
machine # [   91.233464] systemd-oomd[1062]: No swap; memory pressure usage will be degraded
machine # [   91.249971] systemd[1]: Found device Virtio network device.
machine # [   91.619782] systemd[1]: Started Userspace Out-Of-Memory (OOM) Killer.
machine # [   91.802472] systemd[1]: Finished Update is Completed.
machine # [   91.804771] systemd[1]: Reached target System Initialization.
machine # [   91.807488] systemd[1]: Started Daily Cleanup of Temporary Directories.
machine # [   91.810326] systemd[1]: Reached target Timer Units.
machine # [   91.812864] systemd[1]: Listening on D-Bus System Message Bus Socket.
machine # [   91.818512] systemd[1]: Listening on Nix Daemon Socket.
machine # [   91.821600] systemd[1]: Reached target Socket Units.
machine # [   91.824320] systemd[1]: Reached target Basic System.
machine # [   91.826492] systemd[1]: System is tainted: support-ended
machine # [   93.555259] bochs-drm 0000:00:02.0: vgaarb: deactivate vga console
machine # [   93.562141] cryptd: max_cpu_qlen set to 1000
machine # [   93.593281] Console: switching to colour dummy device 80x25
machine # [   93.598199] [drm] Found bochs VGA, ID 0xb0c5.
machine # [   93.601103] [drm] Framebuffer size 16384 kB @ 0xfd000000, mmio @ 0xfebd0000.
machine # [   93.603668] input: Power Button as /devices/LNXSYSTM:00/LNXPWRBN:00/input/input4
machine # [   93.609745] [drm] Initialized bochs-drm 1.0.0 for 0000:00:02.0 on minor 0
machine # [   93.619076] input: VirtualPS/2 VMware VMMouse as /devices/platform/i8042/serio1/input/input5
machine # [   93.627651] Floppy drive(s): fd0 is 2.88M AMI BIOS
machine # [   93.627814] ACPI: button: Power Button [PWRF]
machine # [   93.629938] input: VirtualPS/2 VMware VMMouse as /devices/platform/i8042/serio1/input/input3
machine # [   93.887766] FDC 0 is a S82078B
machine # [   93.891312] input: QEMU Virtio Keyboard as /devices/pci0000:00/0000:00:0a.0/virtio7/input/input6
machine # [   97.767916] piix4_smbus 0000:00:01.3: SMBus Host Controller at 0x700, revision 0
machine # [   97.771538] i2c i2c-0: Memory type 0x07 not supported yet, not instantiating SPD
machine # [   97.771556] fbcon: bochs-drmdrmfb (fb0) is primary device
machine # [   98.051680] Console: switching to colour frame buffer device 160x50
machine # [   98.052009] mousedev: PS/2 mouse device common for all mice
machine # [   98.068488] bochs-drm 0000:00:02.0: [drm] fb0: bochs-drmdrmfb frame buffer device
machine # [   98.069821] AES CTR mode by8 optimization enabled
machine # [   98.079591] parport_pc 00:03: reported by Plug and Play ACPI
machine # [   98.086516] parport0: PC-style at 0x378, irq 7 [PCSPP(,...)]
machine # [   98.115339] 8021q: 802.1Q VLAN Support v1.8
machine # [   97.922667] dhcpcd[1151]: dhcpcd-10.0.6 starting
machine # connecting to host...
machine # [   97.939156] systemd[1]: Starting Kernel Auditing...
machine # [   97.946343] dhcpcd[1165]: dev: loaded udev
machine # [   97.952665] systemd[1]: Started backdoor.service.
machine # [   97.958198] 2zm09qv8pdisxdrn00vj7cfk48lagjhw-audit-disable[1157]: No rules
machine # [   97.966100] systemd[1]: Starting DHCP Client...
machine # [   97.970691] systemd[1]: Starting Name Service Cache Daemon (nsncd)...
machine # [   97.976521] systemd[1]: Started Reset console on configuration changes.
machine # [   97.988753] systemd[1]: Starting resolvconf update...
machine # [   97.995304] systemd[1]: Finished Kernel Auditing.
machine # [   98.000544] systemd[1]: Starting D-Bus System Message Bus...
machine # [   98.072981] nsncd[1156]: Feb 26 13:03:41.689 INFO started, config: Config { ignored_request_types: {}, worker_count: 8, handoff_timeout: 3s }, path: "/var/run/nscd/socket"
machine # [   98.083695] systemd[1]: Started Name Service Cache Daemon (nsncd).
machine # [   98.087784] systemd[1]: Reached target Host and Network Name Lookups.
machine # [   98.093359] systemd[1]: Reached target User and Group Name Lookups.
machine: Guest shell says: b'Spawning backdoor root shell...\n'
machine: connected to guest root shell
machine: (connecting took 105.02 seconds)
(finished: waiting for the VM to finish booting, in 105.30 seconds)
machine # [  105.236547] systemd[1]: Starting User Login Management...
machine # [  119.559830] sched: DL replenish lagged too much
machine # [  122.855181] systemd[1]: Stopped target Host and Network Name Lookups.
machine # [  122.858230] systemd[1]: Stopping Host and Network Name Lookups...
machine # [  122.860449] systemd[1]: Stopped target User and Group Name Lookups.
machine # [  122.862505] systemd[1]: Stopping User and Group Name Lookups...
machine # [  122.864771] systemd[1]: Stopping Name Service Cache Daemon (nsncd)...
machine # [  123.884974] systemd[1]: nscd.service: Deactivated successfully.
machine # [  123.888449] systemd[1]: Stopped Name Service Cache Daemon (nsncd).
machine # [  123.891904] systemd[1]: nscd.service: Consumed 2.622s CPU time, no IP traffic.
machine # [  123.906730] dbus-daemon[1180]: dbus[1180]: Unknown username "systemd-timesync" in message bus configuration file
machine # [  125.263823] systemd[1]: Started D-Bus System Message Bus.
machine # [  125.273629] systemd-logind[1201]: New seat seat0.
machine # [  125.427774] systemd[1]: Started User Login Management.
machine # [  125.431770] systemd[1]: Finished resolvconf update.
machine # [  125.445462] dbus-daemon[1180]: [system] Successfully activated service 'org.freedesktop.systemd1'
machine # [  125.543244] systemd[1]: Listening on Load/Save RF Kill Switch Status /dev/rfkill Watch.
machine # [  125.668240] systemd-logind[1201]: Watching system buttons on /dev/input/event0 (AT Translated Set 2 keyboard)
machine # [  125.671929] systemd-logind[1201]: Watching system buttons on /dev/input/event5 (QEMU Virtio Keyboard)
machine # [  125.673921] systemd-logind[1201]: Watching system buttons on /dev/input/event2 (Power Button)
machine # [  125.773294] systemd[1]: Starting Name Service Cache Daemon (nsncd)...
machine # [  125.785255] systemd[1]: Starting Virtual Console Setup...
machine # [  125.829558] systemd[1]: Started Name Service Cache Daemon (nsncd).
machine # [  125.832301] systemd[1]: Reached target Host and Network Name Lookups.
machine # [  125.835664] nsncd[1289]: Feb 26 13:04:09.456 INFO started, config: Config { ignored_request_types: {}, worker_count: 8, handoff_timeout: 3s }, path: "/var/run/nscd/socket"
machine # [  125.842306] systemd[1]: Reached target User and Group Name Lookups.
machine # [  125.854374] systemd[1]: systemd-vconsole-setup.service: Deactivated successfully.
machine # [  125.858641] systemd[1]: Stopped Virtual Console Setup.
machine # [  125.869727] systemd[1]: Starting Virtual Console Setup...
machine # [  126.496373] ppdev: user-space parallel port driver
machine # [  126.500585] cfg80211: Loading compiled-in X.509 certificates for regulatory database
machine # [  126.567427] Loaded X.509 cert 'sforshee: 00b28ddf47aef9cea7'
machine # [  126.570935] Loaded X.509 cert 'wens: 61c038651aabdcf94bd0ac7ff06c7248db18c600'
machine # [  126.583157] platform regulatory.0: Direct firmware load for regulatory.db failed with error -2
machine # [  126.585792] cfg80211: failed to load regulatory.db
machine # [  126.750532] 8021q: adding VLAN 0 to HW filter on device eth0
machine # [  126.551333] dhcpcd[1165]: eth0: waiting for carrier
machine # [  126.554003] dhcpcd[1165]: eth0: carrier acquired
machine # [  126.577692] dhcpcd[1165]: DUID 00:01:00:01:31:33:01:4a:52:54:00:12:34:56
machine # [  126.582675] dhcpcd[1165]: eth0: IAID 00:12:34:56
machine # [  126.585520] dhcpcd[1165]: eth0: adding address fe80::5054:ff:fe12:3456
machine # [  126.997981] kvm_amd: Nested Virtualization enabled
machine # [  126.999407] kvm_amd: Nested Paging enabled
machine # [  127.429872] EDAC MC: Ver: 3.0.0
machine # [  127.385648] dhcpcd[1165]: eth0: soliciting an IPv6 router
machine # [  127.488426] systemd[1]: Finished Virtual Console Setup.
machine # [  127.732484] dhcpcd[1165]: eth0: soliciting a DHCP lease
machine # [  127.979448] NET: Registered PF_PACKET protocol family
machine # [  127.792881] dhcpcd[1165]: eth0: offered 10.0.2.15 from 10.0.2.2
machine # [  127.796713] dhcpcd[1165]: eth0: leased 10.0.2.15 for 86400 seconds
machine # [  127.800668] dhcpcd[1165]: eth0: adding route to 10.0.2.0/24
machine # [  127.802847] dhcpcd[1165]: eth0: adding default route via 10.0.2.2
machine # [  128.033937] systemd[1]: Stopped target Host and Network Name Lookups.
machine # [  128.037486] systemd[1]: Stopping Host and Network Name Lookups...
machine # [  128.041416] systemd[1]: Stopped target User and Group Name Lookups.
machine # [  128.045218] systemd[1]: Stopping User and Group Name Lookups...
machine # [  128.048537] systemd[1]: Stopping Name Service Cache Daemon (nsncd)...
machine # [  128.054353] systemd[1]: nscd.service: Deactivated successfully.
machine # [  128.057892] systemd[1]: Stopped Name Service Cache Daemon (nsncd).
machine # [  128.091199] systemd[1]: Starting Name Service Cache Daemon (nsncd)...
machine # [  128.120645] systemd[1]: Started DHCP Client.
machine # [  128.158858] systemd[1]: Started Name Service Cache Daemon (nsncd).
machine # [  128.163500] systemd[1]: Reached target Host and Network Name Lookups.
machine # [  128.168914] nsncd[1424]: Feb 26 13:04:11.786 INFO started, config: Config { ignored_request_types: {}, worker_count: 8, handoff_timeout: 3s }, path: "/var/run/nscd/socket"
machine # [  128.174701] systemd[1]: Reached target User and Group Name Lookups.
machine # [  128.271923] dhcpcd[1165]: eth0: Router Advertisement from fe80::2
machine # [  128.276727] dhcpcd[1165]: eth0: adding address fec0::5054:ff:fe12:3456/64
machine # [  128.280767] dhcpcd[1165]: eth0: adding route to fec0::/64
machine # [  128.283724] dhcpcd[1165]: eth0: adding default route via fe80::2
machine # [  128.418619] systemd[1]: Finished Firewall.
machine # [  128.421416] systemd[1]: Reached target Preparation for Network.
machine # [  128.445821] systemd[1]: Starting Address configuration of eth1...
machine # [  128.780005] 8021q: adding VLAN 0 to HW filter on device eth1
machine # [  128.606367] network-addresses-eth1-start[1471]: adding address 192.168.1.1/24... done
machine # [  128.640807] systemd[1]: Finished Address configuration of eth1.
machine # [  128.665605] systemd[1]: Starting Networking Setup...
machine # [  128.955574] systemd[1]: Finished Networking Setup.
machine # [  128.980961] systemd[1]: Starting Extra networking commands....
machine # [  129.051994] systemd[1]: Finished Extra networking commands..
machine # [  129.055660] systemd[1]: Reached target Network.
machine # [  129.058494] systemd[1]: Reached target Network is Online.
machine # [  129.080854] systemd[1]: Starting Permit User Sessions...
machine # [  129.180613] systemd[1]: Finished Permit User Sessions.
machine # [  129.203748] systemd[1]: Started Getty on tty1.
machine # [  129.207278] systemd[1]: Reached target Login Prompts.
machine # [  129.211005] systemd[1]: Reached target Multi-User System.
machine # [  129.212724] systemd[1]: Startup finished in 1min 21.195s (kernel) + 48.012s (userspace) = 2min 9.207s.
(finished: waiting for unit multi-user.target, in 131.22 seconds)
machine: must succeed: grep -q '\[advise\]' /sys/kernel/mm/transparent_hugepage/shmem_enabled
(finished: must succeed: grep -q '\[advise\]' /sys/kernel/mm/transparent_hugepage/shmem_enabled, in 0.07 seconds)
machine: must succeed: systemd-run --service-type=exec --wait -u thp-madv-remove-test thp-madv-remove-test
machine # [  129.630304] systemd[1]: Starting /run/current-system/sw/bin/thp-madv-remove-test...
machine # [  129.678260] systemd[1]: Started /run/current-system/sw/bin/thp-madv-remove-test.
machine # Running as unit: thp-madv-remove-test.service; invocation ID: 9a5c286964214a4194b3e79e6fcecfd7
machine # [  129.700117] thp-madv-remove-test[1542]: THP + MADV_REMOVE cross-process kernel regression test
machine # [  129.701344] thp-madv-remove-test[1542]: =======================================================
machine # [  129.705709] thp-madv-remove-test[1542]: File size:       20 MiB
machine # [  129.707846] thp-madv-remove-test[1542]: Total pages:     5120
machine # [  129.708998] thp-madv-remove-test[1542]: Child readers:   16
machine # [  129.711516] thp-madv-remove-test[1542]: Punching every 7th page (731 pages)
machine # [  129.713826] thp-madv-remove-test[1542]: Iterations:      1000
machine # [  129.716255] thp-madv-remove-test[1542]: --- Iteration 1/1000 ---
machine # [  129.964936] thp-madv-remove-test[1543]: post-sleep failures: 0
machine # [  129.969895] thp-madv-remove-test[1542]:   Child: 810767 pages verified, 0 failures
machine # [  129.973204] thp-madv-remove-test[1542]:   All 4388 non-punched pages verified OK
machine # [  129.973982] thp-madv-remove-test[1542]:   Parent verification failures: 0
machine # [  129.979229] thp-madv-remove-test[1542]: Iteration 1 PASSED
machine # [  129.980976] thp-madv-remove-test[1542]: --- Iteration 2/1000 ---
machine # [  130.019620] thp-madv-remove-test[1560]: post-sleep failures: 0
machine # [  130.023781] thp-madv-remove-test[1542]:   Child: 775610 pages verified, 0 failures
machine # [  130.027711] thp-madv-remove-test[1542]:   All 4388 non-punched pages verified OK
machine # [  130.027959] thp-madv-remove-test[1542]:   Parent verification failures: 0
machine # [  130.035594] thp-madv-remove-test[1542]: Iteration 2 PASSED
machine # [  130.038396] thp-madv-remove-test[1542]: --- Iteration 3/1000 ---
machine # [  130.501180] thp-madv-remove-test[1577]: post-sleep failures: 0
machine # [  130.503851] thp-madv-remove-test[1542]:   Child: 613528 pages verified, 0 failures
machine # [  130.508812] thp-madv-remove-test[1542]:   All 4388 non-punched pages verified OK
machine # [  130.510568] thp-madv-remove-test[1542]:   Parent verification failures: 0
machine # [  130.515519] thp-madv-remove-test[1542]: Iteration 3 PASSED
machine # [  130.517750] thp-madv-remove-test[1542]: --- Iteration 4/1000 ---
machine # [  130.756544] thp-madv-remove-test[1594]: post-sleep failures: 0
machine # [  130.759752] thp-madv-remove-test[1542]:   Child: 517120 pages verified, 0 failures
machine # [  130.762241] thp-madv-remove-test[1542]:   All 4388 non-punched pages verified OK
machine # [  130.762874] thp-madv-remove-test[1542]:   Parent verification failures: 0
machine # [  130.767703] thp-madv-remove-test[1542]: Iteration 4 PASSED
machine # [  130.768694] thp-madv-remove-test[1542]: --- Iteration 5/1000 ---
machine # [  130.904548] thp-madv-remove-test[1611]: post-sleep failures: 0
machine # [  130.906815] thp-madv-remove-test[1542]:   Child: 964065 pages verified, 0 failures
machine # [  130.909936] thp-madv-remove-test[1542]:   All 4388 non-punched pages verified OK
machine # [  130.912519] thp-madv-remove-test[1542]:   Parent verification failures: 0
machine # [  130.913868] thp-madv-remove-test[1542]: Iteration 5 PASSED
machine # [  130.915713] thp-madv-remove-test[1542]: --- Iteration 6/1000 ---
machine # [  130.952285] thp-madv-remove-test[1628]: post-sleep failures: 0
machine # [  130.954885] thp-madv-remove-test[1542]:   Child: 828176 pages verified, 0 failures
machine # [  130.958328] thp-madv-remove-test[1542]:   All 4388 non-punched pages verified OK
machine # [  130.960228] thp-madv-remove-test[1542]:   Parent verification failures: 0
machine # [  130.964356] thp-madv-remove-test[1542]: Iteration 6 PASSED
machine # [  130.964677] thp-madv-remove-test[1542]: --- Iteration 7/1000 ---
machine # [  131.194624] thp-madv-remove-test[1645]: post-sleep failures: 0
machine # [  131.196803] thp-madv-remove-test[1542]:   Child: 876403 pages verified, 0 failures
machine # [  131.199925] thp-madv-remove-test[1542]:   All 4388 non-punched pages verified OK
machine # [  131.202555] thp-madv-remove-test[1542]:   Parent verification failures: 0
machine # [  131.205440] thp-madv-remove-test[1542]: Iteration 7 PASSED
machine # [  131.207326] thp-madv-remove-test[1542]: --- Iteration 8/1000 ---
machine # [  131.347012] thp-madv-remove-test[1662]: post-sleep failures: 0
machine # [  131.349219] thp-madv-remove-test[1542]:   Child: 771236 pages verified, 0 failures
machine # [  131.351811] thp-madv-remove-test[1542]:   All 4388 non-punched pages verified OK
machine # [  131.354210] thp-madv-remove-test[1542]:   Parent verification failures: 0
machine # [  131.357273] thp-madv-remove-test[1542]: Iteration 8 PASSED
machine # [  131.358801] thp-madv-remove-test[1542]: --- Iteration 9/1000 ---
machine # [  136.364877] thp-madv-remove-test[1679]: post-sleep failures: 0
machine # [  136.368361] thp-madv-remove-test[1542]:   Child: 810710 pages verified, 0 failures
machine # [  136.372113] thp-madv-remove-test[1542]:   All 4388 non-punched pages verified OK
machine # [  136.372903] thp-madv-remove-test[1542]:   Parent verification failures: 0
machine # [  136.378667] thp-madv-remove-test[1542]: Iteration 9 PASSED
machine # [  136.382241] thp-madv-remove-test[1542]: --- Iteration 10/1000 ---
machine # [  136.420316] thp-madv-remove-test[1697]: post-sleep failures: 0
machine # [  136.422848] thp-madv-remove-test[1542]:   Child: 815131 pages verified, 0 failures
machine # [  136.426574] thp-madv-remove-test[1542]:   All 4388 non-punched pages verified OK
machine # [  136.429464] thp-madv-remove-test[1542]:   Parent verification failures: 0
machine # [  136.433866] thp-madv-remove-test[1542]: Iteration 10 PASSED
machine # [  136.436163] thp-madv-remove-test[1542]: --- Iteration 11/1000 ---
machine # [  136.876652] thp-madv-remove-test[1714]: post-sleep failures: 0
machine # [  136.879758] thp-madv-remove-test[1542]:   Child: 569723 pages verified, 0 failures
machine # [  136.882730] thp-madv-remove-test[1542]:   All 4388 non-punched pages verified OK
machine # [  136.885726] thp-madv-remove-test[1542]:   Parent verification failures: 0
machine # [  136.888455] thp-madv-remove-test[1542]: Iteration 11 PASSED
machine # [  136.890779] thp-madv-remove-test[1542]: --- Iteration 12/1000 ---
machine # [  137.005509] thp-madv-remove-test[1732]: post-sleep failures: 0
machine # [  137.009247] thp-madv-remove-test[1542]:   Child: 227905 pages verified, 0 failures
machine # [  137.014199] thp-madv-remove-test[1542]:   All 4388 non-punched pages verified OK
machine # [  137.014511] thp-madv-remove-test[1542]:   Parent verification failures: 0
machine # [  137.020623] thp-madv-remove-test[1542]: Iteration 12 PASSED
machine # [  137.022590] thp-madv-remove-test[1542]: --- Iteration 13/1000 ---
machine # [  137.155838] thp-madv-remove-test[1749]: post-sleep failures: 0
machine # [  137.160171] thp-madv-remove-test[1542]:   Child: 793218 pages verified, 0 failures
machine # [  137.163490] thp-madv-remove-test[1542]:   All 4388 non-punched pages verified OK
machine # [  137.167539] thp-madv-remove-test[1542]:   Parent verification failures: 0
machine # [  137.171058] thp-madv-remove-test[1542]: Iteration 13 PASSED
machine # [  137.174138] thp-madv-remove-test[1542]: --- Iteration 14/1000 ---
machine # [  137.292955] thp-madv-remove-test[1766]: post-sleep failures: 0
machine # [  137.295893] thp-madv-remove-test[1542]:   Child: 587288 pages verified, 0 failures
machine # [  137.298610] thp-madv-remove-test[1542]:   All 4388 non-punched pages verified OK
machine # [  137.300868] thp-madv-remove-test[1542]:   Parent verification failures: 0
machine # [  137.303433] thp-madv-remove-test[1542]: Iteration 14 PASSED
machine # [  137.305229] thp-madv-remove-test[1542]: --- Iteration 15/1000 ---
machine # [  137.664548] thp-madv-remove-test[1783]: post-sleep failures: 0
machine # [  137.666906] thp-madv-remove-test[1542]:   Child: 880894 pages verified, 0 failures
machine # [  137.670007] thp-madv-remove-test[1542]:   All 4388 non-punched pages verified OK
machine # [  137.673172] thp-madv-remove-test[1542]:   Parent verification failures: 0
machine # [  137.675824] thp-madv-remove-test[1542]: Iteration 15 PASSED
machine # [  137.677848] thp-madv-remove-test[1542]: --- Iteration 16/1000 ---
machine # [  138.302486] thp-madv-remove-test[1800]: post-sleep failures: 0
machine # [  138.304575] thp-madv-remove-test[1542]:   Child: 626686 pages verified, 0 failures
machine # [  138.307262] thp-madv-remove-test[1542]:   All 4388 non-punched pages verified OK
machine # [  138.308861] thp-madv-remove-test[1542]:   Parent verification failures: 0
machine # [  138.312201] thp-madv-remove-test[1542]: Iteration 16 PASSED
machine # [  138.313985] thp-madv-remove-test[1542]: --- Iteration 17/1000 ---
machine # [  138.467734] thp-madv-remove-test[1817]: post-sleep failures: 0
machine # [  138.469819] thp-madv-remove-test[1542]:   Child: 1222712 pages verified, 0 failures
machine # [  138.472230] thp-madv-remove-test[1542]:   All 4388 non-punched pages verified OK
machine # [  138.474240] thp-madv-remove-test[1542]:   Parent verification failures: 0
machine # [  138.476288] thp-madv-remove-test[1542]: Iteration 17 PASSED
machine # [  138.477911] thp-madv-remove-test[1542]: --- Iteration 18/1000 ---
machine # [  138.503881] thp-madv-remove-test[1834]: post-sleep failures: 0
machine # [  138.506494] thp-madv-remove-test[1542]:   Child: 376916 pages verified, 0 failures
machine # [  138.509772] thp-madv-remove-test[1542]:   All 4388 non-punched pages verified OK
machine # [  138.512510] thp-madv-remove-test[1542]:   Parent verification failures: 0
machine # [  138.517463] thp-madv-remove-test[1542]: Iteration 18 PASSED
machine # [  138.519837] thp-madv-remove-test[1542]: --- Iteration 19/1000 ---
machine # [  138.558499] thp-madv-remove-test[1851]: post-sleep failures: 0
machine # [  138.561363] thp-madv-remove-test[1542]:   Child: 692419 pages verified, 0 failures
machine # [  138.563750] thp-madv-remove-test[1542]:   All 4388 non-punched pages verified OK
machine # [  138.566657] thp-madv-remove-test[1542]:   Parent verification failures: 0
machine # [  138.571526] thp-madv-remove-test[1542]: Iteration 19 PASSED
machine # [  138.572871] thp-madv-remove-test[1542]: --- Iteration 20/1000 ---
machine # [  138.617858] thp-madv-remove-test[1868]: post-sleep failures: 0
machine # [  138.620175] thp-madv-remove-test[1542]:   Child: 876461 pages verified, 0 failures
machine # [  138.622363] thp-madv-remove-test[1542]:   All 4388 non-punched pages verified OK
machine # [  138.622941] thp-madv-remove-test[1542]:   Parent verification failures: 0
machine # [  138.627652] thp-madv-remove-test[1542]: Iteration 20 PASSED
machine # [  138.630319] thp-madv-remove-test[1542]: --- Iteration 21/1000 ---
machine # [  138.753752] thp-madv-remove-test[1885]: post-sleep failures: 0
machine # [  138.757210] thp-madv-remove-test[1542]:   Child: 788894 pages verified, 0 failures
machine # [  138.759925] thp-madv-remove-test[1542]:   All 4388 non-punched pages verified OK
machine # [  138.761745] thp-madv-remove-test[1542]:   Parent verification failures: 0
machine # [  138.765438] thp-madv-remove-test[1542]: Iteration 21 PASSED
machine # [  138.767401] thp-madv-remove-test[1542]: --- Iteration 22/1000 ---
machine # [  138.914418] thp-madv-remove-test[1902]: post-sleep failures: 0
machine # [  138.916905] thp-madv-remove-test[1542]:   Child: 1095613 pages verified, 0 failures
machine # [  138.920266] thp-madv-remove-test[1542]:   All 4388 non-punched pages verified OK
machine # [  138.920575] thp-madv-remove-test[1542]:   Parent verification failures: 0
machine # [  138.924665] thp-madv-remove-test[1542]: Iteration 22 PASSED
machine # [  138.927639] thp-madv-remove-test[1542]: --- Iteration 23/1000 ---
machine # [  144.046414] thp-madv-remove-test[1919]: post-sleep failures: 0
machine # [  144.050507] thp-madv-remove-test[1542]:   Child: 70112 pages verified, 0 failures
machine # [  144.054253] thp-madv-remove-test[1542]:   All 4388 non-punched pages verified OK
machine # [  144.054948] thp-madv-remove-test[1542]:   Parent verification failures: 0
machine # [  144.062282] thp-madv-remove-test[1542]: Iteration 23 PASSED
machine # [  144.062689] thp-madv-remove-test[1542]: --- Iteration 24/1000 ---
machine # [  144.193781] thp-madv-remove-test[1938]: post-sleep failures: 0
machine # [  144.196653] thp-madv-remove-test[1542]:   Child: 709960 pages verified, 0 failures
machine # [  144.199650] thp-madv-remove-test[1542]:   All 4388 non-punched pages verified OK
machine # [  144.202410] thp-madv-remove-test[1542]:   Parent verification failures: 0
machine # [  144.204654] thp-madv-remove-test[1542]: Iteration 24 PASSED
machine # [  144.206712] thp-madv-remove-test[1542]: --- Iteration 25/1000 ---
machine # [  144.242248] thp-madv-remove-test[1955]: post-sleep failures: 0
machine # [  144.244287] thp-madv-remove-test[1542]:   Child: 766963 pages verified, 0 failures
machine # [  144.246440] thp-madv-remove-test[1542]:   All 4388 non-punched pages verified OK
machine # [  144.246768] thp-madv-remove-test[1542]:   Parent verification failures: 0
machine # [  144.250635] thp-madv-remove-test[1542]: Iteration 25 PASSED
machine # [  144.252412] thp-madv-remove-test[1542]: --- Iteration 26/1000 ---
machine # [  144.284647] thp-madv-remove-test[1972]: post-sleep failures: 0
machine # [  144.288997] thp-madv-remove-test[1542]:   Child: 622323 pages verified, 0 failures
machine # [  144.293272] thp-madv-remove-test[1542]:   All 4388 non-punched pages verified OK
machine # [  144.293939] thp-madv-remove-test[1542]:   Parent verification failures: 0
machine # [  144.300885] thp-madv-remove-test[1542]: Iteration 26 PASSED
machine # [  144.302619] thp-madv-remove-test[1542]: --- Iteration 27/1000 ---
machine # [  144.352718] thp-madv-remove-test[1989]: post-sleep failures: 0
machine # [  144.356721] thp-madv-remove-test[1542]:   Child: 1279821 pages verified, 0 failures
machine # [  144.362494] thp-madv-remove-test[1542]:   All 4388 non-punched pages verified OK
machine # [  144.365090] thp-madv-remove-test[1542]:   Parent verification failures: 0
machine # [  144.368128] thp-madv-remove-test[1542]: Iteration 27 PASSED
machine # [  144.370136] thp-madv-remove-test[1542]: --- Iteration 28/1000 ---
machine # [  144.413291] thp-madv-remove-test[2006]: post-sleep failures: 0
machine # [  144.416801] thp-madv-remove-test[1542]:   Child: 920346 pages verified, 0 failures
machine # [  144.422513] thp-madv-remove-test[1542]:   All 4388 non-punched pages verified OK
machine # [  144.426211] thp-madv-remove-test[1542]:   Parent verification failures: 0
machine # [  144.429178] thp-madv-remove-test[1542]: Iteration 28 PASSED
machine # [  144.431387] thp-madv-remove-test[1542]: --- Iteration 29/1000 ---
machine # [  144.520966] thp-madv-remove-test[2023]: post-sleep failures: 0
machine # [  144.524752] thp-madv-remove-test[1542]:   Child: 933378 pages verified, 0 failures
machine # [  144.529393] thp-madv-remove-test[1542]:   All 4388 non-punched pages verified OK
machine # [  144.532408] thp-madv-remove-test[1542]:   Parent verification failures: 0
machine # [  144.535232] thp-madv-remove-test[1542]: Iteration 29 PASSED
machine # [  144.537463] thp-madv-remove-test[1542]: --- Iteration 30/1000 ---
machine # [  144.674505] thp-madv-remove-test[2040]: post-sleep failures: 0
machine # [  144.676979] thp-madv-remove-test[1542]:   Child: 880871 pages verified, 0 failures
machine # [  144.679866] thp-madv-remove-test[1542]:   All 4388 non-punched pages verified OK
machine # [  144.682924] thp-madv-remove-test[1542]:   Parent verification failures: 0
machine # [  144.684178] thp-madv-remove-test[1542]: Iteration 30 PASSED
machine # [  144.685989] thp-madv-remove-test[1542]: --- Iteration 31/1000 ---
machine # [  144.814434] thp-madv-remove-test[2057]: post-sleep failures: 0
machine # [  144.819200] thp-madv-remove-test[1542]:   Child: 797596 pages verified, 0 failures
machine # [  144.822455] thp-madv-remove-test[1542]:   All 4388 non-punched pages verified OK
machine # [  144.825119] thp-madv-remove-test[1542]:   Parent verification failures: 0
machine # [  144.827951] thp-madv-remove-test[1542]: Iteration 31 PASSED
machine # [  144.830325] thp-madv-remove-test[1542]: --- Iteration 32/1000 ---
machine # [  144.970337] thp-madv-remove-test[2074]: post-sleep failures: 0
machine # [  144.972270] thp-madv-remove-test[1542]:   Child: 806424 pages verified, 0 failures
machine # [  144.974754] thp-madv-remove-test[1542]:   All 4388 non-punched pages verified OK
machine # [  144.977624] thp-madv-remove-test[1542]:   Parent verification failures: 0
machine # [  144.980381] thp-madv-remove-test[1542]: Iteration 32 PASSED
machine # [  144.980664] thp-madv-remove-test[1542]: --- Iteration 33/1000 ---
machine # [  145.242932] thp-madv-remove-test[2091]: post-sleep failures: 0
machine # [  145.245859] thp-madv-remove-test[1542]:   Child: 692435 pages verified, 0 failures
machine # [  145.249853] thp-madv-remove-test[1542]:   All 4388 non-punched pages verified OK
machine # [  145.250873] thp-madv-remove-test[1542]:   Parent verification failures: 0
machine # [  145.255813] thp-madv-remove-test[1542]: Iteration 33 PASSED
machine # [  145.258185] thp-madv-remove-test[1542]: --- Iteration 34/1000 ---
machine # [  145.289897] thp-madv-remove-test[2108]: post-sleep failures: 0
machine # [  145.293297] thp-madv-remove-test[1542]:   Child: 587262 pages verified, 0 failures
machine # [  145.295851] thp-madv-remove-test[1542]:   All 4388 non-punched pages verified OK
machine # [  145.299174] thp-madv-remove-test[1542]:   Parent verification failures: 0
machine # [  145.302393] thp-madv-remove-test[1542]: Iteration 34 PASSED
machine # [  145.302701] thp-madv-remove-test[1542]: --- Iteration 35/1000 ---
machine # [  145.520315] thp-madv-remove-test[2125]: post-sleep failures: 0
machine # [  145.522348] thp-madv-remove-test[1542]:   Child: 490804 pages verified, 0 failures
machine # [  145.527105] thp-madv-remove-test[1542]:   All 4388 non-punched pages verified OK
machine # [  145.527317] thp-madv-remove-test[1542]:   Parent verification failures: 0
machine # [  145.535273] thp-madv-remove-test[1542]: Iteration 35 PASSED
machine # [  145.535887] thp-madv-remove-test[1542]: --- Iteration 36/1000 ---
machine # [  145.892257] thp-madv-remove-test[2142]: post-sleep failures: 0
machine # [  145.894916] thp-madv-remove-test[1542]:   Child: 1178939 pages verified, 0 failures
machine # [  145.897391] thp-madv-remove-test[1542]:   All 4388 non-punched pages verified OK
machine # [  145.899713] thp-madv-remove-test[1542]:   Parent verification failures: 0
machine # [  145.903851] thp-madv-remove-test[1542]: Iteration 36 PASSED
machine # [  145.906153] thp-madv-remove-test[1542]: --- Iteration 37/1000 ---
machine # [  146.044436] thp-madv-remove-test[2159]: post-sleep failures: 0
machine # [  146.048121] thp-madv-remove-test[1542]:   Child: 1051746 pages verified, 0 failures
machine # [  146.049946] thp-madv-remove-test[1542]:   All 4388 non-punched pages verified OK
machine # [  146.051305] thp-madv-remove-test[1542]:   Parent verification failures: 0
machine # [  146.056803] thp-madv-remove-test[1542]: Iteration 37 PASSED
machine # [  146.058899] thp-madv-remove-test[1542]: --- Iteration 38/1000 ---
machine # [  146.182572] thp-madv-remove-test[2176]: post-sleep failures: 0
machine # [  146.184907] thp-madv-remove-test[1542]:   Child: 1003632 pages verified, 0 failures
machine # [  146.188245] thp-madv-remove-test[1542]:   All 4388 non-punched pages verified OK
machine # [  146.188757] thp-madv-remove-test[1542]:   Parent verification failures: 0
machine # [  146.192612] thp-madv-remove-test[1542]: Iteration 38 PASSED
machine # [  146.194932] thp-madv-remove-test[1542]: --- Iteration 39/1000 ---
machine # [  146.696686] thp-madv-remove-test[2193]: post-sleep failures: 0
machine # [  146.702882] thp-madv-remove-test[1542]:   Child: 652978 pages verified, 0 failures
machine # [  146.707649] thp-madv-remove-test[1542]:   All 4388 non-punched pages verified OK
machine # [  146.710721] thp-madv-remove-test[1542]:   Parent verification failures: 0
machine # [  146.715594] thp-madv-remove-test[1542]: Iteration 39 PASSED
machine # [  146.717586] thp-madv-remove-test[1542]: --- Iteration 40/1000 ---
machine # [  151.497468] thp-madv-remove-test[2211]: post-sleep failures: 0
machine # [  151.501851] thp-madv-remove-test[1542]:   Child: 140224 pages verified, 0 failures
machine # [  151.505151] thp-madv-remove-test[1542]:   All 4388 non-punched pages verified OK
machine # [  151.509510] thp-madv-remove-test[1542]:   Parent verification failures: 0
machine # [  151.512984] thp-madv-remove-test[1542]: Iteration 40 PASSED
machine # [  151.514520] thp-madv-remove-test[1542]: --- Iteration 41/1000 ---
machine # [  151.653299] thp-madv-remove-test[2228]: post-sleep failures: 0
machine # [  151.656214] thp-madv-remove-test[1542]:   Child: 736234 pages verified, 0 failures
machine # [  151.658268] thp-madv-remove-test[1542]:   All 4388 non-punched pages verified OK
machine # [  151.658748] thp-madv-remove-test[1542]:   Parent verification failures: 0
machine # [  151.663326] thp-madv-remove-test[1542]: Iteration 41 PASSED
machine # [  151.664892] thp-madv-remove-test[1542]: --- Iteration 42/1000 ---
machine # [  151.800479] thp-madv-remove-test[2246]: post-sleep failures: 0
machine # [  151.804407] thp-madv-remove-test[1542]:   Child: 780090 pages verified, 0 failures
machine # [  151.808729] thp-madv-remove-test[1542]:   All 4388 non-punched pages verified OK
machine # [  151.812171] thp-madv-remove-test[1542]:   Parent verification failures: 0
machine # [  151.815295] thp-madv-remove-test[1542]: Iteration 42 PASSED
machine # [  151.816961] thp-madv-remove-test[1542]: --- Iteration 43/1000 ---
machine # [  152.049650] thp-madv-remove-test[2263]: post-sleep failures: 0
machine # [  152.053593] thp-madv-remove-test[1542]:   Child: 1091204 pages verified, 0 failures
machine # [  152.057956] thp-madv-remove-test[1542]:   All 4388 non-punched pages verified OK
machine # [  152.060942] thp-madv-remove-test[1542]:   Parent verification failures: 0
machine # [  152.063333] thp-madv-remove-test[1542]: Iteration 43 PASSED
machine # [  152.065130] thp-madv-remove-test[1542]: --- Iteration 44/1000 ---
machine # [  152.199884] thp-madv-remove-test[2280]: post-sleep failures: 0
machine # [  152.203558] thp-madv-remove-test[1542]:   Child: 753793 pages verified, 0 failures
machine # [  152.209136] thp-madv-remove-test[1542]:   All 4388 non-punched pages verified OK
machine # [  152.209489] thp-madv-remove-test[1542]:   Parent verification failures: 0
machine # [  152.217331] thp-madv-remove-test[1542]: Iteration 44 PASSED
machine # [  152.219654] thp-madv-remove-test[1542]: --- Iteration 45/1000 ---
machine # [  152.254692] thp-madv-remove-test[2297]: post-sleep failures: 0
machine # [  152.257718] thp-madv-remove-test[1542]:   Child: 644236 pages verified, 0 failures
machine # [  152.260959] thp-madv-remove-test[1542]:   All 4388 non-punched pages verified OK
machine # [  152.264134] thp-madv-remove-test[1542]:   Parent verification failures: 0
machine # [  152.267625] thp-madv-remove-test[1542]: Iteration 45 PASSED
machine # [  152.269282] thp-madv-remove-test[1542]: --- Iteration 46/1000 ---
machine # [  152.417421] thp-madv-remove-test[2314]: post-sleep failures: 0
machine # [  152.420184] thp-madv-remove-test[1542]:   Child: 959709 pages verified, 0 failures
machine # [  152.423269] thp-madv-remove-test[1542]:   All 4388 non-punched pages verified OK
machine # [  152.423885] thp-madv-remove-test[1542]:   Parent verification failures: 0
machine # [  152.426743] thp-madv-remove-test[1542]: Iteration 46 PASSED
machine # [  152.429675] thp-madv-remove-test[1542]: --- Iteration 47/1000 ---
machine # [  152.465370] thp-madv-remove-test[2331]: post-sleep failures: 0
machine # [  152.467555] thp-madv-remove-test[1542]:   Child: 876511 pages verified, 0 failures
machine # [  152.470558] thp-madv-remove-test[1542]:   All 4388 non-punched pages verified OK
machine # [  152.471814] thp-madv-remove-test[1542]:   Parent verification failures: 0
machine # [  152.475841] thp-madv-remove-test[1542]: Iteration 47 PASSED
machine # [  152.477029] thp-madv-remove-test[1542]: --- Iteration 48/1000 ---
machine # [  152.980230] thp-madv-remove-test[2348]: post-sleep failures: 0
machine # [  152.983823] thp-madv-remove-test[1542]:   Child: 744968 pages verified, 0 failures
machine # [  152.987957] thp-madv-remove-test[1542]:   All 4388 non-punched pages verified OK
machine # [  152.989687] thp-madv-remove-test[1542]:   Parent verification failures: 0
machine # [  152.993745] thp-madv-remove-test[1542]: Iteration 48 PASSED
machine # [  152.996187] thp-madv-remove-test[1542]: --- Iteration 49/1000 ---
machine # [  153.117413] thp-madv-remove-test[2365]: post-sleep failures: 0
machine # [  153.122376] thp-madv-remove-test[1542]:   Child: 718715 pages verified, 0 failures
machine # [  153.126272] thp-madv-remove-test[1542]:   All 4388 non-punched pages verified OK
machine # [  153.129255] thp-madv-remove-test[1542]:   Parent verification failures: 0
machine # [  153.134418] thp-madv-remove-test[1542]: Iteration 49 PASSED
machine # [  153.135519] thp-madv-remove-test[1542]: --- Iteration 50/1000 ---
machine # [  153.271243] thp-madv-remove-test[2382]: post-sleep failures: 0
machine # [  153.274443] thp-madv-remove-test[1542]:   Child: 591676 pages verified, 0 failures
machine # [  153.277589] thp-madv-remove-test[1542]:   All 4388 non-punched pages verified OK
machine # [  153.278624] thp-madv-remove-test[1542]:   Parent verification failures: 0
machine # [  153.282905] thp-madv-remove-test[1542]: Iteration 50 PASSED
machine # [  153.284697] thp-madv-remove-test[1542]: --- Iteration 51/1000 ---
machine # [  153.400323] thp-madv-remove-test[2399]: post-sleep failures: 0
machine # [  153.403836] thp-madv-remove-test[1542]:   Child: 486436 pages verified, 0 failures
machine # [  153.407853] thp-madv-remove-test[1542]:   All 4388 non-punched pages verified OK
machine # [  153.410678] thp-madv-remove-test[1542]:   Parent verification failures: 0
machine # [  153.414649] thp-madv-remove-test[1542]: Iteration 51 PASSED
machine # [  153.416724] thp-madv-remove-test[1542]: --- Iteration 52/1000 ---
machine # [  153.541927] thp-madv-remove-test[2416]: post-sleep failures: 0
machine # [  153.546998] thp-madv-remove-test[1542]:   Child: 429502 pages verified, 0 failures
machine # [  153.552394] thp-madv-remove-test[1542]:   All 4388 non-punched pages verified OK
machine # [  153.552733] thp-madv-remove-test[1542]:   Parent verification failures: 0
machine # [  153.560811] thp-madv-remove-test[1542]: Iteration 52 PASSED
machine # [  153.562835] thp-madv-remove-test[1542]: --- Iteration 53/1000 ---
machine # [  153.686605] thp-madv-remove-test[2433]: post-sleep failures: 0
machine # [  153.688818] thp-madv-remove-test[1542]:   Child: 442647 pages verified, 0 failures
machine # [  153.692261] thp-madv-remove-test[1542]:   All 4388 non-punched pages verified OK
machine # [  153.694423] thp-madv-remove-test[1542]:   Parent verification failures: 0
machine # [  153.696778] thp-madv-remove-test[1542]: Iteration 53 PASSED
machine # [  153.699252] thp-madv-remove-test[1542]: --- Iteration 54/1000 ---
machine # [  153.831625] thp-madv-remove-test[2450]: post-sleep failures: 0
machine # [  153.834544] thp-madv-remove-test[1542]:   Child: 534701 pages verified, 0 failures
machine # [  153.838813] thp-madv-remove-test[1542]:   All 4388 non-punched pages verified OK
machine # [  153.838978] thp-madv-remove-test[1542]:   Parent verification failures: 0
machine # [  153.845921] thp-madv-remove-test[1542]: Iteration 54 PASSED
machine # [  153.848443] thp-madv-remove-test[1542]: --- Iteration 55/1000 ---
machine # [  153.888796] thp-madv-remove-test[2467]: post-sleep failures: 0
machine # [  153.891853] thp-madv-remove-test[1542]:   Child: 1003519 pages verified, 0 failures
machine # [  153.896468] thp-madv-remove-test[1542]:   All 4388 non-punched pages verified OK
machine # [  153.899404] thp-madv-remove-test[1542]:   Parent verification failures: 0
machine # [  153.903366] thp-madv-remove-test[1542]: Iteration 55 PASSED
machine # [  153.905592] thp-madv-remove-test[1542]: --- Iteration 56/1000 ---
machine # [  159.172980] thp-madv-remove-test[2484]: post-sleep failures: 0
machine # [  159.180518] thp-madv-remove-test[1542]:   Child: 135846 pages verified, 0 failures
machine # [  159.183725] thp-madv-remove-test[1542]:   All 4388 non-punched pages verified OK
machine # [  159.185930] thp-madv-remove-test[1542]:   Parent verification failures: 0
machine # [  159.190665] thp-madv-remove-test[1542]: Iteration 56 PASSED
machine # [  159.193205] thp-madv-remove-test[1542]: --- Iteration 57/1000 ---
machine # [  159.232629] thp-madv-remove-test[2501]: post-sleep failures: 0
machine # [  159.235261] thp-madv-remove-test[1542]:   Child: 893940 pages verified, 0 failures
machine # [  159.237909] thp-madv-remove-test[1542]:   All 4388 non-punched pages verified OK
machine # [  159.240409] thp-madv-remove-test[1542]:   Parent verification failures: 0
machine # [  159.243234] thp-madv-remove-test[1542]: Iteration 57 PASSED
machine # [  159.246260] thp-madv-remove-test[1542]: --- Iteration 58/1000 ---
machine # [  159.291561] thp-madv-remove-test[2518]: post-sleep failures: 0
machine # [  159.295287] thp-madv-remove-test[1542]:   Child: 999209 pages verified, 0 failures
machine # [  159.297834] thp-madv-remove-test[1542]:   All 4388 non-punched pages verified OK
machine # [  159.300601] thp-madv-remove-test[1542]:   Parent verification failures: 0
machine # [  159.310954] thp-madv-remove-test[1542]: Iteration 58 PASSED
machine # [  159.313757] thp-madv-remove-test[1542]: --- Iteration 59/1000 ---
machine # [  159.345374] thp-madv-remove-test[2535]: post-sleep failures: 0
machine # [  159.348337] thp-madv-remove-test[1542]:   Child: 661798 pages verified, 0 failures
machine # [  159.351451] thp-madv-remove-test[1542]:   All 4388 non-punched pages verified OK
machine # [  159.354466] thp-madv-remove-test[1542]:   Parent verification failures: 0
machine # [  159.356976] thp-madv-remove-test[1542]: Iteration 59 PASSED
machine # [  159.358052] thp-madv-remove-test[1542]: --- Iteration 60/1000 ---
machine # [  159.392126] thp-madv-remove-test[2553]: post-sleep failures: 0
machine # [  159.394574] thp-madv-remove-test[1542]:   Child: 674970 pages verified, 0 failures
machine # [  159.397934] thp-madv-remove-test[1542]:   All 4388 non-punched pages verified OK
machine # [  159.402243] thp-madv-remove-test[1542]:   Parent verification failures: 0
machine # [  159.406923] thp-madv-remove-test[1542]: Iteration 60 PASSED
machine # [  159.409407] thp-madv-remove-test[1542]: --- Iteration 61/1000 ---
machine # [  159.729244] thp-madv-remove-test[2570]: post-sleep failures: 0
machine # [  159.731596] thp-madv-remove-test[1542]:   Child: 889586 pages verified, 0 failures
machine # [  159.732698] thp-madv-remove-test[1542]:   All 4388 non-punched pages verified OK
machine # [  159.734814] thp-madv-remove-test[1542]:   Parent verification failures: 0
machine # [  159.737103] thp-madv-remove-test[1542]: Iteration 61 PASSED
machine # [  159.739051] thp-madv-remove-test[1542]: --- Iteration 62/1000 ---
machine # [  159.871783] thp-madv-remove-test[2587]: post-sleep failures: 0
machine # [  159.874506] thp-madv-remove-test[1542]:   Child: 920342 pages verified, 0 failures
machine # [  159.877618] thp-madv-remove-test[1542]:   All 4388 non-punched pages verified OK
machine # [  159.877853] thp-madv-remove-test[1542]:   Parent verification failures: 0
machine # [  159.882919] thp-madv-remove-test[1542]: Iteration 62 PASSED
machine # [  159.884685] thp-madv-remove-test[1542]: --- Iteration 63/1000 ---
machine # [  160.108463] thp-madv-remove-test[2604]: post-sleep failures: 0
machine # [  160.110405] thp-madv-remove-test[1542]:   Child: 823922 pages verified, 0 failures
machine # [  160.112771] thp-madv-remove-test[1542]:   All 4388 non-punched pages verified OK
machine # [  160.114994] thp-madv-remove-test[1542]:   Parent verification failures: 0
machine # [  160.117257] thp-madv-remove-test[1542]: Iteration 63 PASSED
machine # [  160.118606] thp-madv-remove-test[1542]: --- Iteration 64/1000 ---
machine # [  160.630174] thp-madv-remove-test[2621]: post-sleep failures: 0
machine # [  160.633136] thp-madv-remove-test[1542]:   Child: 1091213 pages verified, 0 failures
machine # [  160.635720] thp-madv-remove-test[1542]:   All 4388 non-punched pages verified OK
machine # [  160.636962] thp-madv-remove-test[1542]:   Parent verification failures: 0
machine # [  160.640382] thp-madv-remove-test[1542]: Iteration 64 PASSED
machine # [  160.644959] thp-madv-remove-test[1542]: --- Iteration 65/1000 ---
machine # [  160.773314] thp-madv-remove-test[2638]: post-sleep failures: 0
machine # [  160.775650] thp-madv-remove-test[1542]:   Child: 950948 pages verified, 0 failures
machine # [  160.779330] thp-madv-remove-test[1542]:   All 4388 non-punched pages verified OK
machine # [  160.779560] thp-madv-remove-test[1542]:   Parent verification failures: 0
machine # [  160.785068] thp-madv-remove-test[1542]: Iteration 65 PASSED
machine # [  160.786821] thp-madv-remove-test[1542]: --- Iteration 66/1000 ---
machine # [  160.815761] thp-madv-remove-test[2655]: post-sleep failures: 0
machine # [  160.818652] thp-madv-remove-test[1542]:   Child: 442620 pages verified, 0 failures
machine # [  160.821205] thp-madv-remove-test[1542]:   All 4388 non-punched pages verified OK
machine # [  160.821383] thp-madv-remove-test[1542]:   Parent verification failures: 0
machine # [  160.827318] thp-madv-remove-test[1542]: Iteration 66 PASSED
machine # [  160.828566] thp-madv-remove-test[1542]: --- Iteration 67/1000 ---
machine # [  160.963522] thp-madv-remove-test[2672]: post-sleep failures: 0
machine # [  160.966279] thp-madv-remove-test[1542]:   Child: 858982 pages verified, 0 failures
machine # [  160.968574] thp-madv-remove-test[1542]:   All 4388 non-punched pages verified OK
machine # [  160.969542] thp-madv-remove-test[1542]:   Parent verification failures: 0
machine # [  160.973533] thp-madv-remove-test[1542]: Iteration 67 PASSED
machine # [  160.973828] thp-madv-remove-test[1542]: --- Iteration 68/1000 ---
machine # [  161.080447] thp-madv-remove-test[2689]: post-sleep failures: 0
machine # [  161.083448] thp-madv-remove-test[1542]:   Child: 267349 pages verified, 0 failures
machine # [  161.087602] thp-madv-remove-test[1542]:   All 4388 non-punched pages verified OK
machine # [  161.087895] thp-madv-remove-test[1542]:   Parent verification failures: 0
machine # [  161.093789] thp-madv-remove-test[1542]: Iteration 68 PASSED
machine # [  161.095547] thp-madv-remove-test[1542]: --- Iteration 69/1000 ---
machine # [  161.222187] thp-madv-remove-test[2706]: post-sleep failures: 0
machine # [  161.223978] thp-madv-remove-test[1542]:   Child: 639841 pages verified, 0 failures
machine # [  161.226389] thp-madv-remove-test[1542]:   All 4388 non-punched pages verified OK
machine # [  161.226609] thp-madv-remove-test[1542]:   Parent verification failures: 0
machine # [  161.231576] thp-madv-remove-test[1542]: Iteration 69 PASSED
machine # [  161.234330] thp-madv-remove-test[1542]: --- Iteration 70/1000 ---
machine # [  161.349131] thp-madv-remove-test[2723]: post-sleep failures: 0
machine # [  161.351120] thp-madv-remove-test[1542]:   Child: 806384 pages verified, 0 failures
machine # [  161.352707] thp-madv-remove-test[1542]:   All 4388 non-punched pages verified OK
machine # [  161.354630] thp-madv-remove-test[1542]:   Parent verification failures: 0
machine # [  161.356507] thp-madv-remove-test[1542]: Iteration 70 PASSED
machine # [  161.358341] thp-madv-remove-test[1542]: --- Iteration 71/1000 ---
machine # [  161.498893] thp-madv-remove-test[2740]: post-sleep failures: 0
machine # [  161.501583] thp-madv-remove-test[1542]:   Child: 1016742 pages verified, 0 failures
machine # [  161.504602] thp-madv-remove-test[1542]:   All 4388 non-punched pages verified OK
machine # [  161.505706] thp-madv-remove-test[1542]:   Parent verification failures: 0
machine # [  161.510145] thp-madv-remove-test[1542]: Iteration 71 PASSED
machine # [  161.511868] thp-madv-remove-test[1542]: --- Iteration 72/1000 ---
machine # [  161.561592] thp-madv-remove-test[2757]: post-sleep failures: 0
machine # [  161.563760] thp-madv-remove-test[1542]:   Child: 1266408 pages verified, 0 failures
machine # [  161.566553] thp-madv-remove-test[1542]:   All 4388 non-punched pages verified OK
machine # [  161.568835] thp-madv-remove-test[1542]:   Parent verification failures: 0
machine # [  161.570807] thp-madv-remove-test[1542]: Iteration 72 PASSED
machine # [  161.572479] thp-madv-remove-test[1542]: --- Iteration 73/1000 ---
machine # [  161.802675] thp-madv-remove-test[2774]: post-sleep failures: 0
machine # [  161.805985] thp-madv-remove-test[1542]:   Child: 710087 pages verified, 0 failures
machine # [  161.808949] thp-madv-remove-test[1542]:   All 4388 non-punched pages verified OK
machine # [  161.811652] thp-madv-remove-test[1542]:   Parent verification failures: 0
machine # [  161.816560] thp-madv-remove-test[1542]: Iteration 73 PASSED
machine # [  161.818748] thp-madv-remove-test[1542]: --- Iteration 74/1000 ---
machine # [  161.854235] thp-madv-remove-test[2791]: post-sleep failures: 0
machine # [  161.856396] thp-madv-remove-test[1542]:   Child: 701135 pages verified, 0 failures
machine # [  161.858628] thp-madv-remove-test[1542]:   All 4388 non-punched pages verified OK
