Machine state will be reset. To keep it, pass --keep-vm-state
start all VLans
start vlan
running vlan (pid 6; ctl /build/vde1.ctl)
(finished: start all VLans, in 0.00 seconds)
Test will time out and terminate in 3600 seconds
run the VM test script
additionally exposed symbols:
    machine,
    vlan1,
    start_all, test_script, machines, vlans, driver, log, os, create_machine, subtest, run_tests, join_all, retry, serial_stdout_off, serial_stdout_on, polling_condition, Machine
machine: waiting for unit multi-user.target
machine: waiting for the VM to finish booting
machine: starting vm
mke2fs 1.47.0 (5-Feb-2023)
machine: QEMU running (pid 8)
machine # Disk image do not exist, creating the virtualisation disk image...
machine # Formatting '/build/vm-state-machine/tmp.8Ft0lKQFnW', fmt=raw size=1073741824
machine # Discarding device blocks:      0/26214            done
machine # Creating filesystem with 262144 4k blocks and 65536 inodes
machine # Filesystem UUID: 5c85d1ed-7100-46db-8317-7df2b24a683c
machine # Superblock backups stored on blocks:
machine # 	32768, 98304, 163840, 229376
machine # 
machine # Allocating group tables: 0/  done
machine # Writing inode tables: 0/  done
machine # Creating journal (8192 blocks): done
machine # Writing superblocks and filesystem accounting information: 0/  done
machine # 
machine # Virtualisation disk image created.
machine # cSeaBIOS (version rel-1.16.3-0-ga6ed6b701f0a-prebuilt.qemu.org)
machine # 
machine # 
machine # iPXE (http://ipxe.org) 00:03.0 CA00 PCI2.10 PnP PMM+BEFD0AF0+BEF30AF0 CA00
machine # Press Ctrl-B to configure iPXE (PCI 00:03.0)...
machine # 
machine # 
machine # 
machine # 
machine # iPXE (http://ipxe.org) 00:09.0 CB00 PCI2.10 PnP PMM BEFD0AF0 BEF30AF0 CB00
machine # Press Ctrl-B to configure iPXE (PCI 00:09.0)...
machine # 
machine # 
machine # Booting from ROM...
machine: Guest root shell did not produce any data yet...
machine:   To debug, enter the VM and run 'systemctl status backdoor.service'.
machine # Probing EDD (edd=off to disable)... ock[    0.000000] Linux version 7.0.0-rc1 (nixbld@localhost) (gcc (GCC) 13.2.0, GNU ld (GNU Binutils) 2.41) #1-NixOS SMP PREEMPT_DYNAMIC Tue Jan  1 00:00:00 UTC 1980
machine # [    0.000000] Command line: console=ttyS0 panic=1 boot.panic_on_fail clocksource=acpi_pm loglevel=7 net.ifnames=0 init=/nix/store/i72lqmrzmrn3bw11410ly6kmdxj23axy-nixos-system-machine-test/init regInfo=/nix/store/0gq9rfgri4lg3i7i6fq11yb5ysi7nc8a-closure-info/registration console=ttyS0
machine # [    0.000000] BIOS-provided physical RAM map:
machine # [    0.000000] BIOS-e820: [mem 0x0000000000000000-0x000000000009fbff]  System RAM
machine # [    0.000000] BIOS-e820: [mem 0x000000000009fc00-0x000000000009ffff]  device reserved
machine # [    0.000000] BIOS-e820: [gap 0x00000000000a0000-0x00000000000effff]
machine # [    0.000000] BIOS-e820: [mem 0x00000000000f0000-0x00000000000fffff]  device reserved
machine # [    0.000000] BIOS-e820: [mem 0x0000000000100000-0x00000000bffdafff]  System RAM
machine # [    0.000000] BIOS-e820: [mem 0x00000000bffdb000-0x00000000bfffffff]  device reserved
machine # [    0.000000] BIOS-e820: [gap 0x00000000c0000000-0x00000000feffbfff]
machine # [    0.000000] BIOS-e820: [mem 0x00000000feffc000-0x00000000feffffff]  device reserved
machine # [    0.000000] BIOS-e820: [gap 0x00000000ff000000-0x00000000fffbffff]
machine # [    0.000000] BIOS-e820: [mem 0x00000000fffc0000-0x00000000ffffffff]  device reserved
machine # [    0.000000] BIOS-e820: [mem 0x0000000100000000-0x000000043fffffff]  System RAM
machine # [    0.000000] BIOS-e820: [gap 0x0000000440000000-0x000000fcffffffff]
machine # [    0.000000] BIOS-e820: [mem 0x000000fd00000000-0x000000ffffffffff]  device reserved
machine # [    0.000000] NX (Execute Disable) protection: active
machine # [    0.000000] APIC: Static calls initialized
machine # [    0.000000] SMBIOS 3.0.0 present.
machine # [    0.000000] DMI: QEMU Standard PC (i440FX + PIIX, 1996), BIOS rel-1.16.3-0-ga6ed6b701f0a-prebuilt.qemu.org 04/01/2014
machine # [    0.000000] DMI: Memory slots populated: 1/1
machine # [    0.000000] Hypervisor detected: KVM
machine # [    0.000000] last_pfn = 0xbffdb max_arch_pfn = 0x400000000
machine # [    0.000000] kvm-clock: Using msrs 4b564d01 and 4b564d00
machine # [    0.000000] kvm-clock: using sched offset of 484636015 cycles
machine # [    0.000003] clocksource: kvm-clock: mask: 0xffffffffffffffff max_cycles: 0x1cd42e4dffb, max_idle_ns: 881590591483 ns
machine # [    0.000006] tsc: Detected 3000.004 MHz processor
machine # [    0.000990] last_pfn = 0x440000 max_arch_pfn = 0x400000000
machine # [    0.001032] MTRR map: 4 entries (3 fixed + 1 variable; max 19), built from 8 variable MTRRs
machine # [    0.001035] x86/PAT: Configuration [0-7]: WB  WC  UC- UC  WB  WP  UC- WT
machine # [    0.001098] last_pfn = 0xbffdb max_arch_pfn = 0x400000000
machine # [    0.003372] found SMP MP-table at [mem 0x000f5430-0x000f543f]
machine # [    0.003384] Using GB pages for direct mapping
machine # [    0.003494] RAMDISK: [mem 0xbf44a000-0xbffcffff]
machine # [    0.003503] ACPI: Early table checksum verification disabled
machine # [    0.003506] ACPI: RSDP 0x00000000000F5220 000014 (v00 BOCHS )
machine # [    0.003513] ACPI: RSDT 0x00000000BFFE2844 000034 (v01 BOCHS  BXPC     00000001 BXPC 00000001)
machine # [    0.003519] ACPI: FACP 0x00000000BFFE2600 000074 (v01 BOCHS  BXPC     00000001 BXPC 00000001)
machine # [    0.003542] ACPI: DSDT 0x00000000BFFE0040 0025C0 (v01 BOCHS  BXPC     00000001 BXPC 00000001)
machine # [    0.003546] ACPI: FACS 0x00000000BFFE0000 000040
machine # [    0.003548] ACPI: APIC 0x00000000BFFE2674 000170 (v03 BOCHS  BXPC     00000001 BXPC 00000001)
machine # [    0.003551] ACPI: HPET 0x00000000BFFE27E4 000038 (v01 BOCHS  BXPC     00000001 BXPC 00000001)
machine # [    0.003553] ACPI: WAET 0x00000000BFFE281C 000028 (v01 BOCHS  BXPC     00000001 BXPC 00000001)
machine # [    0.003555] ACPI: Reserving FACP table memory at [mem 0xbffe2600-0xbffe2673]
machine # [    0.003556] ACPI: Reserving DSDT table memory at [mem 0xbffe0040-0xbffe25ff]
machine # [    0.003557] ACPI: Reserving FACS table memory at [mem 0xbffe0000-0xbffe003f]
machine # [    0.003558] ACPI: Reserving APIC table memory at [mem 0xbffe2674-0xbffe27e3]
machine # [    0.003559] ACPI: Reserving HPET table memory at [mem 0xbffe27e4-0xbffe281b]
machine # [    0.003559] ACPI: Reserving WAET table memory at [mem 0xbffe281c-0xbffe2843]
machine # [    0.003884] No NUMA configuration found
machine # [    0.003885] Faking a node at [mem 0x0000000000000000-0x000000043fffffff]
machine # [    0.003888] NODE_DATA(0) allocated [mem 0x43fffaa80-0x43fffffff]
machine # [    0.004812] ACPI: PM-Timer IO Port: 0x608
machine # [    0.004825] ACPI: LAPIC_NMI (acpi_id[0xff] dfl dfl lint[0x1])
machine # [    0.004854] IOAPIC[0]: apic_id 0, version 17, address 0xfec00000, GSI 0-23
machine # [    0.004857] ACPI: INT_SRC_OVR (bus 0 bus_irq 0 global_irq 2 dfl dfl)
machine # [    0.004859] ACPI: INT_SRC_OVR (bus 0 bus_irq 5 global_irq 5 high level)
machine # [    0.004860] ACPI: INT_SRC_OVR (bus 0 bus_irq 9 global_irq 9 high level)
machine # [    0.004861] ACPI: INT_SRC_OVR (bus 0 bus_irq 10 global_irq 10 high level)
machine # [    0.004862] ACPI: INT_SRC_OVR (bus 0 bus_irq 11 global_irq 11 high level)
machine # [    0.004865] ACPI: Using ACPI (MADT) for SMP configuration information
machine # [    0.004867] ACPI: HPET id: 0x8086a201 base: 0xfed00000
machine # [    0.004869] TSC deadline timer available
machine # [    0.004875] CPU topo: Max. logical packages:   1
machine # [    0.004876] CPU topo: Max. logical dies:       1
machine # [    0.004876] CPU topo: Max. dies per package:   1
machine # [    0.004881] CPU topo: Max. threads per core:   1
machine # [    0.004882] CPU topo: Num. cores per package:    32
machine # [    0.004883] CPU topo: Num. threads per package:  32
machine # [    0.004884] CPU topo: Allowing 32 present CPUs plus 0 hotplug CPUs
machine # [    0.004897] kvm-guest: APIC: eoi() replaced with kvm_guest_apic_eoi_write()
machine # [    0.004912] kvm-guest: KVM setup pv remote TLB flush
machine # [    0.004915] kvm-guest: setup PV sched yield
machine # [    0.004921] PM: hibernation: Registered nosave memory: [mem 0x00000000-0x00000fff]
machine # [    0.004922] PM: hibernation: Registered nosave memory: [mem 0x0009f000-0x000fffff]
machine # [    0.004924] PM: hibernation: Registered nosave memory: [mem 0xbffdb000-0xffffffff]
machine # [    0.004925] [gap 0xc0000000-0xfeffbfff] available for PCI devices
machine # [    0.004926] Booting paravirtualized kernel on KVM
machine # [    0.004927] clocksource: refined-jiffies: mask: 0xffffffff max_cycles: 0xffffffff, max_idle_ns: 1910969940391419 ns
machine # [    0.010168] Zone ranges:
machine # [    0.010168]   DMA      [mem 0x0000000000001000-0x0000000000ffffff]
machine # [    0.010170]   DMA32    [mem 0x0000000001000000-0x00000000ffffffff]
machine # [    0.010172]   Normal   [mem 0x0000000100000000-0x000000043fffffff]
machine # [    0.010173]   Device   empty
machine # [    0.010174] Movable zone start for each node
machine # [    0.010174] Early memory node ranges
machine # [    0.010175]   node   0: [mem 0x0000000000001000-0x000000000009efff]
machine # [    0.010176]   node   0: [mem 0x0000000000100000-0x00000000bffdafff]
machine # [    0.010177]   node   0: [mem 0x0000000100000000-0x000000043fffffff]
machine # [    0.010179] Initmem setup node 0 [mem 0x0000000000001000-0x000000043fffffff]
machine # [    0.010479] On node 0, zone DMA: 1 pages in unavailable ranges
machine # [    0.010493] On node 0, zone DMA: 97 pages in unavailable ranges
machine # [   28.860079] On node 0, zone Normal: 37 pages in unavailable ranges
machine # [   28.860101] setup_percpu: NR_CPUS:384 nr_cpumask_bits:32 nr_cpu_ids:32 nr_node_ids:1
machine # [   29.890133] percpu: Embedded 83 pages/cpu s217088 r8192 d114688 u524288
machine # [   29.890250] kvm-guest: PV spinlocks enabled
machine # [   29.890254] PV qspinlock hash table entries: 256 (order: 0, 4096 bytes, linear)
machine # [   29.890260] Kernel command line: console=ttyS0 panic=1 boot.panic_on_fail clocksource=acpi_pm loglevel=7 net.ifnames=0 init=/nix/store/i72lqmrzmrn3bw11410ly6kmdxj23axy-nixos-system-machine-test/init regInfo=/nix/store/0gq9rfgri4lg3i7i6fq11yb5ysi7nc8a-closure-info/registration console=ttyS0
machine # [   29.890423] Unknown kernel command line parameters "regInfo=/nix/store/0gq9rfgri4lg3i7i6fq11yb5ysi7nc8a-closure-info/registration", will be passed to user space.
machine # [   29.890452] random: crng init done
machine # [   29.890454] printk: log buffer data + meta data: 262144 + 1114112 = 1376256 bytes
machine # [   30.943336] Dentry cache hash table entries: 2097152 (order: 12, 16777216 bytes, linear)
machine # [   31.452816] Inode-cache hash table entries: 1048576 (order: 11, 8388608 bytes, linear)
machine # [   31.453078] software IO TLB: area num 32.
machine # [   44.073591] Fallback order for Node 0: 0
machine # [   44.073742] Built 1 zonelists, mobility grouping on.  Total pages: 4194169
machine # [   44.073745] Policy zone: Normal
machine # [   44.189187] mem auto-init: stack:all(zero), heap alloc:off, heap free:off
machine # [   44.511903] SLUB: HWalign=64, Order=0-3, MinObjects=0, CPUs=32, Nodes=1
machine # [   44.644814] ftrace: allocating 46503 entries in 184 pages
machine # [   44.644821] ftrace: allocated 184 pages with 4 groups
machine # [   44.646182] Dynamic Preempt: lazy
machine # [   44.759763] rcu: Preemptible hierarchical RCU implementation.
machine # [   44.759769] rcu: 	RCU event tracing is enabled.
machine # [   44.759770] rcu: 	RCU restricting CPUs from NR_CPUS=384 to nr_cpu_ids=32.
machine # [   44.759774] 	Trampoline variant of Tasks RCU enabled.
machine # [   44.759775] 	Rude variant of Tasks RCU enabled.
machine # [   44.759775] 	Tracing variant of Tasks RCU enabled.
machine # [   44.759776] rcu: RCU calculated value of scheduler-enlistment delay is 100 jiffies.
machine # [   44.759777] rcu: Adjusting geometry for rcu_fanout_leaf=16, nr_cpu_ids=32
machine # [   44.759856] RCU Tasks: Setting shift to 5 and lim to 1 rcu_task_cb_adjust=1 rcu_task_cpu_ids=32.
machine # [   44.759862] RCU Tasks Rude: Setting shift to 5 and lim to 1 rcu_task_cb_adjust=1 rcu_task_cpu_ids=32.
machine # [   44.764040] NR_IRQS: 24832, nr_irqs: 680, preallocated irqs: 16
machine # [   44.764642] rcu: srcu_init: Setting srcu_struct sizes based on contention.
machine # [   44.764828] kfence: initialized - using 2097152 bytes for 255 objects at 0x(____ptrval____)-0x(____ptrval____)
machine # [   44.893167] Console: colour VGA+ 80x25
machine # [   44.893266] printk: legacy console [ttyS0] enabled
machine # [   45.078151] ACPI: Core revision 20251212
machine # [   45.079401] clocksource: hpet: mask: 0xffffffff max_cycles: 0xffffffff, max_idle_ns: 19112604467 ns
machine # [   45.081598] APIC: Switch to symmetric I/O mode setup
machine # [   45.083145] x2apic enabled
machine # [   45.084232] APIC: Switched APIC routing to: physical x2apic
machine # [   45.085581] kvm-guest: APIC: send_IPI_mask() replaced with kvm_send_ipi_mask()
machine # [   45.087366] kvm-guest: APIC: send_IPI_mask_allbutself() replaced with kvm_send_ipi_mask_allbutself()
machine # [   45.089519] kvm-guest: setup PV IPIs
machine # [   45.091786] ..TIMER: vector=0x30 apic1=0 pin1=2 apic2=-1 pin2=-1
machine # [   45.093396] clocksource: tsc-early: mask: 0xffffffffffffffff max_cycles: 0x2b3e4942f25, max_idle_ns: 440795326592 ns
machine # [   45.096145] Calibrating delay loop (skipped) preset value.. 6000.00 BogoMIPS (lpj=3000004)
machine # [   45.097289] x86/cpu: User Mode Instruction Prevention (UMIP) activated
machine # [   45.098275] Last level iTLB entries: 4KB 512, 2MB 255, 4MB 127
machine # [   45.099144] Last level dTLB entries: 4KB 512, 2MB 255, 4MB 127, 1GB 0
machine # [   45.100153] mitigations: Enabled attack vectors: user_kernel, user_user, guest_host, guest_guest, SMT mitigations: auto
machine # [   45.101146] Speculative Store Bypass: Mitigation: Speculative Store Bypass disabled via prctl
machine # [   45.102145] Spectre V2 : Mitigation: Retpolines
machine # [   45.103144] RETBleed: Mitigation: untrained return thunk
machine # [   45.104145] Speculative Return Stack Overflow: Mitigation: SMT disabled
machine # [   45.105144] Spectre V1 : Mitigation: usercopy/swapgs barriers and __user pointer sanitization
machine # [   45.106169] Spectre V2 : Spectre v2 / SpectreRSB: Filling RSB on context switch and VMEXIT
machine # [   45.107146] Spectre V2 : Enabling Speculation Barrier for firmware calls
machine # [   45.108145] active return thunk: retbleed_return_thunk
machine # [   45.110146] Spectre V2 : mitigation: Enabling conditional Indirect Branch Prediction Barrier
machine # [   45.111161] x86/fpu: Supporting XSAVE feature 0x001: 'x87 floating point registers'
machine # [   45.112141] x86/fpu: Supporting XSAVE feature 0x002: 'SSE registers'
machine # [   45.112143] x86/fpu: Supporting XSAVE feature 0x004: 'AVX registers'
machine # [   45.113143] x86/fpu: xstate_offset[2]:  576, xstate_sizes[2]:  256
machine # [   45.114143] x86/fpu: Enabled xstate features 0x7, context size is 832 bytes, using 'compacted' format.
machine # [   45.145327] Freeing SMP alternatives memory: 44K
machine # [   45.146145] pid_max: default: 32768 minimum: 301
machine # [   45.147627] landlock: Up and running.
machine # [   45.148143] Yama: becoming mindful.
machine # [   45.149150] SELinux:  Initializing.
machine # [   45.150644] LSM support for eBPF active
machine # [   45.152435] Mount-cache hash table entries: 32768 (order: 6, 262144 bytes, linear)
machine # [   45.153484] Mountpoint-cache hash table entries: 32768 (order: 6, 262144 bytes, linear)
machine # [   45.154527] VFS: Finished mounting rootfs on nullfs
machine # [   45.157536] smpboot: CPU0: AMD EPYC 7302 16-Core Processor (family: 0x17, model: 0x31, stepping: 0x0)
machine # [   45.160007] Performance Events: Fam17h+ core perfctr, AMD PMU driver.
machine # [   45.160158] ... version:                   0
machine # [   45.161149] ... bit width:                 48
machine # [   45.162238] ... generic counters:          6
machine # [   45.163150] ... generic bitmap:            000000000000003f
machine # [   45.164148] ... fixed-purpose counters:    0
machine # [   45.165147] ... fixed-purpose bitmap:      0000000000000000
machine # [   45.166147] ... value mask:                0000ffffffffffff
machine # [   45.167146] ... max period:                00007fffffffffff
machine # [   45.168146] ... global_ctrl mask:          000000000000003f
machine # [   45.169419] signal: max sigframe size: 1776
machine # [   45.170217] rcu: Hierarchical SRCU implementation.
machine # [   45.171149] rcu: 	Max phase no-delay instances is 400.
machine # [   45.172319] Timer migration: 2 hierarchy levels; 8 children per group; 2 crossnode level
machine # [   45.180046] smp: Bringing up secondary CPUs ...
machine # [   45.180482] smpboot: x86: Booting SMP configuration:
machine # [   45.181152] .... node  #0, CPUs:        #1  #2  #3  #4  #5  #6  #7  #8  #9 #10 #11 #12 #13 #14 #15 #16 #17 #18 #19 #20 #21 #22 #23 #24 #25 #26 #27 #28 #29 #30 #31
machine # [   45.224159] smp: Brought up 1 node, 32 CPUs
machine # [   45.226153] smpboot: Total of 32 processors activated (192000.25 BogoMIPS)
machine # [   45.229923] Memory: 16335412K/16776676K available (15983K kernel code, 2716K rwdata, 12380K rodata, 3468K init, 3232K bss, 423836K reserved, 0K cma-reserved)
machine # [   45.232166] devtmpfs: initialized
machine # [   45.233495] x86/mm: Memory block size: 128MB
machine # [   45.237376] clocksource: jiffies: mask: 0xffffffff max_cycles: 0xffffffff, max_idle_ns: 1911260446275000 ns
machine # [   45.238155] posixtimers hash table entries: 16384 (order: 6, 262144 bytes, linear)
machine # [   45.242400] futex hash table entries: 8192 (524288 bytes on 1 NUMA nodes, total 512 KiB, linear).
machine # [   45.244229] PM: RTC time: 13:17:34, date: 2026-02-26
machine # [   45.249589] NET: Registered PF_NETLINK/PF_ROUTE protocol family
machine # [   45.250717] DMA: preallocated 2048 KiB GFP_KERNEL pool for atomic allocations
machine # [   45.251165] DMA: preallocated 2048 KiB GFP_KERNEL|GFP_DMA pool for atomic allocations
machine # [   45.252163] DMA: preallocated 2048 KiB GFP_KERNEL|GFP_DMA32 pool for atomic allocations
machine # [   45.253193] audit: initializing netlink subsys (disabled)
machine # [   45.254325] audit: type=2000 audit(1772111853.685:1): state=initialized audit_enabled=0 res=1
machine # [   45.254413] thermal_sys: Registered thermal governor 'bang_bang'
machine # [   45.255148] thermal_sys: Registered thermal governor 'step_wise'
machine # [   45.256192] cpuidle: using governor menu
machine # [   45.262141] acpiphp: ACPI Hot Plug PCI Controller Driver version: 0.5
machine # [   45.262141] PCI: Using configuration type 1 for base access
machine # [   45.262141] PCI: Using configuration type 1 for extended access
machine # [   45.272298] kprobes: kprobe jump-optimization is enabled. All kprobes are optimized if possible.
machine # [   46.002460] HugeTLB: registered 1.00 GiB page size, pre-allocated 0 pages
machine # [   46.006155] HugeTLB: 16380 KiB vmemmap can be freed for a 1.00 GiB page
machine # [   46.008151] HugeTLB: registered 2.00 MiB page size, pre-allocated 0 pages
machine # [   46.011151] HugeTLB: 28 KiB vmemmap can be freed for a 2.00 MiB page
machine # [   46.025346] ACPI: Added _OSI(Module Device)
machine # [   46.026148] ACPI: Added _OSI(Processor Device)
machine # [   46.027148] ACPI: Added _OSI(Processor Aggregator Device)
machine # [   46.133493] ACPI: 1 ACPI AML tables successfully acquired and loaded
machine # [   46.141169] ACPI: \_SB_: platform _OSC: OS support mask [002e7eff]
machine # [   46.142327] ACPI: Interpreter enabled
machine # [   46.143141] ACPI: PM: (supports S0 S3 S4 S5)
machine # [   46.144149] ACPI: Using IOAPIC for interrupt routing
machine # [   46.145198] PCI: Using host bridge windows from ACPI; if necessary, use "pci=nocrs" and report a bug
machine # [   46.147150] PCI: Using E820 reservations for host bridge windows
machine # [   46.149346] ACPI: Enabled 2 GPEs in block 00 to 0F
machine # [   46.160749] ACPI: PCI Root Bridge [PCI0] (domain 0000 [bus 00-ff])
machine # [   46.163158] acpi PNP0A03:00: _OSC: OS supports [ExtendedConfig ASPM ClockPM Segments MSI HPX-Type3]
machine # [   46.166187] acpi PNP0A03:00: _OSC: OS requested [PCIeHotplug PME PCIeCapability LTR]
machine # [   46.168150] acpi PNP0A03:00: _OSC: platform willing to grant [PCIeHotplug PME PCIeCapability LTR]
machine # [   46.171151] acpi PNP0A03:00: _OSC: platform retains control of PCIe features (AE_ERROR)
machine # [   46.173906] acpiphp: Slot [3] registered
machine # [   46.175174] acpiphp: Slot [4] registered
machine # [   46.176078] acpiphp: Slot [5] registered
machine # [   46.177173] acpiphp: Slot [6] registered
machine # [   46.178079] acpiphp: Slot [7] registered
machine # [   46.178198] acpiphp: Slot [8] registered
machine # [   46.179101] acpiphp: Slot [9] registered
machine # [   46.180173] acpiphp: Slot [10] registered
machine # [   46.181106] acpiphp: Slot [11] registered
machine # [   46.182174] acpiphp: Slot [12] registered
machine # [   46.183093] acpiphp: Slot [13] registered
machine # [   46.184171] acpiphp: Slot [14] registered
machine # [   46.185179] acpiphp: Slot [15] registered
machine # [   46.186098] acpiphp: Slot [16] registered
machine # [   46.187180] acpiphp: Slot [17] registered
machine # [   46.188111] acpiphp: Slot [18] registered
machine # [   46.189173] acpiphp: Slot [19] registered
machine # [   46.190100] acpiphp: Slot [20] registered
machine # [   46.191172] acpiphp: Slot [21] registered
machine # [   46.192096] acpiphp: Slot [22] registered
machine # [   46.192189] acpiphp: Slot [23] registered
machine # [   46.193111] acpiphp: Slot [24] registered
machine # [   46.194172] acpiphp: Slot [25] registered
machine # [   46.195098] acpiphp: Slot [26] registered
machine # [   46.196200] acpiphp: Slot [27] registered
machine # [   46.197128] acpiphp: Slot [28] registered
machine # [   46.198172] acpiphp: Slot [29] registered
machine # [   46.304241] acpiphp: Slot [30] registered
machine # [   46.305232] acpiphp: Slot [31] registered
machine # [   46.306219] PCI host bridge to bus 0000:00
machine # [   46.307171] pci_bus 0000:00: root bus resource [io  0x0000-0x0cf7 window]
machine # [   46.308149] pci_bus 0000:00: root bus resource [io  0x0d00-0xffff window]
machine # [   46.314149] pci_bus 0000:00: root bus resource [mem 0x000a0000-0x000bffff window]
machine # [   46.315148] pci_bus 0000:00: root bus resource [mem 0xc0000000-0xfebfffff window]
machine # [   46.317148] pci_bus 0000:00: root bus resource [mem 0x380000000000-0x38007fffffff window]
machine # [   46.319150] pci_bus 0000:00: root bus resource [bus 00-ff]
machine # [   46.320424] pci 0000:00:00.0: [8086:1237] type 00 class 0x060000 conventional PCI endpoint
machine # [   46.322921] pci 0000:00:01.0: [8086:7000] type 00 class 0x060100 conventional PCI endpoint
machine # [   46.324789] pci 0000:00:01.1: [8086:7010] type 00 class 0x010180 conventional PCI endpoint
machine # [   46.328753] pci 0000:00:01.1: BAR 4 [io  0xc1e0-0xc1ef]
machine # [   46.329193] pci 0000:00:01.1: BAR 0 [io  0x01f0-0x01f7]: legacy IDE quirk
machine # [   46.331148] pci 0000:00:01.1: BAR 1 [io  0x03f6]: legacy IDE quirk
machine # [   46.339161] pci 0000:00:01.1: BAR 2 [io  0x0170-0x0177]: legacy IDE quirk
machine # [   46.342158] pci 0000:00:01.1: BAR 3 [io  0x0376]: legacy IDE quirk
machine # [   46.345551] pci 0000:00:01.2: [8086:7020] type 00 class 0x0c0300 conventional PCI endpoint
machine # [   46.350150] pci 0000:00:01.2: BAR 4 [io  0xc100-0xc11f]
machine # [   46.352275] pci 0000:00:01.3: [8086:7113] type 00 class 0x068000 conventional PCI endpoint
machine # [   46.354564] pci 0000:00:01.3: quirk: [io  0x0600-0x063f] claimed by PIIX4 ACPI
machine # [   46.356158] pci 0000:00:01.3: quirk: [io  0x0700-0x070f] claimed by PIIX4 SMB
machine # [   46.358412] pci 0000:00:02.0: [1234:1111] type 00 class 0x030000 conventional PCI endpoint
machine # [   46.362180] pci 0000:00:02.0: BAR 0 [mem 0xfd000000-0xfdffffff pref]
machine # [   46.363165] pci 0000:00:02.0: BAR 2 [mem 0xfebd0000-0xfebd0fff]
machine # [   46.364177] pci 0000:00:02.0: ROM [mem 0xfebc0000-0xfebcffff pref]
machine # [   46.366280] pci 0000:00:02.0: Video device with shadowed ROM at [mem 0x000c0000-0x000dffff]
machine # [   46.368785] pci 0000:00:03.0: [1af4:1000] type 00 class 0x020000 conventional PCI endpoint
machine # [   46.373156] pci 0000:00:03.0: BAR 0 [io  0xc120-0xc13f]
machine # [   46.374154] pci 0000:00:03.0: BAR 1 [mem 0xfebd1000-0xfebd1fff]
machine # [   46.375180] pci 0000:00:03.0: BAR 4 [mem 0x380000000000-0x380000003fff 64bit pref]
machine # [   46.377155] pci 0000:00:03.0: ROM [mem 0xfeb40000-0xfeb7ffff pref]
machine # [   46.379434] pci 0000:00:04.0: [1af4:1005] type 00 class 0x00ff00 conventional PCI endpoint
machine # [   46.384159] pci 0000:00:04.0: BAR 0 [io  0xc140-0xc15f]
machine # [   46.385157] pci 0000:00:04.0: BAR 1 [mem 0xfebd2000-0xfebd2fff]
machine # [   46.387182] pci 0000:00:04.0: BAR 4 [mem 0x380000004000-0x380000007fff 64bit pref]
machine # [   46.389381] pci 0000:00:05.0: [1af4:1009] type 00 class 0x000200 conventional PCI endpoint
machine # [   46.394158] pci 0000:00:05.0: BAR 0 [io  0xc080-0xc0bf]
machine # [   46.396157] pci 0000:00:05.0: BAR 1 [mem 0xfebd3000-0xfebd3fff]
machine # [   46.397181] pci 0000:00:05.0: BAR 4 [mem 0x380000008000-0x38000000bfff 64bit pref]
machine # [   46.400336] pci 0000:00:06.0: [1af4:1009] type 00 class 0x000200 conventional PCI endpoint
machine # [   46.404784] pci 0000:00:06.0: BAR 0 [io  0xc160-0xc17f]
machine # [   46.406157] pci 0000:00:06.0: BAR 1 [mem 0xfebd4000-0xfebd4fff]
machine # [   46.407180] pci 0000:00:06.0: BAR 4 [mem 0x38000000c000-0x38000000ffff 64bit pref]
machine # [   46.410389] pci 0000:00:07.0: [1af4:1009] type 00 class 0x000200 conventional PCI endpoint
machine # [   46.415027] pci 0000:00:07.0: BAR 0 [io  0xc180-0xc19f]
machine # [   46.416156] pci 0000:00:07.0: BAR 1 [mem 0xfebd5000-0xfebd5fff]
machine # [   46.417177] pci 0000:00:07.0: BAR 4 [mem 0x380000010000-0x380000013fff 64bit pref]
machine # [   46.419315] pci 0000:00:08.0: [1af4:1001] type 00 class 0x010000 conventional PCI endpoint
machine # [   46.426157] pci 0000:00:08.0: BAR 0 [io  0xc000-0xc07f]
machine # [   46.427157] pci 0000:00:08.0: BAR 1 [mem 0xfebd6000-0xfebd6fff]
machine # [   46.430263] pci 0000:00:08.0: BAR 4 [mem 0x380000014000-0x380000017fff 64bit pref]
machine # [   46.438480] pci 0000:00:09.0: [1af4:1000] type 00 class 0x020000 conventional PCI endpoint
machine # [   46.445047] pci 0000:00:09.0: BAR 0 [io  0xc1a0-0xc1bf]
machine # [   46.446156] pci 0000:00:09.0: BAR 1 [mem 0xfebd7000-0xfebd7fff]
machine # [   46.447183] pci 0000:00:09.0: BAR 4 [mem 0x380000018000-0x38000001bfff 64bit pref]
machine # [   46.449157] pci 0000:00:09.0: ROM [mem 0xfeb80000-0xfebbffff pref]
machine # [   46.451434] pci 0000:00:0a.0: [1af4:1052] type 00 class 0x090000 conventional PCI endpoint
machine # [   46.455859] pci 0000:00:0a.0: BAR 1 [mem 0xfebd8000-0xfebd8fff]
machine # [   46.457180] pci 0000:00:0a.0: BAR 4 [mem 0x38000001c000-0x38000001ffff 64bit pref]
machine # [   46.460302] pci 0000:00:0b.0: [1af4:1003] type 00 class 0x078000 conventional PCI endpoint
machine # [   46.463911] pci 0000:00:0b.0: BAR 0 [io  0xc0c0-0xc0ff]
machine # [   46.465156] pci 0000:00:0b.0: BAR 1 [mem 0xfebd9000-0xfebd9fff]
machine # [   46.467181] pci 0000:00:0b.0: BAR 4 [mem 0x380000020000-0x380000023fff 64bit pref]
machine # [   46.469373] pci 0000:00:0c.0: [1af4:1005] type 00 class 0x00ff00 conventional PCI endpoint
machine # [   46.473156] pci 0000:00:0c.0: BAR 0 [io  0xc1c0-0xc1df]
machine # [   46.474155] pci 0000:00:0c.0: BAR 1 [mem 0xfebda000-0xfebdafff]
machine # [   46.475180] pci 0000:00:0c.0: BAR 4 [mem 0x380000024000-0x380000027fff 64bit pref]
machine # [   46.481888] ACPI: PCI: Interrupt link LNKA configured for IRQ 10
machine # [   46.483344] ACPI: PCI: Interrupt link LNKB configured for IRQ 10
machine # [   46.484309] ACPI: PCI: Interrupt link LNKC configured for IRQ 11
machine # [   46.486362] ACPI: PCI: Interrupt link LNKD configured for IRQ 11
machine # [   46.487273] ACPI: PCI: Interrupt link LNKS configured for IRQ 9
machine # [   46.492148] iommu: Default domain type: Translated
machine # [   46.493146] iommu: DMA domain TLB invalidation policy: lazy mode
machine # [   48.359562] ACPI: bus type USB registered
machine # [   48.361368] usbcore: registered new interface driver usbfs
machine # [   48.364195] usbcore: registered new interface driver hub
machine # [   48.366251] usbcore: registered new device driver usb
machine # [   51.575659] NetLabel: Initializing
machine # [   51.577147] NetLabel:  domain hash size = 128
machine # [   51.578141] NetLabel:  protocols = UNLABELED CIPSOv4 CALIPSO
machine # [   51.578141] NetLabel:  unlabeled traffic allowed by default
machine # [   51.580150] PCI: Using ACPI for IRQ routing
machine # [   51.581498] e820: register RAM buffer resource [mem 0x0009fc00-0x0009ffff]
machine # [   51.583147] e820: register RAM buffer resource [mem 0xbffdb000-0xbfffffff]
machine # [   51.585652] pci 0000:00:02.0: vgaarb: setting as boot VGA device
machine # [   51.586141] pci 0000:00:02.0: vgaarb: bridge control possible
machine # [   51.586141] pci 0000:00:02.0: vgaarb: VGA device added: decodes=io+mem,owns=io+mem,locks=none
machine # [   51.590149] vgaarb: loaded
machine # [   51.590904] hpet0: at MMIO 0xfed00000, IRQs 2, 8, 0
machine # [   51.592146] hpet0: 3 comparators, 64-bit 100.000000 MHz counter
machine # [   51.600461] clocksource: Switched to clocksource kvm-clock
machine # [   51.602954] VFS: Disk quotas dquot_6.6.0
machine # [   51.603844] VFS: Dquot-cache hash table entries: 512 (order 0, 4096 bytes)
machine # [   51.606323] pnp: PnP ACPI init
machine # [   51.607668] pnp: PnP ACPI: found 6 devices
machine # [   51.616830] clocksource: acpi_pm: mask: 0xffffff max_cycles: 0xffffff, max_idle_ns: 2085701024 ns
machine # [   51.619044] clocksource: Switched to clocksource acpi_pm
machine # [   51.621879] NET: Registered PF_INET protocol family
machine # [   51.744267] IP idents hash table entries: 262144 (order: 9, 2097152 bytes, linear)
machine # [   52.001747] tcp_listen_portaddr_hash hash table entries: 8192 (order: 5, 131072 bytes, linear)
machine # [   52.003735] Table-perturb hash table entries: 65536 (order: 6, 262144 bytes, linear)
machine # [   52.005372] TCP established hash table entries: 131072 (order: 8, 1048576 bytes, linear)
machine # [   52.008640] TCP bind hash table entries: 65536 (order: 9, 2097152 bytes, linear)
machine # [   52.132220] TCP: Hash tables configured (established 131072 bind 65536)
machine # [   52.134175] MPTCP token hash table entries: 16384 (order: 7, 393216 bytes, linear)
machine # [   52.135861] UDP hash table entries: 8192 (order: 7, 524288 bytes, linear)
machine # [   52.269285] UDP-Lite hash table entries: 8192 (order: 7, 524288 bytes, linear)
machine # [   52.272351] NET: Registered PF_UNIX/PF_LOCAL protocol family
machine # [   52.273734] NET: Registered PF_XDP protocol family
machine # [   52.274986] pci_bus 0000:00: resource 4 [io  0x0000-0x0cf7 window]
machine # [   52.276549] pci_bus 0000:00: resource 5 [io  0x0d00-0xffff window]
machine # [   52.278042] pci_bus 0000:00: resource 6 [mem 0x000a0000-0x000bffff window]
machine # [   52.279577] pci_bus 0000:00: resource 7 [mem 0xc0000000-0xfebfffff window]
machine # [   52.281024] pci_bus 0000:00: resource 8 [mem 0x380000000000-0x38007fffffff window]
machine # [   52.282700] pci 0000:00:01.0: PIIX3: Enabling Passive Release
machine # [   52.284011] pci 0000:00:00.0: Limiting direct PCI/PCI transfers
machine # [   52.301359] ACPI: \_SB_.LNKD: Enabled at IRQ 11
machine # [   52.318528] pci 0000:00:01.2: quirk_usb_early_handoff+0x0/0x7b0 took 32435 usecs
machine # [   52.320301] PCI: CLS 0 bytes, default 64
machine # [   52.321229] PCI-DMA: Using software bounce buffering for IO (SWIOTLB)
machine # [   52.322237] Trying to unpack rootfs image as initramfs...
machine # [   52.322712] software IO TLB: mapped [mem 0x00000000bb44a000-0x00000000bf44a000] (64MB)
machine # [   52.322844] clocksource: tsc: mask: 0xffffffffffffffff max_cycles: 0x2b3e4942f25, max_idle_ns: 440795326592 ns
machine # [   52.331269] Initialise system trusted keyrings
machine # [   52.333154] workingset: timestamp_bits=40 max_order=22 bucket_order=0
machine # [   52.576088] Key type asymmetric registered
machine # [   52.576985] Asymmetric key parser 'x509' registered
machine # [   52.578235] Block layer SCSI generic (bsg) driver version 0.4 loaded (major 250)
machine # [   52.580432] io scheduler mq-deadline registered
machine # [   52.581542] io scheduler kyber registered
machine # [   53.190568] Serial: 8250/16550 driver, 4 ports, IRQ sharing enabled
machine # [   53.193178] 00:04: ttyS0 at I/O 0x3f8 (irq = 4, base_baud = 115200) is a 16550A
machine # [   53.197807] Linux agpgart interface v0.103
machine # [   53.199638] ACPI: bus type drm_connector registered
machine # [   53.504623] usbcore: registered new interface driver usbserial_generic
machine # [   53.507835] usbserial: USB Serial support registered for generic
machine # [   53.510692] amd_pstate: the _CPC object is not present in SBIOS or ACPI disabled
machine # [   53.513628] drop_monitor: Initializing network drop monitor service
machine # [   53.685036] NET: Registered PF_INET6 protocol family
machine # [   53.688792] Segment Routing with IPv6
machine # [   53.689664] In-situ OAM (IOAM) with IPv6
machine # [   53.707154] IPI shorthand broadcast: enabled
machine # [   53.711797] sched_clock: Marking stable (53389021698, 322486068)->(55014972479, -1303464713)
machine # [   53.989682] registered taskstats version 1
machine # [   57.103154] Loading compiled-in X.509 certificates
machine # [   57.215163] Demotion targets for Node 0: null
machine # [   57.219232] Key type .fscrypt registered
machine # [   57.221600] Key type fscrypt-provisioning registered
machine # [   57.224388] PM:   Magic number: 14:28:282
machine # [   57.225507] tty tty19: hash matches
machine # [   57.226783] RAS: Correctable Errors collector initialized.
machine # [   57.228481] clk: Disabling unused clocks
machine # [   57.229353] PM: genpd: Disabling unused power domains
machine # [   58.144653] Freeing initrd memory: 11800K
machine # [   58.152527] Freeing unused decrypted memory: 2036K
machine # [   58.156232] Freeing unused kernel image (initmem) memory: 3468K
machine # [   58.158615] Write protecting the kernel read-only data: 30720k
machine # [   58.161756] Freeing unused kernel image (text/rodata gap) memory: 400K
machine # [   58.164079] Freeing unused kernel image (rodata/data gap) memory: 1956K
machine # [   58.216663] x86/mm: Checked W+X mappings: passed, no W+X pages found.
machine # [   58.217859] Run /init as init process
machine: Guest root shell did not produce any data yet...
machine:   To debug, enter the VM and run 'systemctl status backdoor.service'.
machine # 
machine # <<< NixOS Stage 1 >>>
machine # 
machine # loading module virtio_balloon...
machine # loading module virtio_console...
machine # loading module virtio_rng...
machine # loading module virtio_gpu...
machine # loading module dm_mod...
machine # [   59.249862] device-mapper: ioctl: 4.50.0-ioctl (2025-04-28) initialised: dm-devel@lists.linux.dev
machine # running udev...
machine # Starting systemd-udevd version 255.9
machine # [   64.740659] rtc_cmos 00:05: RTC can wake from S4
machine # [   65.025827] rtc_cmos 00:05: registered as rtc0
machine # [   65.029876] rtc_cmos 00:05: setting system clock to 2026-02-26T13:17:54 UTC (1772111874)
machine # [   65.034832] rtc_cmos 00:05: alarms up to one day, y3k, 242 bytes nvram, hpet irqs
machine # [   65.534553] SCSI subsystem initialized
machine # [   65.537290] i8042: PNP: PS/2 Controller [PNP0303:KBD,PNP0f13:MOU] at 0x60,0x64 irq 1,12
machine # [   65.541671] serio: i8042 KBD port at 0x60,0x64 irq 1
machine # [   65.542921] serio: i8042 AUX port at 0x60,0x64 irq 12
machine # [   65.669455] uhci_hcd 0000:00:01.2: UHCI Host Controller
machine # [   65.672038] uhci_hcd 0000:00:01.2: new USB bus registered, assigned bus number 1
machine # [   65.676776] uhci_hcd 0000:00:01.2: detected 2 ports
machine # [   65.679627] uhci_hcd 0000:00:01.2: irq 11, io port 0x0000c100
machine # [   65.802024] usb usb1: New USB device found, idVendor=1d6b, idProduct=0001, bcdDevice= 7.00
machine # [   65.806245] usb usb1: New USB device strings: Mfr=3, Product=2, SerialNumber=1
machine # [   65.808978] usb usb1: Product: UHCI Host Controller
machine # [   65.810092] usb usb1: Manufacturer: Linux 7.0.0-rc1 uhci_hcd
machine # [   65.811518] usb usb1: SerialNumber: 0000:00:01.2
machine # [   65.813331] hub 1-0:1.0: USB hub found
machine # [   65.815620] hub 1-0:1.0: 2 ports detected
machine # [   65.999249] input: AT Translated Set 2 keyboard as /devices/platform/i8042/serio0/input/input0
machine # [   66.010497] ACPI: \_SB_.LNKC: Enabled at IRQ 10
machine # [   66.055282] scsi host0: ata_piix
machine # [   66.056901] scsi host1: ata_piix
machine # [   66.057845] ata1: PATA max MWDMA2 cmd 0x1f0 ctl 0x3f6 bmdma 0xc1e0 irq 14 lpm-pol 0
machine # [   66.059717] ata2: PATA max MWDMA2 cmd 0x170 ctl 0x376 bmdma 0xc1e8 irq 15 lpm-pol 0
machine # [   66.064830] ACPI: \_SB_.LNKA: Enabled at IRQ 10
machine # [   66.083737] ACPI: \_SB_.LNKB: Enabled at IRQ 11
machine # [   66.308121] usb 1-1: new full-speed USB device number 2 using uhci_hcd
machine # [   66.311149] ata2: found unknown device (class 0)
machine # [   66.315705] ata2.00: ATAPI: QEMU DVD-ROM, 2.5+, max UDMA/100
machine # [   66.320823] scsi 1:0:0:0: CD-ROM            QEMU     QEMU DVD-ROM     2.5+ PQ: 0 ANSI: 5
machine # [   66.684273] usb 1-1: New USB device found, idVendor=0627, idProduct=0001, bcdDevice= 0.00
machine # [   66.687752] usb 1-1: New USB device strings: Mfr=1, Product=3, SerialNumber=10
machine # [   66.689745] usb 1-1: Product: QEMU USB Tablet
machine # [   66.691120] usb 1-1: Manufacturer: QEMU
machine # [   66.692303] usb 1-1: SerialNumber: 28754-0000:00:01.2-1
machine # [   67.269715] hid: raw HID events driver (C) Jiri Kosina
machine # [   67.271626] virtio_blk virtio5: 32/0/0 default/read/poll queues
machine # [   67.624834] virtio_blk virtio5: [vda] 2097152 512-byte logical blocks (1.07 GB/1.00 GiB)
machine # [   67.733117] netfs: FS-Cache loaded
machine # [   67.737582] usbcore: registered new interface driver usbhid
machine # [   67.739238] usbhid: USB HID core driver
machine # [   67.750364] input: QEMU QEMU USB Tablet as /devices/pci0000:00/0000:00:01.2/usb1/1-1/1-1:1.0/0003:0627:0001.0001/input/input2
machine # [   67.756601] hid-generic 0003:0627:0001.0001: input,hidraw0: USB HID v0.01 Mouse [QEMU QEMU USB Tablet] on usb-0000:00:01.2-1/input0
machine # [   67.868073] sr 1:0:0:0: [sr0] scsi3-mmc drive: 4x/4x cd/rw xa/form2 tray
machine # [   67.871511] cdrom: Uniform CD-ROM driver Revision: 3.20
machine # [   67.890203] 9pnet: Installing 9P2000 support
machine # kbd_mode: KDSKBMODE: Inappropriate ioctl for device
machine # %Gstarting device mapper and LVM...
machine # checking /dev/disk/by-label/nixos...
machine # fsck (busybox 1.36.1)
machine # [fsck.ext4 (1) -- /mnt-root/] fsck.ext4 -a /dev/disk/by-label/nixos
machine # nixos: clean, 11/65536 files, 12955/262144 blocks
machine # mounting /dev/disk/by-label/nixos on /...
machine # [   69.665619] EXT4-fs (vda): mounted filesystem 5c85d1ed-7100-46db-8317-7df2b24a683c r/w with ordered data mode. Quota mode: none.
machine # [   69.682156] EXT4-fs (vda): re-mounted 5c85d1ed-7100-46db-8317-7df2b24a683c.
machine # mounting nix-store on /nix/.ro-store...
machine # [   69.846051] 9p: Installing v9fs 9p2000 file system support
machine # mounting tmpfs on /nix/.rw-store...
machine # mounting shared on /tmp/shared...
machine # mounting xchg on /tmp/xchg...
machine # mounting overlay filesystem on /nix/store...
machine # 
machine # <<< NixOS Stage 2 >>>
machine # 
machine # [   71.293157] EXT4-fs (vda): re-mounted 5c85d1ed-7100-46db-8317-7df2b24a683c.
machine # [   71.299618] booting system configuration /nix/store/i72lqmrzmrn3bw11410ly6kmdxj23axy-nixos-system-machine-test
machine # running activation script...
machine # setting up /etc...
machine # starting systemd...
machine # [   79.044410] systemd[1]: Inserted module 'autofs4'
machine # [   79.153162] systemd[1]: systemd 255.9 running in system mode (+PAM +AUDIT -SELINUX +APPARMOR +IMA +SMACK +SECCOMP +GCRYPT -GNUTLS +OPENSSL +ACL +BLKID +CURL +ELFUTILS +FIDO2 +IDN2 -IDN +IPTC +KMOD +LIBCRYPTSETUP +LIBFDISK +PCRE2 +PWQUALITY +P11KIT +QRENCODE +TPM2 +BZIP2 +LZ4 +XZ +ZLIB +ZSTD +BPF_FRAMEWORK -XKBCOMMON +UTMP -SYSVINIT default-hierarchy=unified)
machine # [   79.158991] hrtimer: interrupt took 2254197 ns
machine # [   79.161679] systemd[1]: Detected virtualization kvm.
machine # [   79.164980] systemd[1]: Detected architecture x86-64.
machine # [  !!  ] This OS version (NixOS 24.05 (Uakari)) is past its end-of-support date (2024-12-31)
machine # [   79.178768] systemd[1]: Hostname set to <machine>.
machine # [   79.182357] systemd[1]: Initializing machine ID from random generator.
machine # [   79.596813] systemd[1]: bpf-lsm: LSM BPF program attached
machine # [   81.400211] systemd[1]: Queued start job for default target Multi-User System.
machine # [   81.472519] systemd[1]: Created slice Slice /system/getty.
machine # [   81.475063] systemd[1]: Created slice Slice /system/modprobe.
machine # [   81.477494] systemd[1]: Created slice User and Session Slice.
machine # [   81.479445] systemd[1]: Started Dispatch Password Requests to Console Directory Watch.
machine # [   81.481572] systemd[1]: Started Forward Password Requests to Wall Directory Watch.
machine # [   81.483329] systemd[1]: Expecting device /dev/hvc0...
machine # [   81.484455] systemd[1]: Expecting device /dev/ttyS0...
machine # [   81.485745] systemd[1]: Expecting device /sys/subsystem/net/devices/eth1...
machine # [   81.487382] systemd[1]: Reached target Local Encrypted Volumes.
machine # [   81.488693] systemd[1]: Reached target Containers.
machine # [   81.489862] systemd[1]: Reached target Path Units.
machine # [   81.491061] systemd[1]: Reached target Remote File Systems.
machine # [   81.492224] systemd[1]: Reached target Slice Units.
machine # [   81.493329] systemd[1]: Reached target Swaps.
machine # [   81.502684] systemd[1]: Listening on Process Core Dump Socket.
machine # [   81.505302] systemd[1]: Listening on Journal Socket (/dev/log).
machine # [   81.507343] systemd[1]: Listening on Journal Socket.
machine # [   81.510004] systemd[1]: Listening on Userspace Out-Of-Memory (OOM) Killer Socket.
machine # [   81.515004] systemd[1]: Listening on udev Control Socket.
machine # [   81.516888] systemd[1]: Listening on udev Kernel Socket.
machine # [   81.530196] systemd[1]: Mounting Huge Pages File System...
machine # [   81.546056] systemd[1]: Mounting POSIX Message Queue File System...
machine # [   81.552581] systemd[1]: Mounting Kernel Debug File System...
machine # [   81.562122] systemd[1]: Starting Create List of Static Device Nodes...
machine # [   81.568712] systemd[1]: Starting Load Kernel Module configfs...
machine # [   81.575477] systemd[1]: Starting Load Kernel Module drm...
machine # [   81.584354] systemd[1]: Starting Load Kernel Module efi_pstore...
machine # [   81.592478] systemd[1]: Starting Load Kernel Module fuse...
machine # [   81.603192] systemd[1]: Starting mount-pstore.service...
machine # [   81.611189] systemd[1]: Starting Create SUID/SGID Wrappers...
machine # [   81.613540] systemd[1]: File System Check on Root Device was skipped because of an unmet condition check (ConditionPathIsReadWrite=!/).
machine # [   83.927878] systemd[1]: Starting Journal Service...
machine # [   83.938389] systemd[1]: Starting Load Kernel Modules...
machine # [   83.951375] systemd[1]: Starting Remount Root and Kernel File Systems...
machine # [   83.963756] systemd[1]: Starting Coldplug All udev Devices...
machine # [   83.984565] systemd[1]: Mounted Huge Pages File System.
machine # [   83.994700] systemd[1]: Mounted POSIX Message Queue File System.
machine # [   83.998456] systemd[1]: Mounted Kernel Debug File System.
machine # [   84.021352] systemd[1]: Finished Create List of Static Device Nodes.
machine # [   84.026662] systemd[1]: modprobe@drm.service: Deactivated successfully.
machine # [   84.030690] systemd[1]: Finished Load Kernel Module drm.
machine # [   84.032558] systemd[1]: modprobe@efi_pstore.service: Deactivated successfully.
machine # [   84.035965] systemd[1]: Finished Load Kernel Module efi_pstore.
machine # [   84.038704] systemd[1]: modprobe@efi_pstore.service: Consumed 2.010s CPU time, no IP traffic.
machine # [   84.042586] systemd[1]: modprobe@configfs.service: Deactivated successfully.
machine # [   84.046656] systemd[1]: Finished Load Kernel Module configfs.
machine # [   84.065649] systemd[1]: Mounting Kernel Configuration File System...
machine # [   84.096058] systemd[1]: Starting Create Static Device Nodes in /dev gracefully...
machine # [   84.105537] fuse: init (API version 7.45)
machine # [   84.115197] systemd[1]: modprobe@fuse.service: Deactivated successfully.
machine # [   84.123038] systemd[1]: Finished Load Kernel Module fuse.
machine # [   84.132153] systemd-journald[872]: Collecting audit messages is disabled.
machine # [   84.135403] systemd[1]: Mounting FUSE Control File System...
machine # [   84.154492] EXT4-fs (vda): re-mounted 5c85d1ed-7100-46db-8317-7df2b24a683c.
machine # [   84.162624] systemd[1]: Mounted Kernel Configuration File System.
machine # [   84.179885] systemd[1]: Finished Remount Root and Kernel File Systems.
machine # [   84.209532] systemd[1]: Starting Load/Save OS Random Seed...
machine # [   84.232501] systemd[1]: Mounted FUSE Control File System.
machine # [   84.271025] systemd[1]: Started Journal Service.
machine # [   84.090693] systemd[1]: Finished Create Static Device Nodes in /dev gracefully.
machine # [   84.094973] systemd[1]: Finished Load/Save OS Random Seed.
machine # [   84.116554] systemd[1]: Starting Flush Journal to Persistent Storage...
machine # [   84.124540] systemd[1]: Starting Create Static Device Nodes in /dev...
machine # [   84.218331] systemd[1]: Finished Coldplug All udev Devices.
machine # [   84.544374] systemd-journald[872]: Received client request to flush runtime journal.
machine # [   84.578705] systemd[1]: Finished Create Static Device Nodes in /dev.
machine # [   84.583706] systemd[1]: Reached target Preparation for Local File Systems.
machine # [   84.587886] systemd[1]: Reached target Local File Systems.
machine # [   84.590974] systemd[1]: Update Boot Loader Random Seed was skipped because no trigger condition checks were met.
machine # [   84.929291] bridge: filtering via arp/ip/ip6tables is no longer available by default. Update your scripts to load br_netfilter if you need this.
machine # [   84.611931] systemd-modules-load[873]: Inserted module 'bridge'
machine # [   84.624799] systemd[1]: Starting Rule-based Manager for Device Events and Files...
machine # [   84.632783] systemd[1]: Finished Flush Journal to Persistent Storage.
machine # [   84.640319] systemd-modules-load[873]: Inserted module 'macvlan'
machine # [   84.658816] systemd-modules-load[873]: Inserted module 'tap'
machine # [   84.663857] systemd[1]: Starting Create System Files and Directories...
machine # [   85.001592] tun: Universal TUN/TAP device driver, 1.6
machine # [   84.682828] systemd-modules-load[873]: Inserted module 'tun'
machine # [   85.207825] loop: module loaded
machine # [   84.890501] systemd-modules-load[873]: Inserted module 'loop'
machine # [   84.914548] systemd[1]: Finished Load Kernel Modules.
machine # [   84.918729] systemd-udevd[943]: Using default interface naming scheme 'v255'.
machine # [   84.939256] systemd[1]: Starting Firewall...
machine # [   84.947569] systemd[1]: Starting Apply Kernel Variables...
machine # [   84.974875] systemd[1]: Finished Create System Files and Directories.
machine # [   84.984402] systemd[1]: Starting Rebuild Journal Catalog...
machine # [   84.995542] systemd[1]: Starting Userspace Out-Of-Memory (OOM) Killer...
machine # [   85.346798] systemd[1]: Starting Record System Boot/Shutdown in UTMP...
machine # [   85.350263] systemd[1]: Started Rule-based Manager for Device Events and Files.
machine # [   86.559804] cz91g3ll948jisxvbsxnqsl917083qwr-mount-pstore.sh[878]: Persistent Storage backend was not registered in time.
machine: Guest root shell did not produce any data yet...
machine:   To debug, enter the VM and run 'systemctl status backdoor.service'.
machine # [   88.245443] systemd[1]: Finished mount-pstore.service.
machine # [   88.250958] systemd[1]: Finished Record System Boot/Shutdown in UTMP.
machine # [   88.582194] clocksource: Long readout interval, skipping watchdog check: cs_nsec: 1983379969 wd_nsec: 1983379934
machine # [   88.314678] systemd[1]: Platform Persistent Storage Archival was skipped because of an unmet condition check (ConditionDirectoryNotEmpty=/sys/fs/pstore).
machine # [   88.562913] systemd[1]: Finished Rebuild Journal Catalog.
machine # [   88.586460] systemd[1]: Starting Update is Completed...
machine # [   88.619445] systemd[1]: Finished Apply Kernel Variables.
machine # [   88.627840] systemd-oomd[972]: No swap; memory pressure usage will be degraded
machine # [   88.634660] systemd[1]: Started Userspace Out-Of-Memory (OOM) Killer.
machine # [   88.660382] systemd[1]: Found device /dev/hvc0.
machine # [   88.669896] systemd[1]: suid-sgid-wrappers.service: Deactivated successfully.
machine # [   88.677375] systemd[1]: Finished Create SUID/SGID Wrappers.
machine # [   88.683679] systemd[1]: suid-sgid-wrappers.service: Consumed 3.989s CPU time, no IP traffic.
machine # [   88.689356] (udev-worker)[1042]: eth1: Config file /etc/systemd/network/40-eth1.link is applied to device based on potentially unpredictable interface name.
machine # [   88.699915] (udev-worker)[1042]: Network interface NamePolicy= disabled on kernel command line.
machine # [   88.708434] (udev-worker)[1037]: Network interface NamePolicy= disabled on kernel command line.
machine # [   88.733325] systemd[1]: Finished Update is Completed.
machine # [   88.739147] systemd[1]: Reached target System Initialization.
machine # [   88.745623] systemd[1]: Started Daily Cleanup of Temporary Directories.
machine # [   88.753820] systemd[1]: Reached target Timer Units.
machine # [   88.759795] systemd[1]: Listening on D-Bus System Message Bus Socket.
machine # [   88.764979] systemd[1]: Listening on Nix Daemon Socket.
machine # [   88.770814] systemd[1]: Reached target Socket Units.
machine # [   88.774287] systemd[1]: Reached target Basic System.
machine # [   88.778606] systemd[1]: System is tainted: support-ended
machine # [   89.294310] systemd[1]: Starting Kernel Auditing...
machine # [   89.717967] systemd[1]: Starting DHCP Client...
machine # [   90.167251] input: Power Button as /devices/platform/LNXPWRBN:00/input/input3
machine # [   90.170087] ACPI: button: Power Button [PWRF]
machine # [   93.230846] 2zm09qv8pdisxdrn00vj7cfk48lagjhw-audit-disable[1123]: No rules
machine # [   93.412957] systemd[1]: Starting Name Service Cache Daemon (nsncd)...
machine # [   93.426473] systemd[1]: Started Reset console on configuration changes.
machine # [   93.768919] bochs-drm 0000:00:02.0: vgaarb: deactivate vga console
machine # [   93.447517] systemd[1]: Starting resolvconf update...
machine # [   93.778413] input: QEMU Virtio Keyboard as /devices/pci0000:00/0000:00:0a.0/virtio7/input/input4
machine # [   93.797768] Floppy drive(s): fd0 is 2.88M AMI BIOS
machine # [   93.807978] Console: switching to colour dummy device 80x25
machine # [   93.459544] systemd[1]: Finished Kernel Auditing.
machine # [   94.079186] [drm] Found bochs VGA, ID 0xb0c5.
machine # [   94.079195] [drm] Framebuffer size 16384 kB @ 0xfd000000, mmio @ 0xfebd0000.
machine # [   94.087913] FDC 0 is a S82078B
machine # [   93.777298] systemd[1]: Found device /dev/ttyS0.
machine # [   93.785884] dhcpcd[1108]: dhcpcd-10.0.6 starting
machine # [   93.801515] systemd[1]: Found device Virtio network device.
machine # [   93.810875] systemd[1]: Started backdoor.serv[   94.136259] input: VirtualPS/2 VMware VMMouse as /devices/platform/i8042/serio1/input/input6
machine # ice.
machine # [   94.144287] parport_pc 00:03: reported by Plug and Play ACPI
machine # [   94.146881] piix4_smbus 0000:00:01.3: SMBus Host Controller at 0x700, revision 0
machine # [   94.147015] i2c i2c-0: Memory type 0x07 not supported yet, not instantiating SPD
machine # [   94.147209] [drm] Initialized bochs-drm 1.0.0 for 0000:00:02.0 on minor 0
machine # [   94.148935] input: VirtualPS/2 VMware VMMouse as /devices/platform/i8042/serio1/input/input5
machine # [   94.154815] parport0: PC-style at 0x378, irq 7 [PCSPP(,...)]
machine # [   93.852814] dhcpcd[1139]: dev: loaded udev
machine # [   93.862892] systemd[1]: Starting D-Bus System Message Bus...
machine # [   93.882412] systemd[1]: Started Name Service Cache Daemon (nsncd).
machine # [   93.886494] systemd[1]: Reached target Host and Network Name Lookups.
machine # [   93.890240] nsncd[1113]: Feb 26 13:18:23.593 INFO started, config: Config { ignored_request_types: {}, worker_count: 8, handoff_timeout: 3s }, path: "/var/run/nscd/socket"
machine # [   93.896866] systemd[1]: Reached target User and Group Name Lookups.
machine # [   94.876726] fbcon: bochs-drmdrmfb (fb0) is primary device
machine # [   98.430629] Console: switching to colour frame buffer device 160x50
machine # [   99.176517] ------------[ cut here ]------------
machine # [   99.176525] [CRTC:35:crtc-0] vblank wait timed out
machine # [   99.176530] WARNING: drivers/gpu/drm/drm_atomic_helper.c:1921 at drm_atomic_helper_wait_for_vblanks.part.0+0x20c/0x230, CPU#20: kworker/20:2/1027
machine # [   99.176543] Modules linked in: irqbypass input_leds(+) intel_agp(+) i2c_piix4(+) tiny_power_button parport_pc(+) psmouse vga16fb ghash_clmulni_intel led_class i2c_smbus bochs(+) floppy virtio_input intel_gtt aesni_intel parport vgastate button mac_hid tpm_tis serio_raw ata_generic tpm_tis_core pata_acpi tpm sch_fq_codel nf_tables loop tun tap macvlan bridge stp llc fuse configfs efi_pstore nfnetlink dmi_sysfs qemu_fw_cfg autofs4 overlay 9p ext4 crc16 mbcache jbd2 9pnet_virtio hid_generic 9pnet virtio_net usbhid sr_mod hid netfs net_failover cdrom virtio_blk failover ata_piix atkbd libata libps2 vivaldi_fmap i8042 uhci_hcd virtio_pci scsi_mod virtio_pci_legacy_dev ehci_hcd rtc_cmos serio virtio_pci_modern_dev scsi_common dm_mod dax virtio_gpu virtio_dma_buf virtio_rng rng_core virtio_console virtio_balloon virtio virtio_ring
machine # [   99.176735] CPU: 20 UID: 0 PID: 1027 Comm: kworker/20:2 Not tainted 7.0.0-rc1 #1-NixOS PREEMPT(lazy)
machine # [   99.176740] Hardware name: QEMU Standard PC (i440FX + PIIX, 1996), BIOS rel-1.16.3-0-ga6ed6b701f0a-prebuilt.qemu.org 04/01/2014
machine # [   99.176744] Workqueue: events drm_fb_helper_damage_work
machine # [   99.176751] RIP: 0010:drm_atomic_helper_wait_for_vblanks.part.0+0x214/0x230
machine # [   99.176756] Code: ff 84 c0 74 84 48 8d 74 24 10 4c 89 e7 e8 64 31 7a ff 45 85 ed 0f 85 ee fe ff ff 48 8d 3d 44 ec 51 01 49 8b 57 20 41 8b 77 60 <67> 48 0f b9 3a e9 d5 fe ff ff e8 ad e5 3d 00 66 66 2e 0f 1f 84 00
machine # [   99.176759] RSP: 0018:ffffd123c09fbc40 EFLAGS: 00010246
machine # [   99.176762] RAX: 0000000000000001 RBX: 0000000000000000 RCX: 0000000000000002
machine # [   99.176764] RDX: ffff8d4f8b9c6c38 RSI: 0000000000000023 RDI: ffffffffaf0c5500
machine # [   99.176766] RBP: 0000000000000000 R08: 0000001717613cc1 R09: 0000000000000001
machine # [   99.176767] R10: 0000000000000001 R11: 0000000000000000 R12: ffff8d4f82f89c30
machine # [   99.176769] R13: 0000000000000000 R14: ffff8d52ad4a0f80 R15: ffff8d4f8df80bc8
machine # [   99.176773] FS:  0000000000000000(0000) GS:ffff8d52fff6a000(0000) knlGS:0000000000000000
machine # [   99.176775] CS:  0010 DS: 0000 ES: 0000 CR0: 0000000080050033
machine # [   99.176777] CR2: 00007fd6d0f62ce0 CR3: 000000010af8e000 CR4: 0000000000350ef0
machine # [   99.176782] Call Trace:
machine # [   99.176785]  <TASK>
machine # [   99.176796]  ? __pfx_autoremove_wake_function+0x10/0x10
machine # [   99.176805]  drm_atomic_helper_commit_tail+0xa8/0xc0
machine # [   99.176810]  commit_tail+0xd1/0x130
machine # [   99.176814]  drm_atomic_helper_commit+0x11a/0x140
machine # [   99.176819]  drm_atomic_commit+0xb3/0xe0
machine # [   99.176825]  ? __pfx___drm_printfn_info+0x10/0x10
machine # [   99.176830]  drm_atomic_helper_dirtyfb+0x1ac/0x280
machine # [   99.176835]  drm_fbdev_shmem_helper_fb_dirty+0x49/0x90
machine # [   99.176840]  drm_fb_helper_damage_work+0xe3/0x190
machine # [   99.176844]  process_one_work+0x192/0x3e0
machine # [   99.176851]  worker_thread+0x165/0x2d0
machine # [   99.176855]  ? __pfx_worker_thread+0x10/0x10
machine # [   99.176858]  kthread+0xe2/0x120
machine # [   99.176862]  ? __pfx_kthread+0x10/0x10
machine # [   99.176864]  ret_from_fork+0x281/0x340
machine # [   99.176871]  ? __pfx_kthread+0x10/0x10
machine # [   99.176873]  ret_from_fork_asm+0x1a/0x30
machine # [   99.176880]  </TASK>
machine # [   99.176881] ---[ end trace 0000000000000000 ]---
machine # [   99.579792] bochs-drm 0000:00:02.0: [drm] fb0: bochs-drmdrmfb frame buffer device
machine # [   98.076833] systemd[1]: Starting User Login Management...
machine # connecting to host...
machine: Guest shell says: b'Spawning backdoor root shell...\n'
machine: connected to guest root shell
machine: (connecting took 101.87 seconds)
(finished: waiting for the VM to finish booting, in 102.18 seconds)
machine # [   99.805534] systemd[1]: Stopped target Host and Network Name Lookups.
machine # [   99.810942] systemd[1]: Stopping Host and Network Name Lookups...
machine # [   99.814712] systemd[1]: Stopped target User and Group Name Lookups.
machine # [   99.820888] systemd[1]: Stopping User and Group Name Lookups...
machine # [   99.825983] systemd[1]: Stopping Name Service Cache Daemon (nsncd)...
machine # [  101.422339] systemd[1]: Finished resolvconf update.
machine # [  101.632466] systemd[1]: Starting Virtual Console Setup...
machine # [  102.017552] ------------[ cut here ]------------
machine # [  102.019102] bochs-drm 0000:00:02.0: [drm] vblank wait timed out on crtc 0
machine # [  102.021261] WARNING: drivers/gpu/drm/drm_vblank.c:1320 at drm_crtc_wait_one_vblank+0x182/0x1f0, CPU#11: kworker/11:2/843
machine # [  102.023646] Modules linked in: irqbypass input_leds(+) intel_agp i2c_piix4 tiny_power_button parport_pc psmouse vga16fb ghash_clmulni_intel led_class i2c_smbus bochs floppy virtio_input intel_gtt aesni_intel parport vgastate button mac_hid tpm_tis serio_raw ata_generic tpm_tis_core pata_acpi tpm sch_fq_codel nf_tables loop tun tap macvlan bridge stp llc fuse configfs efi_pstore nfnetlink dmi_sysfs qemu_fw_cfg autofs4 overlay 9p ext4 crc16 mbcache jbd2 9pnet_virtio hid_generic 9pnet virtio_net usbhid sr_mod hid netfs net_failover cdrom virtio_blk failover ata_piix atkbd libata libps2 vivaldi_fmap i8042 uhci_hcd virtio_pci scsi_mod virtio_pci_legacy_dev ehci_hcd rtc_cmos serio virtio_pci_modern_dev scsi_common dm_mod dax virtio_gpu virtio_dma_buf virtio_rng rng_core virtio_console virtio_balloon virtio virtio_ring
machine # [  102.043441] CPU: 11 UID: 0 PID: 843 Comm: kworker/11:2 Tainted: G        W           7.0.0-rc1 #1-NixOS PREEMPT(lazy)
machine # [  102.046947] Tainted: [W]=WARN
machine # [  102.047617] Hardware name: QEMU Standard PC (i440FX + PIIX, 1996), BIOS rel-1.16.3-0-ga6ed6b701f0a-prebuilt.qemu.org 04/01/2014
machine # [  102.050660] Workqueue: events drm_fb_helper_damage_work
machine # [  102.052275] RIP: 0010:drm_crtc_wait_one_vblank+0x188/0x1f0
machine # [  102.053815] Code: ff ff ff 48 85 db 74 7c 48 8b 7b 08 48 8b 6f 50 48 85 ed 74 6a e8 48 bc 02 00 48 89 c6 48 8d 3d ee da 52 01 44 89 e1 48 89 ea <67> 48 0f b9 3a 44 89 e6 48 89 df 41 bd 92 ff ff ff e8 12 fd ff ff
machine # [  102.059333] RSP: 0018:ffffd123c2387da8 EFLAGS: 00010282
machine # [  102.060494] RAX: ffffffffc0d0a090 RBX: ffff8d4f8df80000 RCX: 0000000000000000
machine # [  102.062070] RDX: ffff8d4f8211d0a0 RSI: ffffffffc0d0a090 RDI: ffffffffaf0c5020
machine # [  102.065214] RBP: ffff8d4f8211d0a0 R08: 00000017c0b80526 R09: 0000000000000001
machine # [  102.067863] R10: 0000000000000001 R11: 0000000000000000 R12: 0000000000000000
machine # [  102.069785] R13: 0000000000000000 R14: ffff8d4f82f89c30 R15: 00000000000000c0
machine # [  102.071646] FS:  0000000000000000(0000) GS:ffff8d52ffaea000(0000) knlGS:0000000000000000
machine # [  102.075140] CS:  0010 DS: 0000 ES: 0000 CR0: 0000000080050033
machine # [  102.077104] CR2: 0000558239f82d08 CR3: 00000002df024000 CR4: 0000000000350ef0
machine # [  102.079719] Call Trace:
machine # [  102.080468]  <TASK>
machine # [  102.081128]  ? __pfx_autoremove_wake_function+0x10/0x10
machine # [  102.082740]  drm_client_modeset_wait_for_vblank+0x5b/0x70
machine # [  102.084521]  drm_fb_helper_damage_work+0x7e/0x190
machine # [  102.085797]  process_one_work+0x192/0x3e0
machine # [  102.087081]  worker_thread+0x165/0x2d0
machine # [  102.088200]  ? __pfx_worker_thread+0x10/0x10
machine # [  102.089732]  kthread+0xe2/0x120
machine # [  102.090701]  ? __pfx_kthread+0x10/0x10
machine # [  102.091785]  ret_from_fork+0x281/0x340
machine # [  102.092807]  ? __pfx_kthread+0x10/0x10
machine # [  102.094599]  ret_from_fork_asm+0x1a/0x30
machine # [  102.095598]  </TASK>
machine # [  102.096093] ---[ end trace 0000000000000000 ]---
machine # [  102.199540] ------------[ cut here ]------------
machine # [  102.201674] [CRTC:35:crtc-0] vblank wait timed out
machine # [  102.203875] WARNING: drivers/gpu/drm/drm_atomic_helper.c:1921 at drm_atomic_helper_wait_for_vblanks.part.0+0x20c/0x230, CPU#11: kworker/11:2/843
machine # [  102.209070] Modules linked in: irqbypass input_leds(+) intel_agp i2c_piix4 tiny_power_button parport_pc psmouse vga16fb ghash_clmulni_intel led_class i2c_smbus bochs floppy virtio_input intel_gtt aesni_intel parport vgastate button mac_hid tpm_tis serio_raw ata_generic tpm_tis_core pata_acpi tpm sch_fq_codel nf_tables loop tun tap macvlan bridge stp llc fuse configfs efi_pstore nfnetlink dmi_sysfs qemu_fw_cfg autofs4 overlay 9p ext4 crc16 mbcache jbd2 9pnet_virtio hid_generic 9pnet virtio_net usbhid sr_mod hid netfs net_failover cdrom virtio_blk failover ata_piix atkbd libata libps2 vivaldi_fmap i8042 uhci_hcd virtio_pci scsi_mod virtio_pci_legacy_dev ehci_hcd rtc_cmos serio virtio_pci_modern_dev scsi_common dm_mod dax virtio_gpu virtio_dma_buf virtio_rng rng_core virtio_console virtio_balloon virtio virtio_ring
machine # [  102.229221] CPU: 11 UID: 0 PID: 843 Comm: kworker/11:2 Tainted: G        W           7.0.0-rc1 #1-NixOS PREEMPT(lazy)
machine # [  102.232023] Tainted: [W]=WARN
machine # [  102.232981] Hardware name: QEMU Standard PC (i440FX + PIIX, 1996), BIOS rel-1.16.3-0-ga6ed6b701f0a-prebuilt.qemu.org 04/01/2014
machine # [  102.235953] Workqueue: events drm_fb_helper_damage_work
machine # [  102.237237] RIP: 0010:drm_atomic_helper_wait_for_vblanks.part.0+0x214/0x230
machine # [  102.238917] Code: ff 84 c0 74 84 48 8d 74 24 10 4c 89 e7 e8 64 31 7a ff 45 85 ed 0f 85 ee fe ff ff 48 8d 3d 44 ec 51 01 49 8b 57 20 41 8b 77 60 <67> 48 0f b9 3a e9 d5 fe ff ff e8 ad e5 3d 00 66 66 2e 0f 1f 84 00
machine # [  102.244028] RSP: 0018:ffffd123c2387c40 EFLAGS: 00010246
machine # [  102.245467] RAX: 0000000000000001 RBX: 0000000000000000 RCX: 0000000000000002
machine # [  102.247241] RDX: ffff8d4f8b9c6c38 RSI: 0000000000000023 RDI: ffffffffaf0c5500
machine # [  102.249254] RBP: 0000000000000000 R08: 00000017cb9108e2 R09: 0000000000000001
machine # [  102.251901] R10: 0000000000000001 R11: 0000000000000000 R12: ffff8d4f82f89c30
machine # [  102.254603] R13: 0000000000000000 R14: ffff8d4f843ef700 R15: ffff8d4f8df80bc8
machine # [  102.256575] FS:  0000000000000000(0000) GS:ffff8d52ffaea000(0000) knlGS:0000000000000000
machine # [  102.259229] CS:  0010 DS: 0000 ES: 0000 CR0: 0000000080050033
machine # [  102.260913] CR2: 0000558239f82d08 CR3: 00000002df024000 CR4: 0000000000350ef0
machine # [  102.263334] Call Trace:
machine # [  102.264217]  <TASK>
machine # [  102.265177]  ? __pfx_autoremove_wake_function+0x10/0x10
machine # [  102.267220]  drm_atomic_helper_commit_tail+0xa8/0xc0
machine # [  102.268706]  commit_tail+0xd1/0x130
machine # [  102.270188]  drm_atomic_helper_commit+0x11a/0x140
machine # [  102.272115]  drm_atomic_commit+0xb3/0xe0
machine # [  102.273869]  ? __pfx___drm_printfn_info+0x10/0x10
machine # [  102.275112]  drm_atomic_helper_dirtyfb+0x1ac/0x280
machine # [  102.276907]  drm_fbdev_shmem_helper_fb_dirty+0x49/0x90
machine # [  102.278910]  drm_fb_helper_damage_work+0xe3/0x190
machine # [  102.281004]  process_one_work+0x192/0x3e0
machine # [  102.282351]  worker_thread+0x165/0x2d0
machine # [  102.283636]  ? __pfx_worker_thread+0x10/0x10
machine # [  102.285082]  kthread+0xe2/0x120
machine # [  102.286530]  ? __pfx_kthread+0x10/0x10
machine # [  102.287440]  ret_from_fork+0x281/0x340
machine # [  102.289025]  ? __pfx_kthread+0x10/0x10
machine # [  102.290714]  ret_from_fork_asm+0x1a/0x30
machine # [  102.291819]  </TASK>
machine # [  102.292720] ---[ end trace 0000000000000000 ]---
machine # [  102.670911] systemd[1]: nscd.service: Deactivated successfully.
machine # [  102.671994] systemd[1]: Stopped Name Service Cache Daemon (nsncd).
machine # [  102.678760] systemd[1]: nscd.service: Consumed 1.388s CPU time, no IP traffic.
machine # [  102.858807] systemd[1]: Starting Name Service Cache Daemon (nsncd)...
machine # [  103.185512] mousedev: PS/2 mouse device common for all mice
machine # [  102.869538] dbus-daemon[1146]: dbus[1146]: Unknown username "systemd-timesync" in message bus configuration file
machine # [  102.969412] systemd[1]: systemd-vconsole-setup.service: Deactivated successfully.
machine # [  102.982768] systemd[1]: Stopped Virtual Console Setup.
machine # [  103.379931] systemd-logind[1165]: New seat seat0.
machine # [  106.584726] systemd[1]: Starting Virtual Console Setup...
machine # [  106.588897] systemd[1]: Started User Login Management.
machine # [  106.595270] systemd[1]: Started D-Bus System Message Bus.
machine # [  106.598358] dbus-daemon[1146]: [system] Successfully activated service 'org.freedesktop.systemd1'
machine # [  106.788771] nsncd[1238]: Feb 26 13:18:36.501 INFO started, config: Config { ignored_request_types: {}, worker_count: 8, handoff_timeout: 3s }, path: "/var/run/nscd/socket"
machine # [  106.867758] systemd[1]: Started Name Service Cache Daemon (nsncd).
machine # [  106.872485] systemd-logind[1165]: Watching system buttons on /dev/input/event0 (AT Translated Set 2 keyboard)
machine # [  106.877950] systemd[1]: Reached target Host and Network Name Lookups.
machine # [  106.879993] systemd[1]: Reached target User and Group Name Lookups.
machine # [  107.391282] 8021q: 802.1Q VLAN Support v1.8
machine # [  114.801181] systemd[1]: Finished Virtual Console Setup.
machine # [  114.804959] systemd-logind[1165]: Watching system buttons on /dev/input/event2 (Power Button)
machine # [  125.540881] ------------[ cut here ]------------
machine # [  125.542536] [CRTC:35:crtc-0] vblank wait timed out
machine # [  125.544727] WARNING: drivers/gpu/drm/drm_atomic_helper.c:1921 at drm_atomic_helper_wait_for_vblanks.part.0+0x20c/0x230, CPU#28: kworker/28:1/252
machine # [  125.549992] Modules linked in: x_tables(+) joydev(+) kvm(+) 8021q evdev mousedev irqbypass input_leds intel_agp i2c_piix4 tiny_power_button parport_pc psmouse vga16fb ghash_clmulni_intel led_class i2c_smbus bochs floppy virtio_input intel_gtt aesni_intel parport vgastate button mac_hid tpm_tis serio_raw ata_generic tpm_tis_core pata_acpi tpm sch_fq_codel nf_tables loop tun tap macvlan bridge stp llc fuse configfs efi_pstore nfnetlink dmi_sysfs qemu_fw_cfg autofs4 overlay 9p ext4 crc16 mbcache jbd2 9pnet_virtio hid_generic 9pnet virtio_net usbhid sr_mod hid netfs net_failover cdrom virtio_blk failover ata_piix atkbd libata libps2 vivaldi_fmap i8042 uhci_hcd virtio_pci scsi_mod virtio_pci_legacy_dev ehci_hcd rtc_cmos serio virtio_pci_modern_dev scsi_common dm_mod dax virtio_gpu virtio_dma_buf virtio_rng rng_core virtio_console virtio_balloon virtio virtio_ring
machine # [  125.567846] CPU: 28 UID: 0 PID: 252 Comm: kworker/28:1 Tainted: G        W           7.0.0-rc1 #1-NixOS PREEMPT(lazy)
machine # [  125.570342] Tainted: [W]=WARN
machine # [  125.571228] Hardware name: QEMU Standard PC (i440FX + PIIX, 1996), BIOS rel-1.16.3-0-ga6ed6b701f0a-prebuilt.qemu.org 04/01/2014
machine # [  125.573725] Workqueue: events drm_fb_helper_damage_work
machine # [  125.574943] RIP: 0010:drm_atomic_helper_wait_for_vblanks.part.0+0x214/0x230
machine # [  125.576458] Code: ff 84 c0 74 84 48 8d 74 24 10 4c 89 e7 e8 64 31 7a ff 45 85 ed 0f 85 ee fe ff ff 48 8d 3d 44 ec 51 01 49 8b 57 20 41 8b 77 60 <67> 48 0f b9 3a e9 d5 fe ff ff e8 ad e5 3d 00 66 66 2e 0f 1f 84 00
machine # [  125.580368] RSP: 0018:ffffd123c095fc40 EFLAGS: 00010246
machine # [  125.581438] RAX: 0000000000000001 RBX: 0000000000000000 RCX: 0000000000000002
machine # [  125.582639] RDX: ffff8d4f8b9c6c38 RSI: 0000000000000023 RDI: ffffffffaf0c5500
machine # [  125.584028] RBP: 0000000000000000 R08: 0000001d3ad19d7a R09: 0000000000000001
machine # [  125.585541] R10: 0000000000000001 R11: 0000000000000000 R12: ffff8d4f82f89c30
machine # [  125.587138] R13: 0000000000000000 R14: ffff8d4f83b79e00 R15: ffff8d4f8df80bc8
machine # [  125.588782] FS:  0000000000000000(0000) GS:ffff8d530036a000(0000) knlGS:0000000000000000
machine # [  125.590742] CS:  0010 DS: 0000 ES: 0000 CR0: 0000000080050033
machine # [  125.592458] CR2: 00007f2b1002af18 CR3: 0000000113480000 CR4: 0000000000350ef0
machine # [  125.594242] Call Trace:
machine # [  125.594990]  <TASK>
machine # [  125.595513]  ? __pfx_autoremove_wake_function+0x10/0x10
machine # [  125.596828]  drm_atomic_helper_commit_tail+0xa8/0xc0
machine # [  125.598147]  commit_tail+0xd1/0x130
machine # [  125.598939]  drm_atomic_helper_commit+0x11a/0x140
machine # [  125.600104]  drm_atomic_commit+0xb3/0xe0
machine # [  125.601353]  ? __pfx___drm_printfn_info+0x10/0x10
machine # [  125.602487]  drm_atomic_helper_dirtyfb+0x1ac/0x280
machine # [  125.603751]  drm_fbdev_shmem_helper_fb_dirty+0x49/0x90
machine # [  125.605718]  drm_fb_helper_damage_work+0xe3/0x190
machine # [  125.607479]  process_one_work+0x192/0x3e0
machine # [  125.608796]  worker_thread+0x165/0x2d0
machine # [  125.610062]  ? __pfx_worker_thread+0x10/0x10
machine # [  125.611669]  kthread+0xe2/0x120
machine # [  125.612741]  ? __pfx_kthread+0x10/0x10
machine # [  125.614056]  ret_from_fork+0x281/0x340
machine # [  125.615472]  ? __pfx_kthread+0x10/0x10
machine # [  125.616751]  ret_from_fork_asm+0x1a/0x30
machine # [  125.618070]  </TASK>
machine # [  125.618679] ---[ end trace 0000000000000000 ]---
machine # [  130.728087] ppdev: user-space parallel port driver
machine # [  130.435417] systemd-logind[1165]: Watching system buttons on /dev/input/event3 (QEMU Virtio Keyboard)
machine # [  130.552680] systemd[1]: Listening on Load/Save RF Kill Switch Status /dev/rfkill Watch.
machine # [  133.752412] kvm_amd: Nested Virtualization enabled
machine # [  133.753961] kvm_amd: Nested Paging enabled
machine # [  134.074859] cfg80211: Loading compiled-in X.509 certificates for regulatory database
machine # [  134.151267] Loaded X.509 cert 'sforshee: 00b28ddf47aef9cea7'
machine # [  134.153142] Loaded X.509 cert 'wens: 61c038651aabdcf94bd0ac7ff06c7248db18c600'
machine # [  134.161663] faux_driver regulatory: Direct firmware load for regulatory.db failed with error -2
machine # [  134.163869] cfg80211: failed to load regulatory.db
machine # [  134.385267] 8021q: adding VLAN 0 to HW filter on device eth0
machine # [  134.071579] dhcpcd[1139]: eth0: waiting for carrier
machine # [  134.074477] dhcpcd[1139]: eth0: carrier acquired
machine # [  134.108890] dhcpcd[1139]: DUID 00:01:00:01:31:33:04:c7:52:54:00:12:34:56
machine # [  134.112509] dhcpcd[1139]: eth0: IAID 00:12:34:56
machine # [  134.114875] dhcpcd[1139]: eth0: adding address fe80::5054:ff:fe12:3456
machine # [  134.199480] dhcpcd[1139]: eth0: soliciting an IPv6 router
machine # [  134.623656] EDAC MC: Ver: 3.0.0
machine # [  134.806540] dhcpcd[1139]: eth0: soliciting a DHCP lease
machine # [  135.239002] NET: Registered PF_PACKET protocol family
machine # [  134.933630] dhcpcd[1139]: eth0: offered 10.0.2.15 from 10.0.2.2
machine # [  134.936775] dhcpcd[1139]: eth0: leased 10.0.2.15 for 86400 seconds
machine # [  134.939450] dhcpcd[1139]: eth0: adding route to 10.0.2.0/24
machine # [  134.942911] dhcpcd[1139]: eth0: adding default route via 10.0.2.2
machine # [  135.142576] systemd[1]: Stopped target Host and Network Name Lookups.
machine # [  135.147356] systemd[1]: Stopping Host and Network Name Lookups...
machine # [  135.150979] systemd[1]: Stopped target User and Group Name Lookups.
machine # [  135.155550] systemd[1]: Stopping User and Group Name Lookups...
machine # [  135.159485] systemd[1]: Stopping Name Service Cache Daemon (nsncd)...
machine # [  135.163302] systemd[1]: nscd.service: Deactivated successfully.
machine # [  135.166671] systemd[1]: Stopped Name Service Cache Daemon (nsncd).
machine # [  135.193315] systemd[1]: Starting Name Service Cache Daemon (nsncd)...
machine # [  135.217799] systemd[1]: Started DHCP Client.
machine # [  135.264209] systemd[1]: Started Name Service Cache Daemon (nsncd).
machine # [  135.269389] nsncd[1439]: Feb 26 13:19:04.977 INFO started, config: Config { ignored_request_types: {}, worker_count: 8, handoff_timeout: 3s }, path: "/var/run/nscd/socket"
machine # [  135.276391] systemd[1]: Reached target Host and Network Name Lookups.
machine # [  135.280231] systemd[1]: Reached target User and Group Name Lookups.
machine # [  135.461918] systemd[1]: Finished Firewall.
machine # [  135.465492] systemd[1]: Reached target Preparation for Network.
machine # [  135.482245] systemd[1]: Starting Address configuration of eth1...
machine # [  135.916364] 8021q: adding VLAN 0 to HW filter on device eth1
machine # [  135.617875] network-addresses-eth1-start[1476]: adding address 192.168.1.1/24... done
machine # [  135.648321] systemd[1]: Finished Address configuration of eth1.
machine # [  135.669198] systemd[1]: Starting Networking Setup...
machine # [  135.678952] dhcpcd[1139]: eth0: Router Advertisement from fe80::2
machine # [  135.682295] dhcpcd[1139]: eth0: adding address fec0::5054:ff:fe12:3456/64
machine # [  135.685808] dhcpcd[1139]: eth0: adding route to fec0::/64
machine # [  135.687927] dhcpcd[1139]: eth0: adding default route via fe80::2
machine # [  135.926841] systemd[1]: Finished Networking Setup.
machine # [  135.943585] systemd[1]: Starting Extra networking commands....
machine # [  136.012353] systemd[1]: Finished Extra networking commands..
machine # [  136.016067] systemd[1]: Reached target Network.
machine # [  136.018573] systemd[1]: Reached target Network is Online.
machine # [  136.035942] systemd[1]: Starting Permit User Sessions...
machine # [  136.115553] systemd[1]: Finished Permit User Sessions.
machine # [  136.136217] systemd[1]: Started Getty on tty1.
machine # [  136.137814] systemd[1]: Reached target Login Prompts.
machine # [  136.144219] systemd[1]: Reached target Multi-User System.
machine # [  136.147201] systemd[1]: Startup finished in 1min 18.543s (kernel) + 57.595s (userspace) = 2min 16.139s.
(finished: waiting for unit multi-user.target, in 139.45 seconds)
machine: must succeed: grep -q '\[advise\]' /sys/kernel/mm/transparent_hugepage/shmem_enabled
(finished: must succeed: grep -q '\[advise\]' /sys/kernel/mm/transparent_hugepage/shmem_enabled, in 0.06 seconds)
machine: must succeed: systemd-run --service-type=exec --wait -u thp-madv-remove-test thp-madv-remove-test
machine # [  137.223651] systemd[1]: Starting /run/current-system/sw/bin/thp-madv-remove-test...
machine # [  137.260554] systemd[1]: Started /run/current-system/sw/bin/thp-madv-remove-test.
machine # Running as unit: thp-madv-remove-test.service; invocation ID: 1b8738718fd34f89a1db6741492544d8
machine # [  137.281965] thp-madv-remove-test[1557]: THP + MADV_REMOVE cross-process kernel regression test
machine # [  137.285546] thp-madv-remove-test[1557]: =======================================================
machine # [  137.289701] thp-madv-remove-test[1557]: File size:       20 MiB
machine # [  137.292007] thp-madv-remove-test[1557]: Total pages:     5120
machine # [  137.293652] thp-madv-remove-test[1557]: Child readers:   16
machine # [  137.295287] thp-madv-remove-test[1557]: Punching every 7th page (731 pages)
machine # [  137.297220] thp-madv-remove-test[1557]: Iterations:      1000
machine # [  137.298811] thp-madv-remove-test[1557]: --- Iteration 1/1000 ---
machine # [  137.867689] thp-madv-remove-test[1558]: post-sleep failures: 0
machine # [  137.870142] thp-madv-remove-test[1557]:   Child: 337444 pages verified, 0 failures
machine # [  137.872839] thp-madv-remove-test[1557]:   All 4388 non-punched pages verified OK
machine # [  137.873700] thp-madv-remove-test[1557]:   Parent verification failures: 0
machine # [  137.878185] thp-madv-remove-test[1557]: Iteration 1 PASSED
machine # [  137.879507] thp-madv-remove-test[1557]: --- Iteration 2/1000 ---
machine # [  137.911983] thp-madv-remove-test[1575]: post-sleep failures: 0
machine # [  137.915472] thp-madv-remove-test[1557]:   Child: 718644 pages verified, 0 failures
machine # [  137.917634] thp-madv-remove-test[1557]:   All 4388 non-punched pages verified OK
machine # [  137.922706] thp-madv-remove-test[1557]:   Parent verification failures: 0
machine # [  137.924887] thp-madv-remove-test[1557]: Iteration 2 PASSED
machine # [  137.926820] thp-madv-remove-test[1557]: --- Iteration 3/1000 ---
machine # [  138.033229] thp-madv-remove-test[1592]: post-sleep failures: 0
machine # [  138.035201] thp-madv-remove-test[1557]:   Child: 517180 pages verified, 0 failures
machine # [  138.038939] thp-madv-remove-test[1557]:   All 4388 non-punched pages verified OK
machine # [  138.039954] thp-madv-remove-test[1557]:   Parent verification failures: 0
machine # [  138.045389] thp-madv-remove-test[1557]: Iteration 3 PASSED
machine # [  138.046927] thp-madv-remove-test[1557]: --- Iteration 4/1000 ---
machine # [  138.168448] thp-madv-remove-test[1609]: post-sleep failures: 0
machine # [  138.171597] thp-madv-remove-test[1557]:   Child: 744956 pages verified, 0 failures
machine # [  138.174743] thp-madv-remove-test[1557]:   All 4388 non-punched pages verified OK
machine # [  138.175663] thp-madv-remove-test[1557]:   Parent verification failures: 0
machine # [  138.180116] thp-madv-remove-test[1557]: Iteration 4 PASSED
machine # [  138.181902] thp-madv-remove-test[1557]: --- Iteration 5/1000 ---
machine # [  138.687813] thp-madv-remove-test[1626]: post-sleep failures: 0
machine # [  138.691624] thp-madv-remove-test[1557]:   Child: 836991 pages verified, 0 failures
machine # [  138.695590] thp-madv-remove-test[1557]:   All 4388 non-punched pages verified OK
machine # [  138.695883] thp-madv-remove-test[1557]:   Parent verification failures: 0
machine # [  138.702155] thp-madv-remove-test[1557]: Iteration 5 PASSED
machine # [  138.703910] thp-madv-remove-test[1557]: --- Iteration 6/1000 ---
machine # [  138.822842] thp-madv-remove-test[1643]: post-sleep failures: 0
machine # [  138.825069] thp-madv-remove-test[1557]:   Child: 709953 pages verified, 0 failures
machine # [  138.827339] thp-madv-remove-test[1557]:   All 4388 non-punched pages verified OK
machine # [  138.829566] thp-madv-remove-test[1557]:   Parent verification failures: 0
machine # [  138.831559] thp-madv-remove-test[1557]: Iteration 6 PASSED
machine # [  138.833459] thp-madv-remove-test[1557]: --- Iteration 7/1000 ---
machine # [  138.849376] thp-madv-remove-test[1660]: post-sleep failures: 0
machine # [  138.851148] thp-madv-remove-test[1557]:   Child: 201617 pages verified, 0 failures
machine # [  138.854198] thp-madv-remove-test[1557]:   All 4388 non-punched pages verified OK
machine # [  138.856980] thp-madv-remove-test[1557]:   Parent verification failures: 0
machine # [  138.857952] thp-madv-remove-test[1557]: Iteration 7 PASSED
machine # [  138.861213] thp-madv-remove-test[1557]: --- Iteration 8/1000 ---
machine # [  138.958375] thp-madv-remove-test[1677]: CORRUPTED: page 445 (huge page 0): expected bytes [bd, 01, 00, 00, 00, 00, 00, 00], got [b1, 01, 00, 00, 00, 00, 00, 00]
machine # [  138.964477] thp-madv-remove-test[1677]: CORRUPTED: page 444 (huge page 0): expected bytes [bc, 01, 00, 00, 00, 00, 00, 00], got [b0, 01, 00, 00, 00, 00, 00, 00]
machine # [  138.971537] thp-madv-remove-test[1677]: CORRUPTED: page 445 (huge page 0): expected bytes [bd, 01, 00, 00, 00, 00, 00, 00], got [b1, 01, 00, 00, 00, 00, 00, 00]
machine # [  138.975980] thp-madv-remove-test[1677]: CORRUPTED: page 444 (huge page 0): expected bytes [bc, 01, 00, 00, 00, 00, 00, 00], got [b0, 01, 00, 00, 00, 00, 00, 00]
machine # [  138.980340] thp-madv-remove-test[1677]: CORRUPTED: page 445 (huge page 0): expected bytes [bd, 01, 00, 00, 00, 00, 00, 00], got [b1, 01, 00, 00, 00, 00, 00, 00]
machine # [  138.984877] thp-madv-remove-test[1677]: CORRUPTED: page 444 (huge page 0): expected bytes [bc, 01, 00, 00, 00, 00, 00, 00], got [b0, 01, 00, 00, 00, 00, 00, 00]
machine # [  138.991251] thp-madv-remove-test[1677]: CORRUPTED: page 445 (huge page 0): expected bytes [bd, 01, 00, 00, 00, 00, 00, 00], got [b1, 01, 00, 00, 00, 00, 00, 00]
machine # [  138.995512] thp-madv-remove-test[1677]: CORRUPTED: page 444 (huge page 0): expected bytes [bc, 01, 00, 00, 00, 00, 00, 00], got [b0, 01, 00, 00, 00, 00, 00, 00]
machine # [  138.999780] thp-madv-remove-test[1677]: CORRUPTED: page 445 (huge page 0): expected bytes [bd, 01, 00, 00, 00, 00, 00, 00], got [b1, 01, 00, 00, 00, 00, 00, 00]
machine # [  139.003980] thp-madv-remove-test[1677]: CORRUPTED: page 444 (huge page 0): expected bytes [bc, 01, 00, 00, 00, 00, 00, 00], got [b0, 01, 00, 00, 00, 00, 00, 00]
machine # [  139.007954] thp-madv-remove-test[1677]: CORRUPTED: page 445 (huge page 0): expected bytes [bd, 01, 00, 00, 00, 00, 00, 00], got [b1, 01, 00, 00, 00, 00, 00, 00]
machine # [  139.012373] thp-madv-remove-test[1677]: CORRUPTED: page 444 (huge page 0): expected bytes [bc, 01, 00, 00, 00, 00, 00, 00], got [b0, 01, 00, 00, 00, 00, 00, 00]
machine # [  139.016532] thp-madv-remove-test[1677]: CORRUPTED: page 445 (huge page 0): expected bytes [bd, 01, 00, 00, 00, 00, 00, 00], got [b1, 01, 00, 00, 00, 00, 00, 00]
machine # [  139.020370] thp-madv-remove-test[1677]: CORRUPTED: page 444 (huge page 0): expected bytes [bc, 01, 00, 00, 00, 00, 00, 00], got [b0, 01, 00, 00, 00, 00, 00, 00]
machine # [  139.024473] thp-madv-remove-test[1677]: CORRUPTED: page 445 (huge page 0): expected bytes [bd, 01, 00, 00, 00, 00, 00, 00], got [b1, 01, 00, 00, 00, 00, 00, 00]
machine # [  139.028458] thp-madv-remove-test[1677]: CORRUPTED: page 444 (huge page 0): expected bytes [bc, 01, 00, 00, 00, 00, 00, 00], got [b0, 01, 00, 00, 00, 00, 00, 00]
machine # [  139.032601] thp-madv-remove-test[1677]: CORRUPTED: page 445 (huge page 0): expected bytes [bd, 01, 00, 00, 00, 00, 00, 00], got [b1, 01, 00, 00, 00, 00, 00, 00]
machine # [  139.036638] thp-madv-remove-test[1677]: CORRUPTED: page 444 (huge page 0): expected bytes [bc, 01, 00, 00, 00, 00, 00, 00], got [b0, 01, 00, 00, 00, 00, 00, 00]
machine # [  139.040839] thp-madv-remove-test[1677]: CORRUPTED: page 445 (huge page 0): expected bytes [bd, 01, 00, 00, 00, 00, 00, 00], got [b1, 01, 00, 00, 00, 00, 00, 00]
machine # [  139.044563] thp-madv-remove-test[1677]: CORRUPTED: page 444 (huge page 0): expected bytes [bc, 01, 00, 00, 00, 00, 00, 00], got [b0, 01, 00, 00, 00, 00, 00, 00]
machine # [  139.048194] thp-madv-remove-test[1677]: CORRUPTED: page 445 (huge page 0): expected bytes [bd, 01, 00, 00, 00, 00, 00, 00], got [b1, 01, 00, 00, 00, 00, 00, 00]
machine # [  139.050350] thp-madv-remove-test[1677]: CORRUPTED: page 444 (huge page 0): expected bytes [bc, 01, 00, 00, 00, 00, 00, 00], got [b0, 01, 00, 00, 00, 00, 00, 00]
machine # [  139.052508] thp-madv-remove-test[1677]: CORRUPTED: page 445 (huge page 0): expected bytes [bd, 01, 00, 00, 00, 00, 00, 00], got [b1, 01, 00, 00, 00, 00, 00, 00]
machine # [  139.059689] thp-madv-remove-test[1677]: CORRUPTED: page 444 (huge page 0): expected bytes [bc, 01, 00, 00, 00, 00, 00, 00], got [b0, 01, 00, 00, 00, 00, 00, 00]
machine # [  139.063361] thp-madv-remove-test[1677]: CORRUPTED: page 445 (huge page 0): expected bytes [bd, 01, 00, 00, 00, 00, 00, 00], got [b1, 01, 00, 00, 00, 00, 00, 00]
machine # [  139.067060] thp-madv-remove-test[1677]: post-sleep failures: 2
machine # [  139.068760] systemd[1]: thp-madv-remove-test.service: Main process exited, code=exited, status=1/FAILURE
machine # Finished with result: exit-code
machine # Main processes terminated with: code=exited/status=1
machine # [  139.072798] thp-madv-remove-test[1557]:   Child: 105180 pages verified, 23 failures
machine # Service runtime: 1.781s
machine # [  139.076402] thp-madv-remove-test[1557]:   All 4388 non-punched pages verified OK
machine # CPU time consumed: 3.269s
machine # [  139.079374] thp-madv-remove-test[1557]:   Parent verification failures: 0
machine # Memory peak: 1.2M
machine # [  139.081606] thp-madv-remove-test[1557]: FAILED on iteration 8: 23 pages corrupted by cross-process MADV_REMOVE!
machine # Memory swap peak: 0B
machine # IP traffic received: 0B
machine # [  139.085561] systemd[1]: thp-madv-remove-test.service: Failed with result 'exit-code'.
machine # IP traffic sent: 0B
machine # IO bytes read: 0B
machine # IO bytes written: 0B
machine # [  139.089963] systemd[1]: thp-madv-remove-test.service: Consumed 3.269s CPU time, 1.2M memory peak, 0B memory swap peak, no IO, no IP traffic.
machine: output: 
cleanup
kill machine (pid 8)
qemu-kvm: terminating on signal 15 from pid 5 (/nix/store/s0p1kr5mvs0j42dq5r08kgqbi0k028f2-python3-3.11.10/bin/python3.11)
(finished: cleanup, in 0.05 seconds)
Traceback (most recent call last):
  File "/nix/store/8yfj4a23fn2c3q4qwy1gza80yxksl90v-nixos-test-driver-1.1/bin/.nixos-test-driver-wrapped", line 9, in <module>
    sys.exit(main())
             ^^^^^^
  File "/nix/store/8yfj4a23fn2c3q4qwy1gza80yxksl90v-nixos-test-driver-1.1/lib/python3.11/site-packages/test_driver/__init__.py", line 146, in main
    driver.run_tests()
  File "/nix/store/8yfj4a23fn2c3q4qwy1gza80yxksl90v-nixos-test-driver-1.1/lib/python3.11/site-packages/test_driver/driver.py", line 167, in run_tests
    self.test_script()
  File "/nix/store/8yfj4a23fn2c3q4qwy1gza80yxksl90v-nixos-test-driver-1.1/lib/python3.11/site-packages/test_driver/driver.py", line 159, in test_script
    exec(self.tests, symbols, None)
  File "<string>", line 3, in <module>
  File "/nix/store/8yfj4a23fn2c3q4qwy1gza80yxksl90v-nixos-test-driver-1.1/lib/python3.11/site-packages/test_driver/machine.py", line 611, in succeed
    raise Exception(f"command `{command}` failed (exit code {status})")
Exception: command `systemd-run --service-type=exec --wait -u thp-madv-remove-test thp-madv-remove-test` failed (exit code 1)
kill vlan (pid 6)
